/users/home/gustiani/VeriPulse/.venv/lib/python3.14/site-packages/qutip/core/data/expm.py:146: LinAlgWarning: Matrix is singular. The result might be inaccurate or the array might not have a square root.
  return Dense(scipy.linalg.sqrtm(matrix.as_ndarray()))
Secret Independence =  0.49165410900336265
fidelity error =  0.12168540342418926
Secret Independence =  0.2360608247301988
fidelity error =  0.11722093769626525
Secret Independence =  0.337782574533829
fidelity error =  0.16795147157069296
Secret Independence =  0.02273574944525776
fidelity error =  0.11864993945658134
Secret Independence =  0.02511507729547402
fidelity error =  0.1155475838884082
Secret Independence =  0.003876072571144708
fidelity error =  0.11671909356097732
Secret Independence =  0.0006488404195570032
fidelity error =  0.11523740348594631
Secret Independence =  7.373389933379521e-05
fidelity error =  0.11433489811177922
Secret Independence =  9.106950332012645e-06
fidelity error =  0.11403980908446962
Secret Independence =  7.100843519019703e-06
fidelity error =  0.11407774056624523
Secret Independence =  6.824730315854112e-06
fidelity error =  0.11408312052219016
Secret Independence =  6.812970428791776e-06
fidelity error =  0.11408274087605641
Secret Independence =  6.812565517952232e-06
fidelity error =  0.11408291328363436
Secret Independence =  6.812183347088862e-06
fidelity error =  0.11408302768059356
Secret Independence =  6.811457712437601e-06
fidelity error =  0.11408280020425236
Secret Independence =  6.809052428899496e-06
fidelity error =  0.11408137453494818
Secret Independence =  6.803001020963536e-06
fidelity error =  0.11407666595743501
Secret Independence =  6.787716062019541e-06
fidelity error =  0.11406316369813602
Secret Independence =  6.747304579645642e-06
fidelity error =  0.11402471983454177
Secret Independence =  6.645315704966352e-06
fidelity error =  0.1139226090562705
Secret Independence =  6.426882992499757e-06
fidelity error =  0.1136773993840009
Secret Independence =  6.240508911947158e-06
fidelity error =  0.11365294997693355
Secret Independence =  5.718714719874962e-06
fidelity error =  0.1134994264013133
Secret Independence =  5.664178299484309e-06
fidelity error =  0.11347454580160483
Secret Independence =  5.5744298425319265e-06
fidelity error =  0.1134181807062249
Secret Independence =  5.4102934401076575e-06
fidelity error =  0.11324717218164561
Secret Independence =  5.239601655573338e-06
fidelity error =  0.11315762040162256
Secret Independence =  4.961163281361356e-06
fidelity error =  0.11246675205229675
Secret Independence =  4.755697029911453e-06
fidelity error =  0.112794861547295
Secret Independence =  4.577268563951216e-06
fidelity error =  0.112272247809124
Secret Independence =  4.439825473834901e-06
fidelity error =  0.11255241821961035
Secret Independence =  3.46382753744782e-06
fidelity error =  0.11211059553988442
Secret Independence =  3.355171905159813e-06
fidelity error =  0.1120447002397772
Secret Independence =  4.004130544477528e-06
fidelity error =  0.11147024324156395
Secret Independence =  2.8337504598626207e-06
fidelity error =  0.11179332317497848
Secret Independence =  2.6804406231326067e-06
fidelity error =  0.11150659140480114
Secret Independence =  2.4148090487972684e-06
fidelity error =  0.11155614641648373
Secret Independence =  2.298176657396569e-06
fidelity error =  0.11155878539795583
Secret Independence =  2.24455799794694e-06
fidelity error =  0.11152983521472976
Secret Independence =  2.0707200256980505e-06
fidelity error =  0.111384500121147
Secret Independence =  1.9591969894578685e-06
fidelity error =  0.11134030069347704
Secret Independence =  2.1841791978158744e-06
fidelity error =  0.11094570522905296
Secret Independence =  1.7122149791343188e-06
fidelity error =  0.11115760217863725
Secret Independence =  1.810966480515949e-06
fidelity error =  0.11091761387706524
Secret Independence =  1.6323660922585346e-06
fidelity error =  0.11105406719012383
Secret Independence =  1.4575541868277025e-06
fidelity error =  0.11098680947129333
Secret Independence =  1.2976089897181768e-06
fidelity error =  0.11090174733156882
Secret Independence =  1.1792181724744942e-06
fidelity error =  0.1106911732769519
Secret Independence =  1.0014270369492725e-06
fidelity error =  0.11069916509999816
Secret Independence =  9.63554268362365e-07
fidelity error =  0.11068760937313762
Secret Independence =  9.491106401097111e-07
fidelity error =  0.11067561684645001
Secret Independence =  8.952186523612931e-07
fidelity error =  0.11060389292411574
Secret Independence =  8.701736194606285e-07
fidelity error =  0.11059385156154863
Secret Independence =  7.834467799836298e-07
fidelity error =  0.1105234798986852
Secret Independence =  7.758086884417049e-07
fidelity error =  0.11051862837684799
Secret Independence =  7.669631272754654e-07
fidelity error =  0.11050830898548265
Secret Independence =  7.481109698335757e-07
fidelity error =  0.11047893956304206
Secret Independence =  7.145932616875016e-07
fidelity error =  0.11040547664559824
Secret Independence =  6.772057030347001e-07
fidelity error =  0.11035694608630456
Secret Independence =  6.255710426553033e-07
fidelity error =  0.11028319128746766
Secret Independence =  6.061133952220681e-07
fidelity error =  0.11027852801215227
Secret Independence =  5.936208119266597e-07
fidelity error =  0.1102753941148355
Secret Independence =  5.902774187295005e-07
fidelity error =  0.1102698907335887
Secret Independence =  5.867125924649076e-07
fidelity error =  0.110261699748194
Secret Independence =  5.735688910488426e-07
fidelity error =  0.11022389078660351
Secret Independence =  6.785772781322754e-07
fidelity error =  0.11012362191178413
Secret Independence =  5.652640094185655e-07
fidelity error =  0.1101974408595763
Secret Independence =  5.627582713844009e-07
fidelity error =  0.11016754814910154
Secret Independence =  5.593304481886037e-07
fidelity error =  0.11018161428874282
Secret Independence =  5.580313514741788e-07
fidelity error =  0.11017660707605838
Secret Independence =  5.565534858565181e-07
fidelity error =  0.11016646943880865
Secret Independence =  5.546961216673309e-07
fidelity error =  0.1101482365836888
Secret Independence =  5.55318967744801e-07
fidelity error =  0.11013350197331362
Secret Independence =  5.538150541627907e-07
fidelity error =  0.1101417700331159
Secret Independence =  5.527947152992896e-07
fidelity error =  0.11013803512643539
Secret Independence =  5.524492943323064e-07
fidelity error =  0.11012857957006975
Secret Independence =  5.52339733902642e-07
fidelity error =  0.11012479182829298
Secret Independence =  5.522373728433494e-07
fidelity error =  0.11012172554296563
Secret Independence =  5.520287204319597e-07
fidelity error =  0.11011502028329477
Secret Independence =  5.516914659150412e-07
fidelity error =  0.11011194685373646
Secret Independence =  5.482228093074773e-07
fidelity error =  0.11006736718654189
Secret Independence =  5.426152440119581e-07
fidelity error =  0.1100099859863659
Secret Independence =  5.248552434919072e-07
fidelity error =  0.10983133090555451
Secret Independence =  6.29614108851639e-07
fidelity error =  0.10954161658959179
Secret Independence =  5.188800245824357e-07
fidelity error =  0.10977665771029564
Secret Independence =  9.300959532393569e-07
fidelity error =  0.10917109030006224
Secret Independence =  5.18698243701233e-07
fidelity error =  0.10975481496145434
Secret Independence =  8.576532351842766e-07
fidelity error =  0.10920421805076194
Secret Independence =  5.187045754784364e-07
fidelity error =  0.10975323000326451
Saved → /users/home/gustiani/VeriPulse/data/GRAPE_AVG_p100_det0.00_err0.00-lam400.0-0.json
