/users/home/gustiani/VeriPulse/.venv/lib/python3.14/site-packages/qutip/core/data/expm.py:146: LinAlgWarning: Matrix is singular. The result might be inaccurate or the array might not have a square root.
  return Dense(scipy.linalg.sqrtm(matrix.as_ndarray()))
Secret Independence =  0.49734201464936945
fidelity error =  0.11866973415927057
Secret Independence =  0.43232843657262643
fidelity error =  0.08536745251342409
Secret Independence =  0.47315796811378125
fidelity error =  0.11356916353877192
Secret Independence =  0.14238446494005916
fidelity error =  0.045389620645032026
Secret Independence =  0.11272678850336308
fidelity error =  0.04156059504455091
Secret Independence =  0.3608974643777273
fidelity error =  0.07344939903037302
Secret Independence =  0.09395819165423613
fidelity error =  0.038318872126364714
Secret Independence =  0.005470463245481131
fidelity error =  0.024533195453752817
Secret Independence =  0.00038458397581599894
fidelity error =  0.02294407025339281
Secret Independence =  5.1290453897151464e-05
fidelity error =  0.02287242078936881
Secret Independence =  9.923233809826026e-06
fidelity error =  0.02280787993635029
Secret Independence =  4.570733171065082e-06
fidelity error =  0.02277075797282439
Secret Independence =  4.428243184766804e-06
fidelity error =  0.022770728913304693
Secret Independence =  4.406592323353307e-06
fidelity error =  0.02277091989043054
Secret Independence =  4.40585782496129e-06
fidelity error =  0.022771210371345565
Secret Independence =  4.405691580166271e-06
fidelity error =  0.022771601533183722
Secret Independence =  4.4047668470435945e-06
fidelity error =  0.02277452996924307
Secret Independence =  4.403095331045236e-06
fidelity error =  0.022780650241302738
Secret Independence =  4.397777107299104e-06
fidelity error =  0.022801734586422723
Secret Independence =  4.3847447947871225e-06
fidelity error =  0.022855972984955213
Secret Independence =  4.350185793307535e-06
fidelity error =  0.023007359181034335
Secret Independence =  4.262925878311553e-06
fidelity error =  0.02337996491745433
Secret Independence =  3.9879807953812085e-06
fidelity error =  0.02465881617798958
Secret Independence =  3.930988686137326e-06
fidelity error =  0.02759792982867877
Secret Independence =  3.7649920863108482e-06
fidelity error =  0.025658946147464876
Secret Independence =  5.6584471057563276e-06
fidelity error =  0.029669426336490737
Secret Independence =  3.5937885929064908e-06
fidelity error =  0.026614723417751104
Secret Independence =  3.2818727283686576e-06
fidelity error =  0.028606634427368452
Secret Independence =  2.254912206503616e-06
fidelity error =  0.02915639045897088
Secret Independence =  1.957716962430695e-06
fidelity error =  0.02937190571814192
Secret Independence =  1.8885740578835695e-06
fidelity error =  0.02960992212915202
Secret Independence =  1.8467391917851233e-06
fidelity error =  0.029767860806197734
Secret Independence =  1.7297058310306298e-06
fidelity error =  0.03081079331768096
Secret Independence =  1.6193894117125694e-06
fidelity error =  0.030994821870989047
Secret Independence =  1.332950243600683e-06
fidelity error =  0.03210841642283607
Secret Independence =  1.0109597574405983e-06
fidelity error =  0.035065664793137975
Secret Independence =  8.317629048413575e-07
fidelity error =  0.035041819512324796
Secret Independence =  7.411328848017902e-07
fidelity error =  0.03512497120105869
Secret Independence =  7.216167036505839e-07
fidelity error =  0.03519951229165011
Secret Independence =  6.975839825217751e-07
fidelity error =  0.03538193079929909
Secret Independence =  6.547541123304458e-07
fidelity error =  0.035886299200057974
Secret Independence =  5.981458408644519e-07
fidelity error =  0.036436266492998914
Secret Independence =  5.406706828222023e-07
fidelity error =  0.036804919542014376
Secret Independence =  5.324377492139639e-07
fidelity error =  0.036827129179427646
Secret Independence =  5.293215088577079e-07
fidelity error =  0.036857635104479744
Secret Independence =  5.107406497424336e-07
fidelity error =  0.03711527022635595
Secret Independence =  5.041473381733069e-07
fidelity error =  0.037615469382085515
Secret Independence =  4.742346246432739e-07
fidelity error =  0.037641210675509094
Secret Independence =  4.311958483010317e-07
fidelity error =  0.03814820155539177
Secret Independence =  4.2749218756906084e-07
fidelity error =  0.03818061992858516
Secret Independence =  4.2359358979204663e-07
fidelity error =  0.03824867592964512
Secret Independence =  4.129880013661991e-07
fidelity error =  0.0384905297557165
Secret Independence =  4.0838154880622037e-07
fidelity error =  0.03852096684440966
Secret Independence =  4.0381523087515744e-07
fidelity error =  0.038599488902680806
Secret Independence =  3.9831946100495275e-07
fidelity error =  0.03873704977164582
Secret Independence =  3.7462893732611745e-07
fidelity error =  0.03938839624257174
Secret Independence =  3.736800950910299e-07
fidelity error =  0.04052317097823312
Secret Independence =  3.6236167732491074e-07
fidelity error =  0.03990748893964924
Secret Independence =  3.488017268057658e-07
fidelity error =  0.040230711618678375
Secret Independence =  3.399797268269029e-07
fidelity error =  0.04080227960196343
Secret Independence =  3.454365258980734e-07
fidelity error =  0.04092374332832447
Secret Independence =  3.3752510468460406e-07
fidelity error =  0.040843805163002594
Secret Independence =  3.366800090752391e-07
fidelity error =  0.040894214449992444
Secret Independence =  3.3652572134280355e-07
fidelity error =  0.04091404660001245
Secret Independence =  3.36224541575265e-07
fidelity error =  0.04096079191070011
Secret Independence =  3.3590773650097297e-07
fidelity error =  0.04100693429530421
Secret Independence =  3.3524694570520747e-07
fidelity error =  0.04111200128738893
Secret Independence =  3.349077069986225e-07
fidelity error =  0.04112517969576797
Secret Independence =  3.339164517706997e-07
fidelity error =  0.041141501891082184
Secret Independence =  3.316507101976761e-07
fidelity error =  0.04116097307541968
Secret Independence =  3.2564251845858075e-07
fidelity error =  0.041191195574478257
Secret Independence =  3.1245667142153847e-07
fidelity error =  0.041180225900184726
Secret Independence =  2.761786635816354e-07
fidelity error =  0.04101810467648472
Secret Independence =  2.3837398037058562e-07
fidelity error =  0.04092405950568051
Secret Independence =  5.026093073842849e-07
fidelity error =  0.040370687228827445
Secret Independence =  1.6846727928521005e-07
fidelity error =  0.04071706888365047
Secret Independence =  1.5486583685118144e-07
fidelity error =  0.04046616405381143
Secret Independence =  1.3734074842877856e-07
fidelity error =  0.04058729281176757
Secret Independence =  1.0598502287223691e-07
fidelity error =  0.04056240810254932
Secret Independence =  1.0155686596497712e-07
fidelity error =  0.04057872610022196
Secret Independence =  9.454212844579181e-08
fidelity error =  0.0406120050607445
Secret Independence =  8.223938214307041e-08
fidelity error =  0.040675848876166494
Secret Independence =  7.35027652308551e-08
fidelity error =  0.04075276149417646
Secret Independence =  6.795933622051545e-08
fidelity error =  0.04083867751181029
Secret Independence =  6.688880239714866e-08
fidelity error =  0.04087202386285237
Secret Independence =  6.5073184139204e-08
fidelity error =  0.04086587431104431
Secret Independence =  6.495346231375294e-08
fidelity error =  0.04086757371667369
Secret Independence =  6.475628381139165e-08
fidelity error =  0.04088075819836219
Secret Independence =  6.391503938901307e-08
fidelity error =  0.040947853387758075
Secret Independence =  6.259546361877737e-08
fidelity error =  0.04107100787617328
Secret Independence =  6.142308316294421e-08
fidelity error =  0.041269141007622495
Secret Independence =  6.010837701798875e-08
fidelity error =  0.041329708961139126
Secret Independence =  5.942063344639309e-08
fidelity error =  0.04137476964268055
Secret Independence =  5.854585157023276e-08
fidelity error =  0.041466657438222594
Secret Independence =  5.846059551958409e-08
fidelity error =  0.04147503595987058
Secret Independence =  5.8378041821005344e-08
fidelity error =  0.04148385489308097
Secret Independence =  5.838739792232605e-08
fidelity error =  0.0414795016639539
Secret Independence =  5.840290959942286e-08
fidelity error =  0.04147177714092555
Secret Independence =  5.838477854793294e-08
fidelity error =  0.04147303186019638
Secret Independence =  5.8344319058458034e-08
fidelity error =  0.04147269495281361
Secret Independence =  5.8250289529551405e-08
fidelity error =  0.04146947277594146
Secret Independence =  5.8042645713789644e-08
fidelity error =  0.04145224183754432
Secret Independence =  5.746756646637905e-08
fidelity error =  0.04140765275138603
Secret Independence =  5.61108255797217e-08
fidelity error =  0.04127352394439619
Secret Independence =  5.3477577518584055e-08
fidelity error =  0.04095553982496296
Secret Independence =  5.286222830857358e-08
fidelity error =  0.04073493848402873
Secret Independence =  4.645920834357289e-08
fidelity error =  0.040628571038088895
Secret Independence =  3.968257210362079e-08
fidelity error =  0.04057933115222825
Secret Independence =  3.4565680146324065e-08
fidelity error =  0.040687468491125464
Secret Independence =  3.0537939534086886e-08
fidelity error =  0.04059987611399532
Secret Independence =  2.2295427858953443e-08
fidelity error =  0.04052044386912869
Secret Independence =  1.0779496967061512e-08
fidelity error =  0.04036063788096171
Secret Independence =  7.961605865404928e-09
fidelity error =  0.04014545294319115
Secret Independence =  5.7690652013972374e-09
fidelity error =  0.040166824202884636
Secret Independence =  5.076126570950778e-09
fidelity error =  0.04016029538142905
Secret Independence =  4.9694301603934734e-09
fidelity error =  0.04015491004833371
Secret Independence =  4.818025763231899e-09
fidelity error =  0.040108210543172367
Secret Independence =  5.2212964900469256e-09
fidelity error =  0.039932973495094906
Secret Independence =  5.025200923015665e-09
fidelity error =  0.03993485688458728
Secret Independence =  4.964806647687132e-09
fidelity error =  0.03992328945582825
Secret Independence =  4.962642789356247e-09
fidelity error =  0.039920923941469275
Secret Independence =  4.96722153946815e-09
fidelity error =  0.03991794886520093
Secret Independence =  5.0715811960579e-09
fidelity error =  0.039890123559314566
Secret Independence =  5.3640999490742506e-09
fidelity error =  0.039825615848599547
Secret Independence =  5.297731534360779e-09
fidelity error =  0.03983237875003868
Secret Independence =  5.29568397698652e-09
fidelity error =  0.039832178003402455
Saved → /users/home/gustiani/VeriPulse/data/GRAPE_AVG_p70_det0.00_err0.00-lam400.0-0.json
