/users/home/gustiani/VeriPulse/.venv/lib/python3.14/site-packages/qutip/core/data/expm.py:146: LinAlgWarning: Matrix is singular. The result might be inaccurate or the array might not have a square root.
  return Dense(scipy.linalg.sqrtm(matrix.as_ndarray()))
/users/home/gustiani/VeriPulse/src/veripulse/sdp.py:114: UserWarning: Solution may be inaccurate. Try another solver, adjusting the solver settings, or solve with verbose=True for more information.
  prob.solve(solver=solver, canon_backend="SCIPY", **solver_opts)
Secret Independence =  0.49568123311485446
fidelity error =  0.13189600088413792
Secret Independence =  0.4956649197458158
fidelity error =  0.13190709353503924
Secret Independence =  0.4956485100956682
fidelity error =  0.13191820393744155
Secret Independence =  0.4955823905292548
fidelity error =  0.1319626371783355
Secret Independence =  0.49531022202650477
fidelity error =  0.13214023519817367
Secret Independence =  0.49482064463538117
fidelity error =  0.13244087619654596
Secret Independence =  0.49479926140493014
fidelity error =  0.1324528263405534
Secret Independence =  0.49471308982860257
fidelity error =  0.13250061654261247
Secret Independence =  0.49456495184188
fidelity error =  0.1325814447325699
Secret Independence =  0.4945420555393567
fidelity error =  0.13259356573619602
Secret Independence =  0.49450082958515684
fidelity error =  0.13261529635716074
Secret Independence =  0.49447757002142306
fidelity error =  0.13262747521930351
Secret Independence =  0.49438383373426814
fidelity error =  0.13267617963779998
Secret Independence =  0.4939977296462288
fidelity error =  0.13287081924361602
Secret Independence =  0.4936688962151692
fidelity error =  0.13302969769640838
Secret Independence =  0.49364062196076297
fidelity error =  0.13304253190849663
Secret Independence =  0.49352666665980977
fidelity error =  0.13309385588322042
Secret Independence =  0.4932334491466431
fidelity error =  0.133223084590275
Secret Independence =  0.4932025279598056
fidelity error =  0.13323618789569636
Secret Independence =  0.49307789963225424
fidelity error =  0.13328858714237085
Secret Independence =  0.49256430503353366
fidelity error =  0.13349795829093525
Secret Independence =  0.49165369115568747
fidelity error =  0.13384650682750118
Secret Independence =  0.49161311677772845
fidelity error =  0.13386054689794474
Secret Independence =  0.4914495678049353
fidelity error =  0.133916689066831
Secret Independence =  0.4907753754056695
fidelity error =  0.13414096482514343
Secret Independence =  0.49052551042165465
fidelity error =  0.13422137623619695
Secret Independence =  0.4904779518008828
fidelity error =  0.13423593722516158
Secret Independence =  0.4902862418679942
fidelity error =  0.1342941603916067
Secret Independence =  0.48949583137066577
fidelity error =  0.13452671667926536
Secret Independence =  0.48928517590735543
fidelity error =  0.13458680362611863
Secret Independence =  0.48922998468371454
fidelity error =  0.13460187991751438
Secret Independence =  0.4890075031154272
fidelity error =  0.13466216181773366
Secret Independence =  0.4889660248462723
fidelity error =  0.13467331477738387
Secret Independence =  0.48890892502068906
fidelity error =  0.13468850851166872
Secret Independence =  0.48867875158751634
fidelity error =  0.13474925977495472
Secret Independence =  0.4877297233497
fidelity error =  0.13499188143471502
Secret Independence =  0.4866351710991612
fidelity error =  0.13525767134151262
Secret Independence =  0.4865636646190854
fidelity error =  0.13527365883084747
Secret Independence =  0.4862754137514583
fidelity error =  0.13533758142614677
Secret Independence =  0.4850868910727918
fidelity error =  0.1355928280021496
Secret Independence =  0.48466551025652127
fidelity error =  0.1356803482302215
Secret Independence =  0.48458186589271546
fidelity error =  0.13569689747519126
Secret Independence =  0.48424468914952795
fidelity error =  0.1357630639889218
Secret Independence =  0.48285450191286516
fidelity error =  0.13602723537954622
Secret Independence =  0.48197086748531703
fidelity error =  0.13618855059174806
Secret Independence =  0.48187047180304554
fidelity error =  0.13620572659916408
Secret Independence =  0.4814657746942128
fidelity error =  0.13627439571520705
Secret Independence =  0.4797973117567408
fidelity error =  0.13654850464734347
Secret Independence =  0.4797281272847845
fidelity error =  0.1365595774123224
Secret Independence =  0.4796139582234581
fidelity error =  0.1365772416771482
Secret Independence =  0.4791537561493614
fidelity error =  0.13664786198768994
Secret Independence =  0.47725673474576447
fidelity error =  0.13692974481434336
Secret Independence =  0.47612382957740507
fidelity error =  0.13709160860200179
Secret Independence =  0.4759876666393026
fidelity error =  0.1371099102259763
Secret Independence =  0.47543884977159406
fidelity error =  0.13718307276033526
Secret Independence =  0.4737444254526726
fidelity error =  0.13740316784102563
Secret Independence =  0.47359391290126274
fidelity error =  0.13742186379799426
Secret Independence =  0.4734067976074637
fidelity error =  0.13744502131964226
Secret Independence =  0.4732542537097621
fidelity error =  0.13746372707341542
Secret Independence =  0.4726394481639784
fidelity error =  0.13753850443587856
Secret Independence =  0.4701065042646994
fidelity error =  0.13783686861244915
Secret Independence =  0.4697706906943175
fidelity error =  0.13787532818649295
Secret Independence =  0.4695962590332004
fidelity error =  0.13789457626659335
Secret Independence =  0.4688932946449602
fidelity error =  0.137971519724831
Secret Independence =  0.46599810009173126
fidelity error =  0.13827849424343544
Secret Independence =  0.4654413509920545
fidelity error =  0.13833581891582533
Secret Independence =  0.4652413973853802
fidelity error =  0.13835554547553433
Secret Independence =  0.4646398375765192
fidelity error =  0.13841451067837718
Secret Independence =  0.46443517797436223
fidelity error =  0.13843426926452643
Secret Independence =  0.4636105084452665
fidelity error =  0.13851324522980574
Secret Independence =  0.46021597908955225
fidelity error =  0.13882819380634093
Secret Independence =  0.4594830371497137
fidelity error =  0.13889420170388028
Secret Independence =  0.4592484798365769
fidelity error =  0.13891449029961755
Secret Independence =  0.458876591290768
fidelity error =  0.1389465257174582
Secret Independence =  0.4586388595531292
fidelity error =  0.1389669157721734
Secret Independence =  0.45768108364334614
fidelity error =  0.1390484176997308
Secret Independence =  0.45440632413035986
fidelity error =  0.13931969134317745
Secret Independence =  0.4541434273690619
fidelity error =  0.13934045121478977
Secret Independence =  0.45392561154288935
fidelity error =  0.1393576020499607
Secret Independence =  0.453660017491149
fidelity error =  0.13937836963660624
Secret Independence =  0.45259014922362695
fidelity error =  0.1394613753190954
Secret Independence =  0.44819189505808765
fidelity error =  0.13979233376891428
Secret Independence =  0.44750045185712833
fidelity error =  0.1398429554296453
Secret Independence =  0.44719951413047276
fidelity error =  0.13986416273514818
Secret Independence =  0.44598751302858275
fidelity error =  0.13994891879724972
Secret Independence =  0.4452491920484858
fidelity error =  0.14000004738711708
Secret Independence =  0.444935968398016
fidelity error =  0.14002131286525216
Secret Independence =  0.4436745662807009
fidelity error =  0.1401062999539884
Secret Independence =  0.43849436576381895
fidelity error =  0.14044501455949984
Secret Independence =  0.4382106034927419
fidelity error =  0.1404631181824265
Secret Independence =  0.43786022788716167
fidelity error =  0.1404847630435303
Secret Independence =  0.43644951718756947
fidelity error =  0.14057126332835573
Secret Independence =  0.43596202118850597
fidelity error =  0.1406009181536079
Secret Independence =  0.4355998748479994
fidelity error =  0.14062261460519476
Secret Independence =  0.4341418699673276
fidelity error =  0.1407093194661089
Secret Independence =  0.43082386584413457
fidelity error =  0.14090293536237983
Secret Independence =  0.43043523498346414
fidelity error =  0.14092477071925624
Secret Independence =  0.4288708423217686
fidelity error =  0.1410120277746627
Secret Independence =  0.4280620548316436
fidelity error =  0.14105674625228187
Secret Independence =  0.4276595013992559
fidelity error =  0.1410786006972959
Secret Independence =  0.4260392002743787
fidelity error =  0.1411659331689199
Secret Independence =  0.4216252017960182
fidelity error =  0.1413989253520834
Secret Independence =  0.42119156630727983
fidelity error =  0.14142103281995444
Secret Independence =  0.4194465254096782
fidelity error =  0.14150937965270532
Secret Independence =  0.4155857955714989
fidelity error =  0.14170145249984456
Secret Independence =  0.4151242024994903
fidelity error =  0.14172372818808388
Secret Independence =  0.41326703739502335
fidelity error =  0.14181273977071326
Secret Independence =  0.41092497410259077
fidelity error =  0.14192363264381097
Secret Independence =  0.4104425473737603
fidelity error =  0.14194605135059968
Secret Independence =  0.40850186038984154
fidelity error =  0.1420356345459905
Secret Independence =  0.4052871942473198
fidelity error =  0.14218197061466709
Secret Independence =  0.4047806034090067
fidelity error =  0.14220439484433167
Secret Independence =  0.4027431135024251
fidelity error =  0.14229398590833464
Secret Independence =  0.39441918139621124
fidelity error =  0.14265058831564986
Secret Independence =  0.3878885249915741
fidelity error =  0.14292063054845203
Secret Independence =  0.38731039393433053
fidelity error =  0.14294302785991414
Secret Independence =  0.3867304066560527
fidelity error =  0.14296535032179336
Secret Independence =  0.3843990819373372
fidelity error =  0.14305451549560022
Secret Independence =  0.38308391903579275
fidelity error =  0.14310442588619166
Secret Independence =  0.3824889784949783
fidelity error =  0.14312686317359627
Secret Independence =  0.38189248252641234
fidelity error =  0.14314933463478335
Secret Independence =  0.37995562709383734
fidelity error =  0.14322193165531588
Secret Independence =  0.37935053494711146
fidelity error =  0.14324424622273013
Secret Independence =  0.37691893344344723
fidelity error =  0.14333338618129152
Secret Independence =  0.3694241779363587
fidelity error =  0.14360299633504842
Secret Independence =  0.3687811897126363
fidelity error =  0.1436252728043651
Secret Independence =  0.3661981904021516
fidelity error =  0.14371425472672694
Secret Independence =  0.3655957105360417
fidelity error =  0.1437348945983805
Secret Independence =  0.36494054131738984
fidelity error =  0.1437572614642923
Secret Independence =  0.36230895422982334
fidelity error =  0.14384660550993006
Secret Independence =  0.35864850848601626
fidelity error =  0.14396959282529753
Secret Independence =  0.3579729610106761
fidelity error =  0.14399188245205136
Secret Independence =  0.35729530698359663
fidelity error =  0.14401417847206513
Secret Independence =  0.3565268001345794
fidelity error =  0.14403940480404173
Secret Independence =  0.3558451497134551
fidelity error =  0.1440618364422725
Secret Independence =  0.35310806708597675
fidelity error =  0.144151425448126
Secret Independence =  0.3510002381427768
fidelity error =  0.1442199013653968
Secret Independence =  0.35030297396378507
fidelity error =  0.1442423530892586
Secret Independence =  0.34887686519480055
fidelity error =  0.14428812847838993
Secret Independence =  0.3481744356707955
fidelity error =  0.1443103605202357
Secret Independence =  0.3473116952725403
fidelity error =  0.14433760323609757
Secret Independence =  0.34660609113323354
fidelity error =  0.14435988907608494
Secret Independence =  0.34377372464859723
fidelity error =  0.14444889412553108
Secret Independence =  0.33229291892787494
fidelity error =  0.14480259145628405
Secret Independence =  0.3279056234924066
fidelity error =  0.1449349219162504
Secret Independence =  0.32715082118218397
fidelity error =  0.14495685889726143
Secret Independence =  0.3263947996978298
fidelity error =  0.14497892819312674
Secret Independence =  0.3233620979157731
fidelity error =  0.1450670534238895
Secret Independence =  0.3184535133387799
fidelity error =  0.14520835289223394
Secret Independence =  0.31767989098009575
fidelity error =  0.1452304424616304
Secret Independence =  0.3145775156460103
fidelity error =  0.14531865227244087
Secret Independence =  0.30205134712576487
fidelity error =  0.14566898382068882
Secret Independence =  0.2998788311230549
fidelity error =  0.14572883723646324
Secret Independence =  0.29907245010379946
fidelity error =  0.14575087747864574
Secret Independence =  0.297396295196
fidelity error =  0.14579658722558708
Secret Independence =  0.2965861075056133
fidelity error =  0.1458185917637646
Secret Independence =  0.29333942985768446
fidelity error =  0.14590645363834565
Secret Independence =  0.2848097573153032
fidelity error =  0.14613493722652693
Secret Independence =  0.2839841186217056
fidelity error =  0.14615685194050343
Secret Independence =  0.2831576350715998
fidelity error =  0.1461787007413898
Secret Independence =  0.2798471886307987
fidelity error =  0.1462659356540119
Secret Independence =  0.2696493831118016
fidelity error =  0.14653194064247826
Secret Independence =  0.2688113077488384
fidelity error =  0.1465535352998885
Secret Independence =  0.26797489431217475
fidelity error =  0.14657498666313504
Secret Independence =  0.2670675049525918
fidelity error =  0.14659822988663007
Secret Independence =  0.26623001598634854
fidelity error =  0.1466195494273731
Secret Independence =  0.26287748053578786
fidelity error =  0.14670464725828536
Secret Independence =  0.26246599856318004
fidelity error =  0.14671506509552626
Secret Independence =  0.26162747487243254
fidelity error =  0.14673630720588232
Secret Independence =  0.2607890279563
fidelity error =  0.14675765197598936
Secret Independence =  0.257433289255093
fidelity error =  0.14684285007715137
Secret Independence =  0.25657241740636805
fidelity error =  0.14686464770054583
Secret Independence =  0.25573361753758117
fidelity error =  0.14688604957139326
Secret Independence =  0.2523770630488487
fidelity error =  0.14697148347528194
Secret Independence =  0.24852162795056437
fidelity error =  0.1470692113465467
Secret Independence =  0.24768266660874672
fidelity error =  0.14709059379536574
Secret Independence =  0.24432641146055284
fidelity error =  0.14717595387611884
Secret Independence =  0.23129560125878815
fidelity error =  0.14750473732459618
Secret Independence =  0.47139172450859446
fidelity error =  0.11332712493504404
Secret Independence =  0.021100045904615124
fidelity error =  0.15076900437117977
Secret Independence =  0.014937184874625404
fidelity error =  0.15004917303117735
Secret Independence =  0.00021945386344916236
fidelity error =  0.15060744423297218
Secret Independence =  8.647095552804615e-05
fidelity error =  0.15038290257080544
Secret Independence =  1.5665010598994487e-06
fidelity error =  0.1496979724464069
Secret Independence =  2.527225594036989e-06
fidelity error =  0.14931821064829162
Secret Independence =  1.8478119240871363e-05
fidelity error =  0.1461003479073093
Secret Independence =  0.00011566192350969504
fidelity error =  0.13391160967760635
Secret Independence =  0.00046930260883369266
fidelity error =  0.10948756088048467
Secret Independence =  0.00017799640996510698
fidelity error =  0.10978640983420337
Secret Independence =  4.672304211761978e-05
fidelity error =  0.09348796005963803
Secret Independence =  0.00015378263908348786
fidelity error =  0.07735313467598065
Secret Independence =  9.264212032307812e-05
fidelity error =  0.07183496115370706
Secret Independence =  0.00015046906747659264
fidelity error =  0.055185643948894074
Secret Independence =  0.00011480778448968128
fidelity error =  0.040123164053709234
Secret Independence =  5.052403167268347e-05
fidelity error =  0.03550074016599689
Secret Independence =  2.258383077828768e-05
fidelity error =  0.03379309875554712
Secret Independence =  2.1376062399578133e-05
fidelity error =  0.029296835856457242
Secret Independence =  2.7040471723302407e-05
fidelity error =  0.025499444235586904
Secret Independence =  6.468589588678496e-05
fidelity error =  0.018599188676571777
Secret Independence =  3.2833291949600456e-05
fidelity error =  0.016890281570255218
Secret Independence =  2.0302846176451028e-05
fidelity error =  0.01597320906802524
Secret Independence =  2.4474253900685493e-05
fidelity error =  0.014070083264130432
Secret Independence =  3.9739820102220746e-05
fidelity error =  0.011811286059345354
Secret Independence =  5.012432482257724e-05
fidelity error =  0.00879833409118387
Secret Independence =  3.929605828869768e-05
fidelity error =  0.006203493243450148
Secret Independence =  4.9780488286326616e-05
fidelity error =  0.004531733122103169
Secret Independence =  1.523233085422501e-05
fidelity error =  0.0045448869846159545
Secret Independence =  1.2368595178914633e-05
fidelity error =  0.004186912603169044
Secret Independence =  1.1671455072772909e-05
fidelity error =  0.003806394613009771
Secret Independence =  1.4839110666035084e-05
fidelity error =  0.0032628748285523
Secret Independence =  1.2561277222139156e-05
fidelity error =  0.0030623606210260943
Secret Independence =  1.671081856217187e-05
fidelity error =  0.0023492313182306513
Secret Independence =  1.275333834811756e-05
fidelity error =  0.0022649654956631367
Secret Independence =  1.145974521013759e-05
fidelity error =  0.0018936801665867414
Secret Independence =  1.167733462959858e-05
fidelity error =  0.0016377892255645496
Secret Independence =  9.714981114723978e-06
fidelity error =  0.0014866921235425676
Secret Independence =  9.477723853780475e-06
fidelity error =  0.0014417110528831367
Secret Independence =  9.830399074445216e-06
fidelity error =  0.001358998533576811
Secret Independence =  1.1237666972005252e-05
fidelity error =  0.0011074036668540658
Secret Independence =  1.0117823028774407e-05
fidelity error =  0.0010381556941159848
Secret Independence =  9.609448665324903e-06
fidelity error =  0.0006645277593333456
Secret Independence =  1.0265540745877724e-05
fidelity error =  0.0005938470446076547
Secret Independence =  9.01883343751847e-06
fidelity error =  0.0005866336284974741
Secret Independence =  8.841589763062038e-06
fidelity error =  0.0005503036200732868
Secret Independence =  8.980163076787377e-06
fidelity error =  0.0004974800539646207
Secret Independence =  8.841877379082073e-06
fidelity error =  0.00043518383917838337
Secret Independence =  8.887867003201039e-06
fidelity error =  0.0003845419108368647
Secret Independence =  8.879589941444206e-06
fidelity error =  0.000367888579886482
Secret Independence =  8.403665786471145e-06
fidelity error =  0.0003576479017893087
Secret Independence =  8.476546333277377e-06
fidelity error =  0.00032112900622900247
Secret Independence =  9.033389313614934e-06
fidelity error =  0.00019039875363146714
Secret Independence =  9.3708387196165e-06
fidelity error =  5.107269563093762e-05
Secret Independence =  1.3053399167505771e-05
fidelity error =  5.1865539011911635e-05
Secret Independence =  9.081669031905793e-06
fidelity error =  2.8116075147666335e-05
Secret Independence =  8.576573415368916e-06
fidelity error =  1.6312432865511206e-05
Secret Independence =  8.444790488315165e-06
fidelity error =  9.834089298680346e-06
Secret Independence =  8.39350763318463e-06
fidelity error =  7.5391987657720225e-06
Secret Independence =  8.36177471226159e-06
fidelity error =  8.00782433283542e-06
Secret Independence =  8.36935932121709e-06
fidelity error =  7.943614826010983e-06
Secret Independence =  8.356260376376121e-06
fidelity error =  7.979531491757156e-06
Saved → /users/home/gustiani/VeriPulse/data/GRAPE_AVG_p70_det0.00_err0.00-lam0.100-1.json
Secret Independence =  0.485083932231421
fidelity error =  0.10780756203071928
Secret Independence =  0.48502433167436276
fidelity error =  0.10777663066774694
Secret Independence =  0.4849644509918393
fidelity error =  0.10774564618156285
Secret Independence =  0.4847235196830173
fidelity error =  0.10762170794030632
Secret Independence =  0.4837373016160649
fidelity error =  0.10712596133932473
Secret Independence =  0.48358781451282074
fidelity error =  0.1070523595130149
Secret Independence =  0.48352132896181627
fidelity error =  0.10702024472406249
Secret Independence =  0.4832538189538256
fidelity error =  0.10689178590456835
Secret Independence =  0.4821587503091024
fidelity error =  0.10637796872133419
Secret Independence =  0.4802247635322737
fidelity error =  0.10551292691677151
Secret Independence =  0.48014254046403554
fidelity error =  0.10547821385742999
Secret Independence =  0.47981170022623804
fidelity error =  0.10533936120252747
Secret Independence =  0.4784572596569168
fidelity error =  0.10478396085491833
Secret Independence =  0.47832649741109057
fidelity error =  0.10473139612131807
Secret Independence =  0.4782353722131242
fidelity error =  0.10469537688500016
Secret Independence =  0.47786871221711336
fidelity error =  0.10455130001079857
Secret Independence =  0.47636763451700126
fidelity error =  0.1039750131271476
Secret Independence =  0.47635274235973957
fidelity error =  0.10396939981745247
Secret Independence =  0.4762524788511459
fidelity error =  0.10393225735095835
Secret Independence =  0.4758490495704308
fidelity error =  0.10378368720855205
Secret Independence =  0.4755331768768575
fidelity error =  0.10366832563082506
Secret Independence =  0.4754290904075761
fidelity error =  0.10363073235322828
Secret Independence =  0.475010278225393
fidelity error =  0.10348035835072723
Secret Independence =  0.4740661581527582
fidelity error =  0.10314642800666102
Secret Independence =  0.4739552137888533
fidelity error =  0.10310797390201543
Secret Independence =  0.4735088100470619
fidelity error =  0.10295415598994029
Secret Independence =  0.47168133886210795
fidelity error =  0.10233888563748506
Secret Independence =  0.46371307660336014
fidelity error =  0.09987943980794749
Secret Independence =  0.4618657786945226
fidelity error =  0.09935155063225015
Secret Independence =  0.46169829846297095
fidelity error =  0.09930700199325437
Secret Independence =  0.46102449028623466
fidelity error =  0.09912880064463914
Secret Independence =  0.458267448658071
fidelity error =  0.09841593131676767
Secret Independence =  0.45778411676741426
fidelity error =  0.0982935117788018
Secret Independence =  0.45759809292606723
fidelity error =  0.09824738883157327
Secret Independence =  0.4574113404603869
fidelity error =  0.09820120935268667
Secret Independence =  0.45722375863143994
fidelity error =  0.09815497857581396
Secret Independence =  0.4564691254147322
fidelity error =  0.09797004403137857
Secret Independence =  0.45609031411908363
fidelity error =  0.09787783354567908
Secret Independence =  0.4558968273644264
fidelity error =  0.0978310900149515
Secret Independence =  0.4557026501875231
fidelity error =  0.09778438425910675
Secret Independence =  0.4549215043824749
fidelity error =  0.09759754712687017
Secret Independence =  0.45393431637284704
fidelity error =  0.09736378259421744
Secret Independence =  0.4537314013036409
fidelity error =  0.0973163368946657
Secret Independence =  0.452915132651005
fidelity error =  0.09712653715007839
Secret Independence =  0.44957689492573755
fidelity error =  0.09636712530888346
Secret Independence =  0.4480240484119783
fidelity error =  0.09602248913639409
Secret Independence =  0.44779492558152423
fidelity error =  0.09597317395235323
Secret Independence =  0.4468733216680394
fidelity error =  0.09577589239539014
Secret Independence =  0.44642912939810975
fidelity error =  0.09568141433325963
Secret Independence =  0.4461933311065196
fidelity error =  0.0956317879808835
Secret Independence =  0.4452449113542957
fidelity error =  0.09543326209421056
Secret Independence =  0.44392013135210384
fidelity error =  0.09515877637715157
Secret Independence =  0.4436733185357631
fidelity error =  0.09510832506078339
Secret Independence =  0.4426806431631363
fidelity error =  0.09490649705184018
Secret Independence =  0.4422792207464412
fidelity error =  0.09482536697403535
Secret Independence =  0.44202528703470834
fidelity error =  0.09477437567293709
Secret Independence =  0.44100400475786455
fidelity error =  0.09457038596305561
Secret Independence =  0.44040430565518673
fidelity error =  0.09445140151908014
Secret Independence =  0.4401422459068002
fidelity error =  0.09439989401237239
Secret Independence =  0.43908831861810516
fidelity error =  0.09419383875523515
Secret Independence =  0.4353947967579221
fidelity error =  0.09348491415055475
Secret Independence =  0.4351117679554818
fidelity error =  0.09343205269748776
Secret Independence =  0.43397363840604025
fidelity error =  0.09322058144423286
Secret Independence =  0.42932603444899553
fidelity error =  0.09237438284459648
Secret Independence =  0.42637780855983476
fidelity error =  0.09185106350224821
Secret Independence =  0.4260574564987488
fidelity error =  0.09179579638813402
Secret Independence =  0.4257358476442588
fidelity error =  0.09174044380080407
Secret Independence =  0.4244428481544694
fidelity error =  0.09151900396234175
Secret Independence =  0.42330514549026893
fidelity error =  0.09132558836304956
Secret Independence =  0.4229728341199826
fidelity error =  0.0912698024271977
Secret Independence =  0.4223095607727618
fidelity error =  0.09115878257794204
Secret Independence =  0.42197331425800144
fidelity error =  0.09110280961881745
Secret Independence =  0.42062157857029314
fidelity error =  0.09087888508773169
Secret Independence =  0.41510827870016304
fidelity error =  0.08998278497320515
Secret Independence =  0.4033825192416564
fidelity error =  0.08815848354909482
Secret Independence =  0.40297434976216184
fidelity error =  0.08809850170101852
Secret Independence =  0.4013342382654342
fidelity error =  0.08785853840050686
Secret Independence =  0.39720100660181595
fidelity error =  0.08726105561472167
Secret Independence =  0.3967714419364628
fidelity error =  0.08720003044416143
Secret Independence =  0.39529659805923856
fidelity error =  0.08699129645329118
Secret Independence =  0.3948607092355881
fidelity error =  0.08692991073907833
Secret Independence =  0.39310960334238965
fidelity error =  0.08668433742986964
Secret Independence =  0.389496202765627
fidelity error =  0.08618266908305694
Secret Independence =  0.38904085756124607
fidelity error =  0.08612049920936238
Secret Independence =  0.3872118613001013
fidelity error =  0.08587179123713881
Secret Independence =  0.3821566166191349
fidelity error =  0.08519249760815445
Secret Independence =  0.3816792285008012
fidelity error =  0.08512958211373771
Secret Independence =  0.38120049714656645
fidelity error =  0.08506665974397822
Secret Independence =  0.38094951324575105
fidelity error =  0.085033710570106
Secret Independence =  0.38046961048358935
fidelity error =  0.08497080062032662
Secret Independence =  0.37935393690925256
fidelity error =  0.08482492268472151
Secret Independence =  0.378870023856034
fidelity error =  0.08476211615607628
Secret Independence =  0.3769268947897877
fidelity error =  0.08451087935101267
Secret Independence =  0.37561575729544117
fidelity error =  0.0843422091359191
Secret Independence =  0.37512153283191185
fidelity error =  0.08427902356287867
Secret Independence =  0.37387888126115576
fidelity error =  0.08412056831003978
Secret Independence =  0.3733806335169798
fidelity error =  0.08405727995844185
Secret Independence =  0.373075611665832
fidelity error =  0.08401858164237755
Secret Independence =  0.3725758174897075
fidelity error =  0.08395520728103946
Secret Independence =  0.3720751442330327
fidelity error =  0.0838918392522428
Secret Independence =  0.37006514836938353
fidelity error =  0.08363837200429404
Secret Independence =  0.3657139728820106
fidelity error =  0.08309461852734211
Secret Independence =  0.365193847022936
fidelity error =  0.08303051841096298
Secret Independence =  0.36380496715208055
fidelity error =  0.082859791841972
Secret Independence =  0.36328113149789065
fidelity error =  0.0827956523694752
Secret Independence =  0.3611786962719311
fidelity error =  0.08253911708738591
Secret Independence =  0.3526595784518693
fidelity error =  0.0815135758804152
Secret Independence =  0.34920691573415397
fidelity error =  0.0811039567091781
Secret Independence =  0.3486461493726576
fidelity error =  0.08103836502676175
Secret Independence =  0.3479275944134296
fidelity error =  0.080954436753512
Secret Independence =  0.34736435221097406
fidelity error =  0.08088871625300531
Secret Independence =  0.34635436376037565
fidelity error =  0.08077107192584825
Secret Independence =  0.34578761820563586
fidelity error =  0.08070528905318329
Secret Independence =  0.3437109980042833
fidelity error =  0.08046493601924067
Secret Independence =  0.343138649586913
fidelity error =  0.08039891308675894
Secret Independence =  0.34084277299455235
fidelity error =  0.08013486225436232
Secret Independence =  0.3384700181924155
fidelity error =  0.07986327021370615
Secret Independence =  0.3378866547774769
fidelity error =  0.07979681932137754
Secret Independence =  0.33554694749408065
fidelity error =  0.07953106722738319
Secret Independence =  0.3301979955670877
fidelity error =  0.07892796939560447
Secret Independence =  0.3295991127773902
fidelity error =  0.07886113575187002
Secret Independence =  0.3294202130201902
fidelity error =  0.07884118513781592
Secret Independence =  0.32882130628413964
fidelity error =  0.07877448993752963
Secret Independence =  0.3274173773345442
fidelity error =  0.07861842990581484
Secret Independence =  0.3268147213329067
fidelity error =  0.07855165092621776
Secret Independence =  0.3247535693345639
fidelity error =  0.07832379597720145
Secret Independence =  0.32414718451563196
fidelity error =  0.07825723355120875
Secret Independence =  0.3229534925158465
fidelity error =  0.07812640537032636
Secret Independence =  0.32234517165833604
fidelity error =  0.07805992868851762
Secret Independence =  0.3210255266167303
fidelity error =  0.07791595563671239
Secret Independence =  0.32041499546754537
fidelity error =  0.07784936252663267
Secret Independence =  0.3179676781401621
fidelity error =  0.07758309992307703
Secret Independence =  0.31302198163390715
fidelity error =  0.07704823216251618
Secret Independence =  0.31240040248511747
fidelity error =  0.07698140143117475
Secret Independence =  0.3117779757099598
fidelity error =  0.07691453461886485
Secret Independence =  0.3092835765482421
fidelity error =  0.07664718979196727
Secret Independence =  0.3090163532840652
fidelity error =  0.07661860809737918
Secret Independence =  0.30839017987603423
fidelity error =  0.07655158755624157
Secret Independence =  0.3058956924652363
fidelity error =  0.07628519749087612
Secret Independence =  0.3052662185897015
fidelity error =  0.07621806441236319
Secret Independence =  0.3027441184571457
fidelity error =  0.07594967293876312
Secret Independence =  0.2925944021532866
fidelity error =  0.07487869085451954
Secret Independence =  0.2858735347100475
fidelity error =  0.07417702691941463
Secret Independence =  0.28522318507003114
fidelity error =  0.07410971439039882
Secret Independence =  0.2843836176184128
fidelity error =  0.07402288831336813
Secret Independence =  0.283732579896956
fidelity error =  0.0739554832636119
Secret Independence =  0.28112565070205275
fidelity error =  0.07368604109811099
Secret Independence =  0.2792068352792926
fidelity error =  0.07348818708673097
Secret Independence =  0.27855276809126406
fidelity error =  0.07342112454364706
Secret Independence =  0.27854301424677597
fidelity error =  0.07342012479584978
Secret Independence =  0.27788898012326446
fidelity error =  0.07335298087221395
Secret Independence =  0.2763474174868378
fidelity error =  0.07319489076161825
Secret Independence =  0.2756918417766159
fidelity error =  0.07312779214381884
Secret Independence =  0.2730673392592457
fidelity error =  0.07285958560225936
Secret Independence =  0.2719389076373845
fidelity error =  0.0727444673118217
Secret Independence =  0.2712807494070093
fidelity error =  0.07267739318979052
Secret Independence =  0.2686462296756532
fidelity error =  0.07240929380511664
Secret Independence =  0.2626541599861242
fidelity error =  0.07180175493933351
Secret Independence =  0.26199297758285717
fidelity error =  0.07173496344135849
Secret Independence =  0.25934703692846406
fidelity error =  0.07146801469361286
Secret Independence =  0.25723469610023875
fidelity error =  0.07125528221610372
Secret Independence =  0.2565722590382423
fidelity error =  0.07118851740566375
Secret Independence =  0.25392169795020114
fidelity error =  0.0709216836506884
Secret Independence =  0.25121948176271724
fidelity error =  0.07065014290021317
Secret Independence =  0.2505559004941565
fidelity error =  0.07058360063582643
Secret Independence =  0.2493048493725536
fidelity error =  0.0704582237031879
Secret Independence =  0.24864132063460118
fidelity error =  0.07039172790060069
Secret Independence =  0.2459869767160676
fidelity error =  0.0701259872897748
Secret Independence =  0.2444393450405467
fidelity error =  0.06997123712011288
Secret Independence =  0.24377626978000633
fidelity error =  0.0699048099156756
Secret Independence =  0.24230826509335057
fidelity error =  0.06975782922712148
Secret Independence =  0.03933401473418845
fidelity error =  0.04940881909028962
Secret Independence =  0.03064943660209988
fidelity error =  0.044822342801672486
Secret Independence =  0.021607337860111063
fidelity error =  0.043899023870724196
Secret Independence =  0.016034737486922444
fidelity error =  0.04133136302575441
Secret Independence =  0.002544885358524091
fidelity error =  0.03139211512113066
Secret Independence =  0.0005126125804249691
fidelity error =  0.02985884391261905
Secret Independence =  1.1625706284784927e-05
fidelity error =  0.029719113694839358
Secret Independence =  7.175789253745038e-06
fidelity error =  0.029614414418575798
Secret Independence =  5.666585720047877e-06
fidelity error =  0.02942538306944855
Secret Independence =  6.819058306734279e-06
fidelity error =  0.02910166704695801
Secret Independence =  1.8355601785705916e-05
fidelity error =  0.027256314415393054
Secret Independence =  5.129399439684122e-05
fidelity error =  0.022667713359278148
Secret Independence =  0.00019418882853146284
fidelity error =  0.011463807264646124
Secret Independence =  7.877346658019134e-05
fidelity error =  0.011475420046991456
Secret Independence =  3.40249091703012e-05
fidelity error =  0.006256298207398264
Secret Independence =  5.434363572158157e-05
fidelity error =  0.0032903627324098643
Secret Independence =  1.5331524894602046e-05
fidelity error =  0.003729040659039773
Secret Independence =  1.3668293914526903e-05
fidelity error =  0.003424995423194577
Secret Independence =  1.2306306657143803e-05
fidelity error =  0.0027029961229134295
Secret Independence =  1.1705097776646936e-05
fidelity error =  0.0021100772895683998
Secret Independence =  1.3181083708572678e-05
fidelity error =  0.0014935095538654364
Secret Independence =  8.848651839533907e-06
fidelity error =  0.0014258091112632452
Secret Independence =  8.636472309259694e-06
fidelity error =  0.0013757614476383171
Secret Independence =  8.753725990803965e-06
fidelity error =  0.0013154524679764442
Secret Independence =  9.82506662191849e-06
fidelity error =  0.0012894820532686228
Secret Independence =  8.766616958959031e-06
fidelity error =  0.001291713756737538
Secret Independence =  8.684991135095383e-06
fidelity error =  0.0012638442873042796
Secret Independence =  8.740758610522474e-06
fidelity error =  0.0012375151970879781
Secret Independence =  9.063508866040828e-06
fidelity error =  0.0011348438720526456
Secret Independence =  1.0272163539140698e-05
fidelity error =  0.0009099213288496575
Secret Independence =  9.918877320641742e-06
fidelity error =  0.0007117794380533414
Secret Independence =  1.3015435673957545e-05
fidelity error =  0.00032392028058929323
Secret Independence =  1.0146359528645025e-05
fidelity error =  0.00022870043654375205
Secret Independence =  8.88074645014454e-06
fidelity error =  0.00012682147042717966
Secret Independence =  8.776735267705464e-06
fidelity error =  5.422461759241044e-05
Secret Independence =  9.078645993879637e-06
fidelity error =  1.1622222766560222e-05
Secret Independence =  8.587977981220652e-06
fidelity error =  8.226194861961672e-06
Secret Independence =  8.558317380047907e-06
fidelity error =  5.330758659897194e-06
Secret Independence =  8.554880016910525e-06
fidelity error =  5.335471295420821e-06
Saved → /users/home/gustiani/VeriPulse/data/GRAPE_AVG_p70_det0.00_err0.00-lam0.100-2.json
Secret Independence =  0.4910578198618785
fidelity error =  0.11017607787636849
Secret Independence =  0.4910285144016239
fidelity error =  0.11014829509623289
Secret Independence =  0.49099910321674156
fidelity error =  0.11012046392152815
Secret Independence =  0.4908809241940081
fidelity error =  0.1100091526390127
Secret Independence =  0.4903996749303139
fidelity error =  0.10956412804481376
Secret Independence =  0.4894660442721104
fidelity error =  0.10873534441686386
Secret Independence =  0.4894310345693407
fidelity error =  0.10870508152848204
Secret Independence =  0.48929036597718056
fidelity error =  0.10858404670590646
Secret Independence =  0.48871763581024785
fidelity error =  0.10810018271829053
Secret Independence =  0.48626722583390813
fidelity error =  0.10616961804280928
Secret Independence =  0.48425689556639556
fidelity error =  0.10472240106597785
Secret Independence =  0.4842036557749665
fidelity error =  0.10468546668715722
Secret Independence =  0.4839897662959073
fidelity error =  0.10453775824005725
Secret Independence =  0.48373524986250194
fidelity error =  0.10436337634544354
Secret Independence =  0.4836802304657264
fidelity error =  0.10432586002461713
Secret Independence =  0.4834591939693351
fidelity error =  0.10417582514371743
Secret Independence =  0.48255975055937683
fidelity error =  0.10357618686829992
Secret Independence =  0.47872029274324385
fidelity error =  0.10118659997892662
Secret Independence =  0.4786978740034369
fidelity error =  0.10117335547605576
Secret Independence =  0.4786258343814812
fidelity error =  0.1011308733604234
Secret Independence =  0.47833644353334875
fidelity error =  0.10096098663191377
Secret Independence =  0.47715923102828994
fidelity error =  0.10028212926656704
Secret Independence =  0.47699701757019997
fidelity error =  0.10019006657047244
Secret Independence =  0.47691947230369813
fidelity error =  0.1001462014674753
Secret Independence =  0.4766079739666382
fidelity error =  0.0999707868458039
Secret Independence =  0.47534098150638093
fidelity error =  0.09926988502482985
Secret Independence =  0.47181297442438286
fidelity error =  0.09741389429003007
Secret Independence =  0.4717181118217215
fidelity error =  0.09736578021648541
Secret Independence =  0.4713370612866945
fidelity error =  0.09717338075739884
Secret Independence =  0.46978736203379806
fidelity error =  0.09640472431370542
Secret Independence =  0.46461731292107766
fidelity error =  0.09398283934420797
Secret Independence =  0.46449893407926135
fidelity error =  0.09392981234666203
Secret Independence =  0.4640234299033777
fidelity error =  0.09371777462251492
Secret Independence =  0.46208973843185486
fidelity error =  0.09287079136589296
Secret Independence =  0.46118137257229186
fidelity error =  0.09248100323657933
Secret Independence =  0.4610517810215323
fidelity error =  0.09242585393288139
Secret Independence =  0.46053123955675
fidelity error =  0.09220533426517044
Secret Independence =  0.45886942584626256
fidelity error =  0.09151176173780402
Secret Independence =  0.4587321322853861
fidelity error =  0.09145521156869588
Secret Independence =  0.4581806444895459
fidelity error =  0.0912290915905793
Secret Independence =  0.458035341145684
fidelity error =  0.09116978721526525
Secret Independence =  0.4578955681017439
fidelity error =  0.09111290060711327
Secret Independence =  0.4573341171842491
fidelity error =  0.09088543479642484
Secret Independence =  0.4550507577924432
fidelity error =  0.08997691596700107
Secret Independence =  0.45236435541622066
fidelity error =  0.08893993317255669
Secret Independence =  0.4522060555720809
fidelity error =  0.08887997813668486
Secret Independence =  0.4515701617999485
fidelity error =  0.08864024256726473
Secret Independence =  0.44898369693779455
fidelity error =  0.08768271794309505
Secret Independence =  0.4472399127566159
fidelity error =  0.08705228492059387
Secret Independence =  0.44706459386261355
fidelity error =  0.08698974975547928
Secret Independence =  0.44636029815157907
fidelity error =  0.08673969729337573
Secret Independence =  0.44520123834069103
fidelity error =  0.08633216786842154
Secret Independence =  0.44501891258829096
fidelity error =  0.08626856424498341
Secret Independence =  0.4442864521720315
fidelity error =  0.08601423958347107
Secret Independence =  0.44130636631795106
fidelity error =  0.08499845670979544
Secret Independence =  0.4401310629330082
fidelity error =  0.08460584662610988
Secret Independence =  0.4399318550518379
fidelity error =  0.0845399621955944
Secret Independence =  0.43913154293120393
fidelity error =  0.08427651721682398
Secret Independence =  0.4358749288681596
fidelity error =  0.08322430921122358
Secret Independence =  0.43556966709122347
fidelity error =  0.0831272487710174
Secret Independence =  0.4353547088067722
fidelity error =  0.08305921688271103
Secret Independence =  0.43449108258310315
fidelity error =  0.08278718336349167
Secret Independence =  0.4332287532468011
fidelity error =  0.08239322046233828
Secret Independence =  0.43300616950866766
fidelity error =  0.08232428161726064
Secret Independence =  0.4321119097904832
fidelity error =  0.08204862564756588
Secret Independence =  0.42887768618758515
fidelity error =  0.08106866132345117
Secret Independence =  0.4286398057080415
fidelity error =  0.08099779434778126
Secret Independence =  0.4276840554743009
fidelity error =  0.0807144288276887
Secret Independence =  0.423793868250229
fidelity error =  0.07958271814170843
Secret Independence =  0.42360554224624386
fidelity error =  0.07952878228087074
Secret Independence =  0.42334984031995215
fidelity error =  0.07945586778907061
Secret Independence =  0.42309375999600096
fidelity error =  0.07938297721846146
Secret Independence =  0.4220648568206634
fidelity error =  0.07909151044400435
Secret Independence =  0.42009556408462545
fidelity error =  0.07853975972763755
Secret Independence =  0.4198287423042253
fidelity error =  0.07846579783435567
Secret Independence =  0.4187566738933644
fidelity error =  0.07817004512611116
Secret Independence =  0.4168294030350089
fidelity error =  0.07764396015166565
Secret Independence =  0.41655109760451037
fidelity error =  0.07756868870853337
Secret Independence =  0.41643532552652385
fidelity error =  0.07753741922635711
Secret Independence =  0.4161561872745564
fidelity error =  0.07746210875396904
Secret Independence =  0.4150346425310917
fidelity error =  0.07716096807405044
Secret Independence =  0.4117014711456022
fidelity error =  0.07627926457644328
Secret Independence =  0.4114054733895133
fidelity error =  0.07620212280163707
Secret Independence =  0.4112090658796797
fidelity error =  0.07615101785706548
Secret Independence =  0.4109126535430459
fidelity error =  0.07607406632812785
Secret Independence =  0.4106155237204112
fidelity error =  0.07599706988943797
Secret Independence =  0.4094217167890085
fidelity error =  0.07568919140229932
Secret Independence =  0.4089774414228972
fidelity error =  0.07557521124360984
Secret Independence =  0.4086744822236202
fidelity error =  0.0754978043015585
Secret Independence =  0.4076611085519927
fidelity error =  0.07523995312971529
Secret Independence =  0.4073542140904083
fidelity error =  0.0751622075531358
Secret Independence =  0.40612121646206734
fidelity error =  0.07485133753468856
Secret Independence =  0.4052362646637687
fidelity error =  0.07462966357889295
Secret Independence =  0.4049210622490203
fidelity error =  0.07455106713107139
Secret Independence =  0.4041663894509051
fidelity error =  0.07436349414067009
Secret Independence =  0.4038482198289434
fidelity error =  0.07428467367421882
Secret Independence =  0.4025699617689436
fidelity error =  0.07396951106709825
Secret Independence =  0.3994282460128436
fidelity error =  0.0732048428237281
Secret Independence =  0.39909441115889455
fidelity error =  0.07312455736796723
Secret Independence =  0.3977532337805565
fidelity error =  0.07280353389554792
Secret Independence =  0.39549307103543463
fidelity error =  0.07226793912788645
Secret Independence =  0.3951455247940915
fidelity error =  0.07218633276238591
Secret Independence =  0.39374928071564724
fidelity error =  0.07186003116602209
Secret Independence =  0.39359612576014996
fidelity error =  0.07182438811734376
Secret Independence =  0.3932428874156464
fidelity error =  0.0717423216782474
Secret Independence =  0.391823790849706
fidelity error =  0.07141417551782887
Secret Independence =  0.39102937576322
fidelity error =  0.07123154497389932
Secret Independence =  0.390668616338317
fidelity error =  0.0711489746484753
Secret Independence =  0.38921936253187434
fidelity error =  0.07081882368692771
Secret Independence =  0.3864936474089737
fidelity error =  0.07020446698376573
Secret Independence =  0.38611864703759685
fidelity error =  0.07012082130236962
Secret Independence =  0.3846122465697822
fidelity error =  0.06978637138003056
Secret Independence =  0.3792537447128252
fidelity error =  0.06861621943386566
Secret Independence =  0.37885465884259933
fidelity error =  0.06853061475203254
Secret Independence =  0.37725159112138207
fidelity error =  0.06818834110075868
Secret Independence =  0.37203151902930737
fidelity error =  0.06709082608639436
Secret Independence =  0.3716098233167591
fidelity error =  0.06700358431869444
Secret Independence =  0.3699160818292754
fidelity error =  0.06665477290485834
Secret Independence =  0.36979614833878316
fidelity error =  0.0666301695132807
Secret Independence =  0.3693680693468513
fidelity error =  0.06654248121145245
Secret Independence =  0.36764873783764607
fidelity error =  0.06619188124658838
Secret Independence =  0.36066122840134507
fidelity error =  0.0647921968546483
Secret Independence =  0.3546858445240586
fidelity error =  0.0636253872318441
Secret Independence =  0.35421145707862955
fidelity error =  0.06353437547452022
Secret Independence =  0.35230660977008654
fidelity error =  0.06317053619212963
Secret Independence =  0.3517929075392736
fidelity error =  0.06307285112750459
Secret Independence =  0.35131127463596146
fidelity error =  0.06298155740573173
Secret Independence =  0.3493774447880979
fidelity error =  0.06261659225644978
Secret Independence =  0.3493658607694832
fidelity error =  0.06261441365675031
Secret Independence =  0.3488784625138171
fidelity error =  0.06252294657709277
Secret Independence =  0.34692158593674094
fidelity error =  0.06215728855593242
Secret Independence =  0.34668856492166417
fidelity error =  0.06211391323406629
Secret Independence =  0.34619429922097045
fidelity error =  0.06202203201969471
Secret Independence =  0.34420994481074285
fidelity error =  0.06165471810677215
Secret Independence =  0.33615891478330995
fidelity error =  0.06018916831745417
Secret Independence =  0.32716959401070056
fidelity error =  0.0585965955047587
Secret Independence =  0.32662145281131383
fidelity error =  0.05850137351635102
Secret Independence =  0.32442167570812636
fidelity error =  0.05812077370289524
Secret Independence =  0.31637921070838165
fidelity error =  0.05674954233742428
Secret Independence =  0.31580569871585523
fidelity error =  0.05665321313928251
Secret Independence =  0.3152327071921058
fidelity error =  0.05655714857756193
Secret Independence =  0.31293388726210947
fidelity error =  0.056173235170617626
Secret Independence =  0.3036334922185564
fidelity error =  0.05464352220062218
Secret Independence =  0.30092278844082265
fidelity error =  0.054204454362160225
Secret Independence =  0.3003189241530517
fidelity error =  0.054107451517722074
Secret Independence =  0.29789717516199005
fidelity error =  0.05371987005983163
Secret Independence =  0.2950397383200949
fidelity error =  0.05326547502295171
Secret Independence =  0.2944264248022166
fidelity error =  0.0531684819820325
Secret Independence =  0.29196722891162213
fidelity error =  0.052780985148954684
Secret Independence =  0.2862058183354084
fidelity error =  0.05188180607411646
Secret Independence =  0.285578844326903
fidelity error =  0.05178484153128536
Secret Independence =  0.28306554634034486
fidelity error =  0.05139752237330521
Secret Independence =  0.2823737821999436
fidelity error =  0.05129129809923887
Secret Independence =  0.2817404171866419
fidelity error =  0.051194272606419844
Secret Independence =  0.28130356053098043
fidelity error =  0.05112742950277094
Secret Independence =  0.280668799735307
fidelity error =  0.05103036728913761
Secret Independence =  0.2781246392666049
fidelity error =  0.05064268373121826
Secret Independence =  0.27377003569669706
fidelity error =  0.04998402830686886
Secret Independence =  0.27312569329277586
fidelity error =  0.04988719550371355
Secret Independence =  0.27291791037285795
fidelity error =  0.049855997211696375
Secret Independence =  0.2722750297908398
fidelity error =  0.04975969418826759
Secret Independence =  0.2705280534777999
fidelity error =  0.04949864738617433
Secret Independence =  0.2698830208120885
fidelity error =  0.04940242385054766
Secret Independence =  0.26729849918791804
fidelity error =  0.04901813917048514
Secret Independence =  0.26596796543888956
fidelity error =  0.048821086054669664
Secret Independence =  0.26532047742925485
fidelity error =  0.048725410848801755
Secret Independence =  0.2646729837758205
fidelity error =  0.04862986520011357
Secret Independence =  0.26376903428841925
fidelity error =  0.048496677569280576
Secret Independence =  0.26312179168901073
fidelity error =  0.04840146320080493
Secret Independence =  0.26052896298277434
fidelity error =  0.04802121408242975
Secret Independence =  0.25010226064484353
fidelity error =  0.046510452539675014
Secret Independence =  0.24202856113787466
fidelity error =  0.0453597966687597
Secret Independence =  0.2413613562760321
fidelity error =  0.04526560622684623
Secret Independence =  0.2386903358278536
fidelity error =  0.0448895826180968
Secret Independence =  0.2367664130627495
fidelity error =  0.044619761599416746
Secret Independence =  0.2360981737564121
fidelity error =  0.04452627042594892
Secret Independence =  0.23342346145410814
fidelity error =  0.044153061461580746
Secret Independence =  0.23112424209097387
fidelity error =  0.043833509529583335
Secret Independence =  0.23045444540993074
fidelity error =  0.043740563171676294
Secret Independence =  0.22929280725394596
fidelity error =  0.04357959289874591
Secret Independence =  0.228625723267459
fidelity error =  0.04348737283661733
Secret Independence =  0.22721899021959774
fidelity error =  0.043293212684419186
Secret Independence =  0.2265523666099742
fidelity error =  0.04320124751925692
Secret Independence =  0.22388495689398644
fidelity error =  0.042834188665782924
Secret Independence =  0.2177490603832914
fidelity error =  0.04199535126288935
Secret Independence =  0.21708094646502357
fidelity error =  0.04190456767961868
Secret Independence =  0.21611847510601112
fidelity error =  0.04177394009037114
Secret Independence =  0.21545144692829313
fidelity error =  0.04168340097406803
Secret Independence =  0.2127833714772671
fidelity error =  0.04132210123654932
Secret Independence =  0.20901322444768788
fidelity error =  0.0408138496088548
Secret Independence =  0.08568363086683398
fidelity error =  0.02583584623213953
Secret Independence =  0.009407006069441
fidelity error =  0.01633792968767217
Secret Independence =  0.0018032799426184053
fidelity error =  0.015400264908601968
Secret Independence =  0.0010270622638289865
fidelity error =  0.01522923391852636
Secret Independence =  1.9683627876035636e-05
fidelity error =  0.014806291030638942
Secret Independence =  1.0209163318827932e-05
fidelity error =  0.014711500201655674
Secret Independence =  8.982199711893859e-06
fidelity error =  0.014603583617724267
Secret Independence =  9.817971664330984e-06
fidelity error =  0.01434743583441559
Secret Independence =  1.4746819936110547e-05
fidelity error =  0.013558694096336187
Secret Independence =  2.9866999723014606e-05
fidelity error =  0.011373673265417964
Secret Independence =  5.448048179133596e-05
fidelity error =  0.007074336355927219
Secret Independence =  6.862855133188857e-05
fidelity error =  0.001309706408659753
Secret Independence =  2.5373569194547096e-05
fidelity error =  0.00018263299489262465
Secret Independence =  8.172300206199203e-06
fidelity error =  0.0001835366090885107
Secret Independence =  7.221103655975021e-06
fidelity error =  0.00018415261822158334
Secret Independence =  7.176656383897504e-06
fidelity error =  0.00018242995538835478
Secret Independence =  7.18449785469823e-06
fidelity error =  0.00017908388372413062
Secret Independence =  7.199377238166572e-06
fidelity error =  0.00017528433549484092
Secret Independence =  7.243609983530606e-06
fidelity error =  0.000169074455816924
Secret Independence =  7.233854746775645e-06
fidelity error =  0.00016413582563329693
Secret Independence =  7.278444106250192e-06
fidelity error =  0.00014725672736374566
Secret Independence =  7.486363488620523e-06
fidelity error =  9.763555471073402e-05
Secret Independence =  7.813280723975791e-06
fidelity error =  2.9245068908211885e-05
Secret Independence =  7.436654780786462e-06
fidelity error =  1.1960017441090902e-05
Secret Independence =  7.1554856711679266e-06
fidelity error =  6.63966695899257e-06
Secret Independence =  7.0520305770867945e-06
fidelity error =  4.92858131975942e-06
Secret Independence =  7.040502827806731e-06
fidelity error =  5.013824696406666e-06
Saved → /users/home/gustiani/VeriPulse/data/GRAPE_AVG_p70_det0.00_err0.00-lam0.100-3.json
Secret Independence =  0.4979584390231979
fidelity error =  0.12179712733052535
Secret Independence =  0.49795561887469164
fidelity error =  0.12179213551876279
Secret Independence =  0.4979527854155598
fidelity error =  0.12178713741003455
Secret Independence =  0.497941384224904
fidelity error =  0.12176714510376724
Secret Independence =  0.4978947019543537
fidelity error =  0.12168717801525808
Secret Independence =  0.4977747567859731
fidelity error =  0.12149391631192727
Secret Independence =  0.49777106439130203
fidelity error =  0.1214885437638964
Secret Independence =  0.4977562034086168
fidelity error =  0.12146705352239012
Secret Independence =  0.49772858922524726
fidelity error =  0.12142766975957377
Secret Independence =  0.49772467460576864
fidelity error =  0.1214222177440462
Secret Independence =  0.4977089184931388
fidelity error =  0.121400409579281
Secret Independence =  0.4976443321181099
fidelity error =  0.12131317539198558
Secret Independence =  0.4973610116800599
fidelity error =  0.1209642214986858
Secret Independence =  0.496676103841395
fidelity error =  0.12026758718056499
Secret Independence =  0.4966667995191858
fidelity error =  0.12026073992368679
Secret Independence =  0.49663750562012
fidelity error =  0.12023930310980939
Secret Independence =  0.49662801516027033
fidelity error =  0.12023243715483287
Secret Independence =  0.49661847704459383
fidelity error =  0.12022556833134508
Secret Independence =  0.49658006090414475
fidelity error =  0.1201980911407647
Secret Independence =  0.49642217843410846
fidelity error =  0.1200881523636688
Secret Independence =  0.4960879339857036
fidelity error =  0.11986923994045925
Secret Independence =  0.49607540838475866
fidelity error =  0.11986199553091709
Secret Independence =  0.4960249500132833
fidelity error =  0.11983301492824949
Secret Independence =  0.4958174226797527
fidelity error =  0.1197170455379929
Secret Independence =  0.49575101237219776
fidelity error =  0.11968095701954268
Secret Independence =  0.49573657748404015
fidelity error =  0.11967352022598868
Secret Independence =  0.4956784222393184
fidelity error =  0.11964376924868943
Secret Independence =  0.4954391523400583
fidelity error =  0.11952470502361348
Secret Independence =  0.4950925984628878
fidelity error =  0.11936074521994741
Secret Independence =  0.4950743516088407
fidelity error =  0.11935302999812702
Secret Independence =  0.4950008274907546
fidelity error =  0.11932216378963754
Secret Independence =  0.49469814736725515
fidelity error =  0.11919861451458894
Secret Independence =  0.4945438004538538
fidelity error =  0.11913762656208066
Secret Independence =  0.4945223472725938
fidelity error =  0.11912972182735813
Secret Independence =  0.4944358965209187
fidelity error =  0.11909809643771405
Secret Independence =  0.494079890268009
fidelity error =  0.11897149250729866
Secret Independence =  0.49249297967525096
fidelity error =  0.11846349273569243
Secret Independence =  0.49058908484512453
fidelity error =  0.11793823580202037
Secret Independence =  0.4905438709454147
fidelity error =  0.11792926394162823
Secret Independence =  0.49036161885332985
fidelity error =  0.11789335905907873
Secret Independence =  0.4896102924923282
fidelity error =  0.11774946253302637
Secret Independence =  0.4883148041549515
fidelity error =  0.11751494140000435
Secret Independence =  0.48825557947906423
fidelity error =  0.11750568754729372
Secret Independence =  0.4880168398211726
fidelity error =  0.11746864878251628
Secret Independence =  0.4870324723054304
fidelity error =  0.11732012289579485
Secret Independence =  0.48676631838148776
fidelity error =  0.11728104105742176
Secret Independence =  0.4866975818526227
fidelity error =  0.11727162143832803
Secret Independence =  0.4866284396514813
fidelity error =  0.11726218643099029
Secret Independence =  0.4863497226020889
fidelity error =  0.11722441865641539
Secret Independence =  0.4862020137217531
fidelity error =  0.11720457186648395
Secret Independence =  0.48612979626506814
fidelity error =  0.11719513563134228
Secret Independence =  0.4858386811105558
fidelity error =  0.11715736145464066
Secret Independence =  0.4846383659523047
fidelity error =  0.11700580053551043
Secret Independence =  0.4819039968562632
fidelity error =  0.11668197101536831
Secret Independence =  0.4818052668693488
fidelity error =  0.1166722302631305
Secret Independence =  0.48170601573041116
fidelity error =  0.11666248546932506
Secret Independence =  0.4813059400927693
fidelity error =  0.11662346513329101
Secret Independence =  0.48051426994092283
fidelity error =  0.1165474328977338
Secret Independence =  0.48040705893639973
fidelity error =  0.116537609807066
Secret Independence =  0.48025747491373416
fidelity error =  0.1165239471863694
Secret Independence =  0.4801488507729901
fidelity error =  0.11651414616099579
Secret Independence =  0.4797110065976132
fidelity error =  0.11647489737908079
Secret Independence =  0.47790623458254344
fidelity error =  0.11631719317443218
Secret Independence =  0.4775174085304895
fidelity error =  0.11628401674573091
Secret Independence =  0.47739190698672784
fidelity error =  0.11627412560273112
Secret Independence =  0.47688605090194525
fidelity error =  0.11623450821397352
Secret Independence =  0.4748012536827201
fidelity error =  0.11607520056337031
Secret Independence =  0.4743501239152556
fidelity error =  0.11604151031918672
Secret Independence =  0.4742052913108691
fidelity error =  0.11603150677037052
Secret Independence =  0.47362155028316155
fidelity error =  0.1159914293340198
Secret Independence =  0.4712163211375943
fidelity error =  0.11583011611784258
Secret Independence =  0.47034663851506686
fidelity error =  0.11577318763172997
Secret Independence =  0.47017774789551936
fidelity error =  0.11576303529522655
Secret Independence =  0.46949710614476414
fidelity error =  0.11572234808900259
Secret Independence =  0.46903166872957014
fidelity error =  0.11569473008274074
Secret Independence =  0.4688552568307821
fidelity error =  0.11568457616407417
Secret Independence =  0.46882884062553265
fidelity error =  0.11568305762327151
Secret Independence =  0.4686515586382078
fidelity error =  0.11567289210669496
Secret Independence =  0.4679371490825314
fidelity error =  0.11563214963489622
Secret Independence =  0.465941655497653
fidelity error =  0.11552014378800657
Secret Independence =  0.4657476187994205
fidelity error =  0.1155099414324531
Secret Independence =  0.46496575920125227
fidelity error =  0.1154690455054578
Secret Independence =  0.46174747805375627
fidelity error =  0.11530409002117158
Secret Independence =  0.461349680478377
fidelity error =  0.11528405369546801
Secret Independence =  0.4611290670720083
fidelity error =  0.11527370839880938
Secret Independence =  0.46024023158096694
fidelity error =  0.11523222399232602
Secret Independence =  0.45958658611193187
fidelity error =  0.1152019120545652
Secret Independence =  0.45935628459938194
fidelity error =  0.1151915180114612
Secret Independence =  0.4591247274621847
fidelity error =  0.1151811260409398
Secret Independence =  0.4581918657725293
fidelity error =  0.11513944744430775
Secret Independence =  0.4543550981368297
fidelity error =  0.11497097746257218
Secret Independence =  0.45154343252471063
fidelity error =  0.11485025757439556
Secret Independence =  0.4512682648966716
fidelity error =  0.11483962459475186
Secret Independence =  0.45015996942872505
fidelity error =  0.11479696004006285
Secret Independence =  0.4456059431179595
fidelity error =  0.11462419996025672
Secret Independence =  0.44192292055909044
fidelity error =  0.11448719603790361
Secret Independence =  0.4415958145333484
fidelity error =  0.11447622112508818
Secret Independence =  0.4402787081727939
fidelity error =  0.11443215675309822
Secret Independence =  0.43487301319805116
fidelity error =  0.11425329049321398
Secret Independence =  0.4335505683154012
fidelity error =  0.11420998249449224
Secret Independence =  0.43318010079915753
fidelity error =  0.1141986006426749
Secret Independence =  0.43168878353896306
fidelity error =  0.11415288229790649
Secret Independence =  0.42610157573797924
fidelity error =  0.11398292056461796
Secret Independence =  0.4256942595697315
fidelity error =  0.11397121606823038
Secret Independence =  0.425386904155788
fidelity error =  0.11396238867716403
Secret Independence =  0.42497629263472586
fidelity error =  0.1139506965622496
Secret Independence =  0.4233238121314959
fidelity error =  0.11390371131384759
Secret Independence =  0.42205151747168
fidelity error =  0.11386760885658671
Secret Independence =  0.4216251094613283
fidelity error =  0.11385568445986771
Secret Independence =  0.4199092441696348
fidelity error =  0.11380775860793063
Secret Independence =  0.4196038417720188
fidelity error =  0.11379923790161467
Secret Independence =  0.4191663611975346
fidelity error =  0.11378717645413952
Secret Independence =  0.4183123808262435
fidelity error =  0.11376364487156797
Secret Independence =  0.4178692623454323
fidelity error =  0.11375142421868586
Secret Independence =  0.4160863882217033
fidelity error =  0.11370229476276032
Secret Independence =  0.4149998513414507
fidelity error =  0.11367238403353133
Secret Independence =  0.4145414169245377
fidelity error =  0.11366014477049532
Secret Independence =  0.41269711333700654
fidelity error =  0.11361093401394368
Secret Independence =  0.4051541080844613
fidelity error =  0.11341008005413589
Secret Independence =  0.4032568146231066
fidelity error =  0.11335964733333362
Secret Independence =  0.40274699988472523
fidelity error =  0.11334699520244632
Secret Independence =  0.4021299254159019
fidelity error =  0.11333168078773004
Secret Independence =  0.4016159385712453
fidelity error =  0.1133190032085214
Secret Independence =  0.4011004597939325
fidelity error =  0.1133063170970198
Secret Independence =  0.40101731381236827
fidelity error =  0.11330427075286735
Secret Independence =  0.4005005154698593
fidelity error =  0.11329160236255131
Secret Independence =  0.4001301366654077
fidelity error =  0.11328252251368287
Secret Independence =  0.39961093418644233
fidelity error =  0.11326994930949714
Secret Independence =  0.3975232778350676
fidelity error =  0.113219382332538
Secret Independence =  0.3972734354217688
fidelity error =  0.1132133293847202
Secret Independence =  0.39674294786924247
fidelity error =  0.11320064355002478
Secret Independence =  0.3946101180883609
fidelity error =  0.11314962068774054
Secret Independence =  0.3933440293510252
fidelity error =  0.1131193173905912
Secret Independence =  0.3927977874951556
fidelity error =  0.11310652095673035
Secret Independence =  0.3917096694783645
fidelity error =  0.1130810218290297
Secret Independence =  0.3911583448474432
fidelity error =  0.11306831002837714
Secret Independence =  0.38894217444652945
fidelity error =  0.1130171819330969
Secret Independence =  0.38850150927554417
fidelity error =  0.11300700973348998
Secret Independence =  0.3879385225253767
fidelity error =  0.11299434157178882
Secret Independence =  0.3860424721920964
fidelity error =  0.11295165164123942
Secret Independence =  0.38547008075275313
fidelity error =  0.11293882616542036
Secret Independence =  0.3831696650308431
fidelity error =  0.1128872401946232
Secret Independence =  0.38061305216144997
fidelity error =  0.11282983113218996
Secret Independence =  0.38002128831155857
fidelity error =  0.11281672238277074
Secret Independence =  0.3787467658801378
fidelity error =  0.11278846806652444
Secret Independence =  0.3781483809882241
fidelity error =  0.11277524178176768
Secret Independence =  0.3775448395356999
fidelity error =  0.11276189463587569
Secret Independence =  0.37694287226153433
fidelity error =  0.11274862183112158
Secret Independence =  0.37452428748098743
fidelity error =  0.11269522219589892
Secret Independence =  0.37095591801052213
fidelity error =  0.11261622521648601
Secret Independence =  0.3703319013757249
fidelity error =  0.11260287396835433
Secret Independence =  0.3678551938492518
fidelity error =  0.11254980037289582
Secret Independence =  0.36722220987806553
fidelity error =  0.11253629473238184
Secret Independence =  0.36658733564740614
fidelity error =  0.11252280568837955
Secret Independence =  0.3643968699253319
fidelity error =  0.11247620009183561
Secret Independence =  0.36375293756927274
fidelity error =  0.1124625621729298
Secret Independence =  0.36276660477891515
fidelity error =  0.11244165456781793
Secret Independence =  0.3621182701460531
fidelity error =  0.11242777173449318
Secret Independence =  0.3595147087252908
fidelity error =  0.11237192194956169
Secret Independence =  0.35878757170465636
fidelity error =  0.11235629544469208
Secret Independence =  0.3581282753044064
fidelity error =  0.11234220306914039
Secret Independence =  0.3572628792964807
fidelity error =  0.11232368988498889
Secret Independence =  0.35659977080209715
fidelity error =  0.11230953487197659
Secret Independence =  0.3554275345259417
fidelity error =  0.11228448575257818
Secret Independence =  0.35475926749098724
fidelity error =  0.11227032809806071
Secret Independence =  0.35472965352262653
fidelity error =  0.11226970045481105
Secret Independence =  0.354059612364619
fidelity error =  0.11225568906455348
Secret Independence =  0.35136963853607195
fidelity error =  0.1121993252210729
Secret Independence =  0.35067725630984703
fidelity error =  0.11218478822133134
Secret Independence =  0.3499962196959654
fidelity error =  0.11217045271336773
Secret Independence =  0.3472624726408645
fidelity error =  0.11211278409604161
Secret Independence =  0.336181053677103
fidelity error =  0.11187698251673256
Secret Independence =  0.3268108587984043
fidelity error =  0.11167504117464308
Secret Independence =  0.32607121222643526
fidelity error =  0.11165984347060873
Secret Independence =  0.32310455678837335
fidelity error =  0.11159871129386251
Secret Independence =  0.3216402334454803
fidelity error =  0.11156843329936433
Secret Independence =  0.32089077355421247
fidelity error =  0.11155292203924655
Secret Independence =  0.31788528742222677
fidelity error =  0.11149052351715477
Secret Independence =  0.31537821292166307
fidelity error =  0.11143823397175552
Secret Independence =  0.3146175341190706
fidelity error =  0.11142273484311455
Secret Independence =  0.31442096555338916
fidelity error =  0.11141872641162504
Secret Independence =  0.3136604604350396
fidelity error =  0.111403271594512
Secret Independence =  0.31061143956614
fidelity error =  0.11134110799514156
Secret Independence =  0.29831232778175354
fidelity error =  0.1110870712139102
Secret Independence =  0.2980467423231884
fidelity error =  0.11108152751828924
Secret Independence =  0.297261359073899
fidelity error =  0.11106577248824158
Secret Independence =  0.2968166536891935
fidelity error =  0.11105684156067079
Secret Independence =  0.29603081910238715
fidelity error =  0.11104130226179917
Secret Independence =  0.29288211541104486
fidelity error =  0.11097881634469103
Secret Independence =  0.28990754486890213
fidelity error =  0.11091945853986837
Secret Independence =  0.2891135389561657
fidelity error =  0.110903532274887
Secret Independence =  0.28593282600940245
fidelity error =  0.1108394956221389
Secret Independence =  0.27314474077275813
fidelity error =  0.11057818397582109
Secret Independence =  0.25985072945994697
fidelity error =  0.11029992253067566
Secret Independence =  0.25903327898670436
fidelity error =  0.11028301450257569
Secret Independence =  0.25576194193168766
fidelity error =  0.11021506253745718
Secret Independence =  0.2522974439678145
fidelity error =  0.1101425935820931
Secret Independence =  0.25147987983314973
fidelity error =  0.11012561360233791
Secret Independence =  0.2512261907584926
fidelity error =  0.11012033872583603
Secret Independence =  0.2504107412776361
fidelity error =  0.1101033360289272
Secret Independence =  0.24714839944486117
fidelity error =  0.11003502381392907
Secret Independence =  0.24563487106765347
fidelity error =  0.11000317288439038
Secret Independence =  0.24482030916602357
fidelity error =  0.10998588307232657
Secret Independence =  0.24156212992281267
fidelity error =  0.10991641794632126
Secret Independence =  0.24134781458261723
fidelity error =  0.10991183140617841
Secret Independence =  0.11339454436160154
fidelity error =  0.10181985841187222
Secret Independence =  0.044510339751500365
fidelity error =  0.101852219597523
Secret Independence =  0.0023671458419256388
fidelity error =  0.09884813395881573
Secret Independence =  0.0013495286559683049
fidelity error =  0.09780747279468263
Secret Independence =  0.00020868104520309455
fidelity error =  0.09484274801490668
Secret Independence =  2.1109366511321656e-05
fidelity error =  0.0932853945306323
Secret Independence =  6.419649908011734e-06
fidelity error =  0.09272052903267755
Secret Independence =  6.471359519795461e-06
fidelity error =  0.09237850368913103
Secret Independence =  1.2708417940943055e-05
fidelity error =  0.09117537629231995
Secret Independence =  3.4354800123563525e-05
fidelity error =  0.08818485562306376
Secret Independence =  0.00010455207368166369
fidelity error =  0.07972528536570764
Secret Independence =  0.0001725337373719834
fidelity error =  0.06877234806076027
Secret Independence =  0.0005529703068670985
fidelity error =  0.04026712243177679
Secret Independence =  0.00018827450956116986
fidelity error =  0.03789010196327054
Secret Independence =  4.589689429420955e-05
fidelity error =  0.03342946563398229
Secret Independence =  2.8263871462432297e-05
fidelity error =  0.024161991269801505
Secret Independence =  4.0517086377217463e-05
fidelity error =  0.01877145199754604
Secret Independence =  0.00013560140177696126
fidelity error =  0.008031126074800561
Secret Independence =  3.250845526713817e-05
fidelity error =  0.0070805122304025536
Secret Independence =  2.3894960922170087e-05
fidelity error =  0.003917552635400367
Secret Independence =  1.9490861344712885e-05
fidelity error =  0.002250314940821578
Secret Independence =  1.1744260292204938e-05
fidelity error =  0.0018776700990550817
Secret Independence =  8.317016158648809e-06
fidelity error =  0.0017833119754849828
Secret Independence =  8.14373912702708e-06
fidelity error =  0.0015631434508949127
Secret Independence =  8.200618814241774e-06
fidelity error =  0.0014081417601431879
Secret Independence =  1.3482033446811432e-05
fidelity error =  0.0010994631139364412
Secret Independence =  9.01127137633304e-06
fidelity error =  0.0011624141999713273
Secret Independence =  8.337669111341315e-06
fidelity error =  0.0010861898986059438
Secret Independence =  8.461343972745262e-06
fidelity error =  0.0010655501458846492
Secret Independence =  7.732801020320418e-06
fidelity error =  0.0010679727173323475
Secret Independence =  7.706585482415275e-06
fidelity error =  0.0010590064020996207
Secret Independence =  8.03223169487067e-06
fidelity error =  0.0009666372116715039
Secret Independence =  9.1920141592452e-06
fidelity error =  0.0007655742426440979
Secret Independence =  1.0950446266601362e-05
fidelity error =  0.00037493223509695077
Secret Independence =  1.0121620330191552e-05
fidelity error =  5.182442890005177e-05
Secret Independence =  1.3891432403750426e-05
fidelity error =  8.169564898504781e-05
Secret Independence =  8.620168696450162e-06
fidelity error =  2.1030673380152264e-05
Secret Independence =  7.460906225957729e-06
fidelity error =  1.0729529064094152e-05
Secret Independence =  7.310406297576908e-06
fidelity error =  6.299349290213582e-06
Secret Independence =  7.306645995435207e-06
fidelity error =  5.994029172738922e-06
Saved → /users/home/gustiani/VeriPulse/data/GRAPE_AVG_p70_det0.00_err0.00-lam0.100-4.json
Secret Independence =  0.498216067012892
fidelity error =  0.1248311360831364
Secret Independence =  0.4982143675594018
fidelity error =  0.12482973741984166
Secret Independence =  0.4982126610922996
fidelity error =  0.12482833328952507
Secret Independence =  0.49820595434708054
fidelity error =  0.12482284313323437
Secret Independence =  0.49820421432870055
fidelity error =  0.12482141204946376
Secret Independence =  0.498197217780586
fidelity error =  0.12481568787323703
Secret Independence =  0.4981686479963081
fidelity error =  0.12479279372801579
Secret Independence =  0.4980450317227815
fidelity error =  0.12470125925384032
Secret Independence =  0.49759847037757887
fidelity error =  0.12443432919184387
Secret Independence =  0.4975941221702328
fidelity error =  0.12443136695944176
Secret Independence =  0.4975766271214082
fidelity error =  0.12441951815766569
Secret Independence =  0.49756402764790886
fidelity error =  0.12441105292819514
Secret Independence =  0.49755951978850677
fidelity error =  0.12440800608365724
Secret Independence =  0.49754138190720115
fidelity error =  0.1243958188342322
Secret Independence =  0.4974671273113501
fidelity error =  0.12434707198417172
Secret Independence =  0.497142863164187
fidelity error =  0.12415212457998215
Secret Independence =  0.4969664046166085
fidelity error =  0.12405574805503972
Secret Independence =  0.496959050149248
fidelity error =  0.12405138883285957
Secret Independence =  0.49692944775483555
fidelity error =  0.12403395213804462
Secret Independence =  0.4968080859667616
fidelity error =  0.12396420865295436
Secret Independence =  0.496275419664182
fidelity error =  0.12368529968858721
Secret Independence =  0.49623516882586316
fidelity error =  0.12366571479554986
Secret Independence =  0.49622415040915246
fidelity error =  0.12365999137663704
Secret Independence =  0.496179787532754
fidelity error =  0.12363709842280891
Secret Independence =  0.49599770937219506
fidelity error =  0.12354553851366873
Secret Independence =  0.4959717277527861
fidelity error =  0.12353277067741991
Secret Independence =  0.49595933411203474
fidelity error =  0.12352658743960078
Secret Independence =  0.4959094301257877
fidelity error =  0.12350185535275258
Secret Independence =  0.49570454436146605
fidelity error =  0.12340294126391077
Secret Independence =  0.4948007567878806
fidelity error =  0.12300754041016734
Secret Independence =  0.49419087265612816
fidelity error =  0.1227693964576163
Secret Independence =  0.49416893121551564
fidelity error =  0.12276059095586392
Secret Independence =  0.4940805516251973
fidelity error =  0.12272537103743403
Secret Independence =  0.4937172163727834
fidelity error =  0.12258452580007466
Secret Independence =  0.4936908923133387
fidelity error =  0.12257455429143646
Secret Independence =  0.49366621343469697
fidelity error =  0.12256512223853575
Secret Independence =  0.4935668010473936
fidelity error =  0.12252739710929805
Secret Independence =  0.4931580073981435
fidelity error =  0.12237654712129956
Secret Independence =  0.49313507262419903
fidelity error =  0.12236827651212498
Secret Independence =  0.49310727555587847
fidelity error =  0.12235817114551395
Secret Independence =  0.49307935578779705
fidelity error =  0.12234806571709086
Secret Independence =  0.49296688174201964
fidelity error =  0.12230764792204182
Secret Independence =  0.4925042736872516
fidelity error =  0.12214604088780667
Secret Independence =  0.49142263627219684
fidelity error =  0.12179324904912092
Secret Independence =  0.49138515227184903
fidelity error =  0.12178134155698933
Secret Independence =  0.4912341273834328
fidelity error =  0.12173371796608082
Secret Independence =  0.49061262089707547
fidelity error =  0.12154332787502357
Secret Independence =  0.4898869531781398
fidelity error =  0.12133127492803
Secret Independence =  0.48984059981764266
fidelity error =  0.1213178824146488
Secret Independence =  0.48965382538368907
fidelity error =  0.12126432088087521
Secret Independence =  0.4888849767927004
fidelity error =  0.12105021412365567
Secret Independence =  0.48818343984734924
fidelity error =  0.12086298112968655
Secret Independence =  0.48812710937351805
fidelity error =  0.12084811351291921
Secret Independence =  0.4879001200423613
fidelity error =  0.12078865373299938
Secret Independence =  0.48723247515782775
fidelity error =  0.12061775195856658
Secret Independence =  0.4871705505322409
fidelity error =  0.120602120285692
Secret Independence =  0.4871524254930515
fidelity error =  0.12059755395356025
Secret Independence =  0.48709013780045035
fidelity error =  0.12058191149346789
Secret Independence =  0.4868808226539717
fidelity error =  0.12052968979139705
Secret Independence =  0.486817019652564
fidelity error =  0.12051380949106733
Secret Independence =  0.486559913757726
fidelity error =  0.12045029880282312
Secret Independence =  0.4855012383119402
fidelity error =  0.12019642919382166
Secret Independence =  0.4831910424850481
fidelity error =  0.11967922538322329
Secret Independence =  0.48310549872054853
fidelity error =  0.11966071511786781
Secret Independence =  0.4827607739579072
fidelity error =  0.11958668959450083
Secret Independence =  0.48134117590858116
fidelity error =  0.11929084369492401
Secret Independence =  0.4768987797616961
fidelity error =  0.11844256520075025
Secret Independence =  0.47677601581300294
fidelity error =  0.11842034464678658
Secret Independence =  0.4762813161648017
fidelity error =  0.11833148729513801
Secret Independence =  0.47424442544602663
fidelity error =  0.11797646868799495
Secret Independence =  0.4725108856571744
fidelity error =  0.1176867968362209
Secret Independence =  0.4723623098964227
fidelity error =  0.11766238139471717
Secret Independence =  0.47211834936993546
fidelity error =  0.11762245354400681
Secret Independence =  0.4719676063233963
fidelity error =  0.11759785890626075
Secret Independence =  0.4713602060703356
fidelity error =  0.11749951390313809
Secret Independence =  0.46886007964005294
fidelity error =  0.11710668821920199
Secret Independence =  0.4664824190779072
fidelity error =  0.11674925492547325
Secret Independence =  0.4662989864661461
fidelity error =  0.1167222015533275
Secret Independence =  0.4655599490482179
fidelity error =  0.11661403036635079
Secret Independence =  0.46472880495984226
fidelity error =  0.11649391241842619
Secret Independence =  0.4645355269243491
fidelity error =  0.1164661360092836
Secret Independence =  0.4643412352504989
fidelity error =  0.11643827578654498
Secret Independence =  0.4636254030477518
fidelity error =  0.11633634820167602
Secret Independence =  0.4634261606361296
fidelity error =  0.11630819621423727
Secret Independence =  0.4626234936079861
fidelity error =  0.11619563030704655
Secret Independence =  0.4619074499966998
fidelity error =  0.11609632872643007
Secret Independence =  0.4616986173863859
fidelity error =  0.1160675068641669
Secret Independence =  0.4611934240189378
fidelity error =  0.1159981366136872
Secret Independence =  0.4609809579165699
fidelity error =  0.1159690376101487
Secret Independence =  0.46012508753593506
fidelity error =  0.11585268466347266
Secret Independence =  0.45865210374433035
fidelity error =  0.1156555719256311
Secret Independence =  0.45842559647694353
fidelity error =  0.115625650790589
Secret Independence =  0.45751322172065567
fidelity error =  0.11550601600814456
Secret Independence =  0.4566038979257129
fidelity error =  0.11538815951117473
Secret Independence =  0.45636616966522175
fidelity error =  0.11535753291681898
Secret Independence =  0.4554086530253165
fidelity error =  0.11523508181175263
Secret Independence =  0.453124182988762
fidelity error =  0.114948552422067
Secret Independence =  0.4528677401728583
fidelity error =  0.11491678000462963
Secret Independence =  0.45183495207493635
fidelity error =  0.1147897501228893
Secret Independence =  0.4502470811270087
fidelity error =  0.11459725677804872
Secret Independence =  0.4499754269859677
fidelity error =  0.11456468856322595
Secret Independence =  0.4488814772800121
fidelity error =  0.11443448407118684
Secret Independence =  0.44885685490001404
fidelity error =  0.11443157066435083
Secret Independence =  0.4485777922610864
fidelity error =  0.11439868921926388
Secret Independence =  0.447615269676793
fidelity error =  0.11428600045705292
Secret Independence =  0.44732981100985525
fidelity error =  0.1142528874904622
Secret Independence =  0.4461803546294621
fidelity error =  0.11412050950138494
Secret Independence =  0.4414618125013835
fidelity error =  0.11359222340130166
Secret Independence =  0.4404878739825378
fidelity error =  0.11348601617674073
Secret Independence =  0.4401651483080955
fidelity error =  0.11345100282514017
Secret Independence =  0.4388658898881897
fidelity error =  0.11331103662154335
Secret Independence =  0.4379871249285696
fidelity error =  0.11321725179524576
Secret Independence =  0.43765187160550817
fidelity error =  0.1131817404662354
Secret Independence =  0.43630227825518697
fidelity error =  0.1130397903211922
Secret Independence =  0.4342549700533309
fidelity error =  0.11282742917364579
Secret Independence =  0.4339010642778468
fidelity error =  0.11279103881578262
Secret Independence =  0.4330184672613887
fidelity error =  0.11270072525100908
Secret Independence =  0.43265872222373913
fidelity error =  0.11266404790728948
Secret Independence =  0.43121075994665314
fidelity error =  0.11251744004046467
Secret Independence =  0.4252771754387916
fidelity error =  0.11193269462105374
Secret Independence =  0.4210921842491697
fidelity error =  0.11153450139490761
Secret Independence =  0.4206744354366177
fidelity error =  0.11149543016567222
Secret Independence =  0.4189936031592401
fidelity error =  0.1113392704859299
Secret Independence =  0.41529271971844817
fidelity error =  0.11100111566710592
Secret Independence =  0.41484843139569944
fidelity error =  0.11096104106951572
Secret Independence =  0.4130611348090779
fidelity error =  0.11080087492189587
Secret Independence =  0.40928554567593645
fidelity error =  0.11046784443539155
Secret Independence =  0.4088147067616881
fidelity error =  0.11042678007509862
Secret Independence =  0.40709677836230573
fidelity error =  0.11027783642792174
Secret Independence =  0.4066168164402485
fidelity error =  0.11023641761583586
Secret Independence =  0.40578342988872723
fidelity error =  0.11016474812426597
Secret Independence =  0.40529828809469554
fidelity error =  0.11012310844049966
Secret Independence =  0.40334726554853745
fidelity error =  0.10995669659687725
Secret Independence =  0.3953795524552786
fidelity error =  0.10929349860069842
Secret Independence =  0.3927777562296614
fidelity error =  0.10908227684782272
Secret Independence =  0.3922386013648759
fidelity error =  0.1090389048425631
Secret Independence =  0.39007125540016513
fidelity error =  0.10886558857902359
Secret Independence =  0.3893317131530999
fidelity error =  0.10880682234385813
Secret Independence =  0.3887803722627874
fidelity error =  0.10876320973054063
Secret Independence =  0.3865643277513674
fidelity error =  0.10858894543921571
Secret Independence =  0.3775340249725167
fidelity error =  0.10789498707523644
Secret Independence =  0.37217951950428063
fidelity error =  0.10749487851616193
Secret Independence =  0.3715658473874146
fidelity error =  0.10744949162079341
Secret Independence =  0.3691006570106476
fidelity error =  0.1072681732062727
Secret Independence =  0.3639058443658416
fidelity error =  0.10689118449279572
Secret Independence =  0.3632662402928847
fidelity error =  0.10684529847210374
Secret Independence =  0.36069762244712245
fidelity error =  0.1066620092576791
Secret Independence =  0.35568826252256314
fidelity error =  0.1063089588975881
Secret Independence =  0.3550249986156809
fidelity error =  0.10626271025972686
Secret Independence =  0.354159634145454
fidelity error =  0.10620251453739085
Secret Independence =  0.35349362875634294
fidelity error =  0.10615642039748341
Secret Independence =  0.3508199370454685
fidelity error =  0.10597233687066232
Secret Independence =  0.3399774660671654
fidelity error =  0.10524084913028259
Secret Independence =  0.335325812260163
fidelity error =  0.10493395728309249
Secret Independence =  0.3346113767500006
fidelity error =  0.10488722330968098
Secret Independence =  0.3317451003895159
fidelity error =  0.10470063059951772
Secret Independence =  0.33044748879954833
fidelity error =  0.1046166240081853
Secret Independence =  0.32972180164363324
fidelity error =  0.10456986935102719
Secret Independence =  0.3268108595817667
fidelity error =  0.10438320224127404
Secret Independence =  0.3150443622917704
fidelity error =  0.10364233755088081
Secret Independence =  0.3145570746889442
fidelity error =  0.10361210715615302
Secret Independence =  0.31379913861673747
fidelity error =  0.10356501447019315
Secret Independence =  0.3107604581494448
fidelity error =  0.10337702797371193
Secret Independence =  0.3049682506416965
fidelity error =  0.10302220958213103
Secret Independence =  0.30419381011417285
fidelity error =  0.10297494504048174
Secret Independence =  0.3025257805707211
fidelity error =  0.10287340773204114
Secret Independence =  0.30174835445859755
fidelity error =  0.10282604368138637
Secret Independence =  0.3013504941328733
fidelity error =  0.10280183392352706
Secret Independence =  0.3005736160627262
fidelity error =  0.10275475930868692
Secret Independence =  0.2988208318447057
fidelity error =  0.10264882881399429
Secret Independence =  0.2980412681630354
fidelity error =  0.10260186421230624
Secret Independence =  0.2949176026789895
fidelity error =  0.1024144331243157
Secret Independence =  0.2843568420209297
fidelity error =  0.10178933127991771
Secret Independence =  0.2835601387820481
fidelity error =  0.10174247236530555
Secret Independence =  0.2803693552610476
fidelity error =  0.10155548665737876
Secret Independence =  0.27812676079501797
fidelity error =  0.1014247102362123
Secret Independence =  0.27732664845940835
fidelity error =  0.10137831190542868
Secret Independence =  0.27522343548209316
fidelity error =  0.10125666186115131
Secret Independence =  0.2744221734883888
fidelity error =  0.10121017192892569
Secret Independence =  0.2712141654772192
fidelity error =  0.10102467785986023
Secret Independence =  0.2700278767346083
fidelity error =  0.10095633885011457
Secret Independence =  0.26922390889875314
fidelity error =  0.10091024032763288
Secret Independence =  0.2660056312622039
fidelity error =  0.10072632342779396
Secret Independence =  0.2602438079999987
fidelity error =  0.1003994459824967
Secret Independence =  0.2594375105097667
fidelity error =  0.10035402487777759
Secret Independence =  0.25621100639455596
fidelity error =  0.10017283936999202
Secret Independence =  0.24329426609330485
fidelity error =  0.09945628933506058
Secret Independence =  0.24070563994857067
fidelity error =  0.09931430037906713
Secret Independence =  0.23989844991416018
fidelity error =  0.0992697462025103
Secret Independence =  0.2366705030209111
fidelity error =  0.09909204614539566
Secret Independence =  0.23118882467482568
fidelity error =  0.09879196332301395
Secret Independence =  0.41807221116768645
fidelity error =  0.14863893533962097
Secret Independence =  0.026914213580817747
fidelity error =  0.08820477907761311
Secret Independence =  0.022886307685246052
fidelity error =  0.08453174157859186
Secret Independence =  0.0012187843058875476
fidelity error =  0.0853037718715734
Secret Independence =  0.0004342426583301246
fidelity error =  0.08454395540804471
Secret Independence =  1.0120700122443379e-05
fidelity error =  0.08305688596437838
Secret Independence =  6.987948772178006e-06
fidelity error =  0.08267530855344526
Secret Independence =  6.1827521606284565e-06
fidelity error =  0.0823139860503789
Secret Independence =  3.072769049031316e-05
fidelity error =  0.0771413430229455
Secret Independence =  8.314481909411987e-05
fidelity error =  0.06937409904674431
Secret Independence =  0.00020176318798627925
fidelity error =  0.052178287942757105
Secret Independence =  0.0001704834374585898
fidelity error =  0.040111044343447186
Secret Independence =  0.00028142498173227843
fidelity error =  0.012989154066748864
Secret Independence =  0.00011789303738926339
fidelity error =  0.010793160131609175
Secret Independence =  1.3868966929040416e-05
fidelity error =  0.009808982014874063
Secret Independence =  1.1178301549884694e-05
fidelity error =  0.00819774198670613
Secret Independence =  4.55919110629063e-05
fidelity error =  0.002828866654951286
Secret Independence =  2.473257368605487e-05
fidelity error =  0.002156885573457025
Secret Independence =  1.0092506345792692e-05
fidelity error =  0.001204264688947847
Secret Independence =  7.559970691013023e-06
fidelity error =  0.0007064440438387502
Secret Independence =  7.6249536783710374e-06
fidelity error =  0.0004943821809215802
Secret Independence =  7.134324499613864e-06
fidelity error =  0.0004372026934601084
Secret Independence =  7.042676724158368e-06
fidelity error =  0.0004271586209728633
Secret Independence =  6.997190837343135e-06
fidelity error =  0.00042494741424729983
Secret Independence =  7.004059181966512e-06
fidelity error =  0.0004186196145879137
Secret Independence =  7.063180002050476e-06
fidelity error =  0.0004036903742707201
Secret Independence =  7.287053823284681e-06
fidelity error =  0.0003556512097595085
Secret Independence =  7.833824362764697e-06
fidelity error =  0.00024090478415094232
Secret Independence =  8.455997914032737e-06
fidelity error =  0.00010041332143125842
Secret Independence =  8.218193559556595e-06
fidelity error =  2.714910926350001e-05
Secret Independence =  7.096116894156036e-06
fidelity error =  1.7200161754609125e-05
Secret Independence =  6.979864922638524e-06
fidelity error =  4.548223157490524e-06
Secret Independence =  7.0096371680147e-06
fidelity error =  4.257840731709791e-06
Secret Independence =  6.944189819374486e-06
fidelity error =  4.119279615874935e-06
Secret Independence =  6.935930017408403e-06
fidelity error =  4.101375379256421e-06
Saved → /users/home/gustiani/VeriPulse/data/GRAPE_AVG_p70_det0.00_err0.00-lam0.100-5.json
