/users/home/gustiani/VeriPulse/.venv/lib/python3.14/site-packages/qutip/core/data/expm.py:146: LinAlgWarning: Matrix is singular. The result might be inaccurate or the array might not have a square root.
  return Dense(scipy.linalg.sqrtm(matrix.as_ndarray()))
Secret Independence =  0.4657878999837104
fidelity error =  0.09533893770922244
Secret Independence =  0.45786732252101403
fidelity error =  0.0918084996481495
Secret Independence =  0.44838751915117775
fidelity error =  0.08801476456894627
Secret Independence =  0.43731111710799453
fidelity error =  0.08400725836018738
Secret Independence =  0.424470031830489
fidelity error =  0.07978461596923966
Secret Independence =  0.40988476761761106
fidelity error =  0.07540049935661568
Secret Independence =  0.3934995168940929
fidelity error =  0.07086428540638935
Secret Independence =  0.37518883512249274
fidelity error =  0.06617175817000584
Secret Independence =  0.3548698306450062
fidelity error =  0.06132022194502683
Secret Independence =  0.3324096547724549
fidelity error =  0.05630283620071128
Secret Independence =  0.30741411277343095
fidelity error =  0.05107030699303469
Secret Independence =  0.2795500476220153
fidelity error =  0.04559942281290415
Secret Independence =  0.24888493116062993
fidelity error =  0.03994954010529127
Secret Independence =  0.2158543186263092
fidelity error =  0.03422894333264046
Secret Independence =  0.1813987625838982
fidelity error =  0.028607208205645433
Secret Independence =  0.14734055103982507
fidelity error =  0.02334162685071254
Secret Independence =  0.15149474149877828
fidelity error =  0.02187361313396268
Secret Independence =  0.0026340568423108405
fidelity error =  0.0027247554115135534
Secret Independence =  0.00016671466957480168
fidelity error =  0.002420483668384601
Secret Independence =  2.6000870128822722e-05
fidelity error =  0.0024246373659746272
Secret Independence =  8.4358563109932e-06
fidelity error =  0.0024219869277186537
Secret Independence =  4.929083380457661e-06
fidelity error =  0.002423066538542151
Secret Independence =  4.800354534595237e-06
fidelity error =  0.002422197582577563
Secret Independence =  4.79278104737722e-06
fidelity error =  0.002421991753440182
Secret Independence =  4.792056010908977e-06
fidelity error =  0.0024218003230769406
Secret Independence =  4.791815256432289e-06
fidelity error =  0.0024214601307606587
Saved → /users/home/gustiani/VeriPulse/data/GRAPE_AVG_p40_det0.00_err0.00-lam4.0-0.json
