.
├── cat.log
├── dummyless
│   ├── CRAB_p100_det0.00_err0.00-1.json
│   ├── CRAB_p100_det0.00_err0.00-2.json
│   ├── CRAB_p100_det0.00_err0.00-3.json
│   ├── CRAB_p100_det0.00_err0.00-4.json
│   ├── CRAB_p100_det0.00_err0.00-5.json
│   ├── CRAB_p120_det0.00_err0.00-1.json
│   ├── CRAB_p120_det0.00_err0.00-2.json
│   ├── CRAB_p120_det0.00_err0.00-3.json
│   ├── CRAB_p120_det0.00_err0.00-4.json
│   ├── CRAB_p120_det0.00_err0.00-5.json
│   ├── CRAB_p30_det0.00_err0.00-1.json
│   ├── CRAB_p30_det0.00_err0.00-2.json
│   ├── CRAB_p30_det0.00_err0.00-3.json
│   ├── CRAB_p30_det0.00_err0.00-4.json
│   ├── CRAB_p30_det0.00_err0.00-5.json
│   ├── CRAB_p40_det0.00_err0.00-1.json
│   ├── CRAB_p40_det0.00_err0.00-2.json
│   ├── CRAB_p40_det0.00_err0.00-3.json
│   ├── CRAB_p40_det0.00_err0.00-4.json
│   ├── CRAB_p40_det0.00_err0.00-5.json
│   ├── CRAB_p50_det0.00_err0.00-1.json
│   ├── CRAB_p50_det0.00_err0.00-2.json
│   ├── CRAB_p50_det0.00_err0.00-3.json
│   ├── CRAB_p50_det0.00_err0.00-4.json
│   ├── CRAB_p50_det0.00_err0.00-5.json
│   ├── CRAB_p60_det0.00_err0.00-1.json
│   ├── CRAB_p60_det0.00_err0.00-2.json
│   ├── CRAB_p60_det0.00_err0.00-3.json
│   ├── CRAB_p60_det0.00_err0.00-4.json
│   ├── CRAB_p60_det0.00_err0.00-5.json
│   ├── CRAB_p70_det0.00_err0.00-1.json
│   ├── CRAB_p70_det0.00_err0.00-2.json
│   ├── CRAB_p70_det0.00_err0.00-3.json
│   ├── CRAB_p70_det0.00_err0.00-4.json
│   ├── CRAB_p70_det0.00_err0.00-5.json
│   ├── CRAB_p80_det0.00_err0.00-1.json
│   ├── CRAB_p80_det0.00_err0.00-2.json
│   ├── CRAB_p80_det0.00_err0.00-3.json
│   ├── CRAB_p80_det0.00_err0.00-4.json
│   ├── CRAB_p80_det0.00_err0.00-5.json
│   ├── GRAPE_AVG_p100_det0.00_err0.00-lam0.100-1.json
│   ├── GRAPE_AVG_p100_det0.00_err0.00-lam0.100-2.json
│   ├── GRAPE_AVG_p100_det0.00_err0.00-lam0.100-3.json
│   ├── GRAPE_AVG_p100_det0.00_err0.00-lam0.100-4.json
│   ├── GRAPE_AVG_p100_det0.00_err0.00-lam0.100-5.json
│   ├── GRAPE_AVG_p120_det0.00_err0.00-lam0.010-1.json
│   ├── GRAPE_AVG_p120_det0.00_err0.00-lam0.010-2.json
│   ├── GRAPE_AVG_p120_det0.00_err0.00-lam0.010-3.json
│   ├── GRAPE_AVG_p120_det0.00_err0.00-lam0.100-1.json
│   ├── GRAPE_AVG_p120_det0.00_err0.00-lam0.100-2.json
│   ├── GRAPE_AVG_p120_det0.00_err0.00-lam0.100-3.json
│   ├── GRAPE_AVG_p120_det0.00_err0.00-lam0.100-4.json
│   ├── GRAPE_AVG_p120_det0.00_err0.00-lam0.100-5.json
│   ├── GRAPE_AVG_p30_det0.00_err0.00-lam0.010-1.json
│   ├── GRAPE_AVG_p30_det0.00_err0.00-lam0.010-2.json
│   ├── GRAPE_AVG_p30_det0.00_err0.00-lam0.010-3.json
│   ├── GRAPE_AVG_p30_det0.00_err0.00-lam0.010-4.json
│   ├── GRAPE_AVG_p30_det0.00_err0.00-lam0.010-5.json
│   ├── GRAPE_AVG_p30_det0.00_err0.00-lam0.050-1.json
│   ├── GRAPE_AVG_p30_det0.00_err0.00-lam0.050-2.json
│   ├── GRAPE_AVG_p30_det0.00_err0.00-lam0.050-3.json
│   ├── GRAPE_AVG_p30_det0.00_err0.00-lam0.050-4.json
│   ├── GRAPE_AVG_p30_det0.00_err0.00-lam0.050-5.json
│   ├── GRAPE_AVG_p30_det0.00_err0.00-lam0.100-1.json
│   ├── GRAPE_AVG_p30_det0.00_err0.00-lam0.100-2.json
│   ├── GRAPE_AVG_p30_det0.00_err0.00-lam0.100-3.json
│   ├── GRAPE_AVG_p30_det0.00_err0.00-lam0.100-4.json
│   ├── GRAPE_AVG_p30_det0.00_err0.00-lam0.100-5.json
│   ├── GRAPE_AVG_p40_det0.00_err0.00-lam0.0050-1.json
│   ├── GRAPE_AVG_p40_det0.00_err0.00-lam0.0050-2.json
│   ├── GRAPE_AVG_p40_det0.00_err0.00-lam0.0050-3.json
│   ├── GRAPE_AVG_p40_det0.00_err0.00-lam0.0050-4.json
│   ├── GRAPE_AVG_p40_det0.00_err0.00-lam0.0050-5.json
│   ├── GRAPE_AVG_p40_det0.00_err0.00-lam0.010-1.json
│   ├── GRAPE_AVG_p40_det0.00_err0.00-lam0.010-2.json
│   ├── GRAPE_AVG_p40_det0.00_err0.00-lam0.010-3.json
│   ├── GRAPE_AVG_p40_det0.00_err0.00-lam0.010-4.json
│   ├── GRAPE_AVG_p40_det0.00_err0.00-lam0.010-5.json
│   ├── GRAPE_AVG_p40_det0.00_err0.00-lam0.0250-1.json
│   ├── GRAPE_AVG_p40_det0.00_err0.00-lam0.0250-2.json
│   ├── GRAPE_AVG_p40_det0.00_err0.00-lam0.0250-3.json
│   ├── GRAPE_AVG_p40_det0.00_err0.00-lam0.0250-4.json
│   ├── GRAPE_AVG_p40_det0.00_err0.00-lam0.0250-5.json
│   ├── GRAPE_AVG_p40_det0.00_err0.00-lam0.0400-1.json
│   ├── GRAPE_AVG_p40_det0.00_err0.00-lam0.0400-2.json
│   ├── GRAPE_AVG_p40_det0.00_err0.00-lam0.0400-3.json
│   ├── GRAPE_AVG_p40_det0.00_err0.00-lam0.0400-4.json
│   ├── GRAPE_AVG_p40_det0.00_err0.00-lam0.0400-5.json
│   ├── GRAPE_AVG_p40_det0.00_err0.00-lam0.050-1.json
│   ├── GRAPE_AVG_p40_det0.00_err0.00-lam0.050-2.json
│   ├── GRAPE_AVG_p40_det0.00_err0.00-lam0.050-3.json
│   ├── GRAPE_AVG_p40_det0.00_err0.00-lam0.050-4.json
│   ├── GRAPE_AVG_p40_det0.00_err0.00-lam0.050-5.json
│   ├── GRAPE_AVG_p40_det0.00_err0.00-lam0.0600-1.json
│   ├── GRAPE_AVG_p40_det0.00_err0.00-lam0.0600-2.json
│   ├── GRAPE_AVG_p40_det0.00_err0.00-lam0.0600-3.json
│   ├── GRAPE_AVG_p40_det0.00_err0.00-lam0.0600-4.json
│   ├── GRAPE_AVG_p40_det0.00_err0.00-lam0.0600-5.json
│   ├── GRAPE_AVG_p40_det0.00_err0.00-lam0.1000-5.json
│   ├── GRAPE_AVG_p40_det0.00_err0.00-lam0.100-1.json
│   ├── GRAPE_AVG_p40_det0.00_err0.00-lam0.100-2.json
│   ├── GRAPE_AVG_p40_det0.00_err0.00-lam0.100-3.json
│   ├── GRAPE_AVG_p40_det0.00_err0.00-lam0.100-4.json
│   ├── GRAPE_AVG_p40_det0.00_err0.00-lam0.5000-1.json
│   ├── GRAPE_AVG_p40_det0.00_err0.00-lam0.5000-2.json
│   ├── GRAPE_AVG_p40_det0.00_err0.00-lam0.5000-3.json
│   ├── GRAPE_AVG_p40_det0.00_err0.00-lam0.5000-4.json
│   ├── GRAPE_AVG_p40_det0.00_err0.00-lam0.5000-5.json
│   ├── GRAPE_AVG_p40_det0.00_err0.00-lam5.0000-1.json
│   ├── GRAPE_AVG_p40_det0.00_err0.00-lam5.0000-2.json
│   ├── GRAPE_AVG_p40_det0.00_err0.00-lam5.0000-3.json
│   ├── GRAPE_AVG_p40_det0.00_err0.00-lam5.0000-4.json
│   ├── GRAPE_AVG_p40_det0.00_err0.00-lam5.0000-5.json
│   ├── GRAPE_AVG_p40_det0.01_err0.00-lam0.0500-1.json
│   ├── GRAPE_AVG_p40_det0.01_err0.00-lam0.0500-2.json
│   ├── GRAPE_AVG_p40_det0.01_err0.00-lam0.0500-3.json
│   ├── GRAPE_AVG_p40_det0.01_err0.00-lam0.0500-4.json
│   ├── GRAPE_AVG_p40_det0.01_err0.00-lam0.0500-5.json
│   ├── GRAPE_AVG_p40_det0.05_err0.00-lam0.0500-1.json
│   ├── GRAPE_AVG_p40_det0.05_err0.00-lam0.0500-2.json
│   ├── GRAPE_AVG_p40_det0.05_err0.00-lam0.0500-3.json
│   ├── GRAPE_AVG_p40_det0.05_err0.00-lam0.0500-4.json
│   ├── GRAPE_AVG_p40_det0.05_err0.00-lam0.0500-5.json
│   ├── GRAPE_AVG_p40_det0.10_err0.00-lam0.0500-1.json
│   ├── GRAPE_AVG_p40_det0.10_err0.00-lam0.0500-2.json
│   ├── GRAPE_AVG_p40_det0.10_err0.00-lam0.0500-3.json
│   ├── GRAPE_AVG_p40_det0.10_err0.00-lam0.0500-4.json
│   ├── GRAPE_AVG_p40_det0.10_err0.00-lam0.0500-5.json
│   ├── GRAPE_AVG_p40_det0.20_err0.00-lam0.0500-1.json
│   ├── GRAPE_AVG_p50_det0.00_err0.00-lam0.010-1.json
│   ├── GRAPE_AVG_p50_det0.00_err0.00-lam0.010-2.json
│   ├── GRAPE_AVG_p50_det0.00_err0.00-lam0.010-3.json
│   ├── GRAPE_AVG_p50_det0.00_err0.00-lam0.010-4.json
│   ├── GRAPE_AVG_p50_det0.00_err0.00-lam0.010-5.json
│   ├── GRAPE_AVG_p50_det0.00_err0.00-lam0.050-1.json
│   ├── GRAPE_AVG_p50_det0.00_err0.00-lam0.050-2.json
│   ├── GRAPE_AVG_p50_det0.00_err0.00-lam0.050-3.json
│   ├── GRAPE_AVG_p50_det0.00_err0.00-lam0.050-4.json
│   ├── GRAPE_AVG_p50_det0.00_err0.00-lam0.050-5.json
│   ├── GRAPE_AVG_p50_det0.00_err0.00-lam0.100-1.json
│   ├── GRAPE_AVG_p50_det0.00_err0.00-lam0.100-2.json
│   ├── GRAPE_AVG_p50_det0.00_err0.00-lam0.100-3.json
│   ├── GRAPE_AVG_p50_det0.00_err0.00-lam0.100-4.json
│   ├── GRAPE_AVG_p50_det0.00_err0.00-lam0.100-5.json
│   ├── GRAPE_AVG_p60_det0.00_err0.00-lam0.010-1.json
│   ├── GRAPE_AVG_p60_det0.00_err0.00-lam0.010-2.json
│   ├── GRAPE_AVG_p60_det0.00_err0.00-lam0.010-3.json
│   ├── GRAPE_AVG_p60_det0.00_err0.00-lam0.010-4.json
│   ├── GRAPE_AVG_p60_det0.00_err0.00-lam0.010-5.json
│   ├── GRAPE_AVG_p60_det0.00_err0.00-lam0.050-1.json
│   ├── GRAPE_AVG_p60_det0.00_err0.00-lam0.050-2.json
│   ├── GRAPE_AVG_p60_det0.00_err0.00-lam0.050-3.json
│   ├── GRAPE_AVG_p60_det0.00_err0.00-lam0.050-4.json
│   ├── GRAPE_AVG_p60_det0.00_err0.00-lam0.050-5.json
│   ├── GRAPE_AVG_p60_det0.00_err0.00-lam0.100-1.json
│   ├── GRAPE_AVG_p60_det0.00_err0.00-lam0.100-2.json
│   ├── GRAPE_AVG_p60_det0.00_err0.00-lam0.100-3.json
│   ├── GRAPE_AVG_p60_det0.00_err0.00-lam0.100-4.json
│   ├── GRAPE_AVG_p60_det0.00_err0.00-lam0.100-5.json
│   ├── GRAPE_AVG_p70_det0.00_err0.00-lam0.0050-1.json
│   ├── GRAPE_AVG_p70_det0.00_err0.00-lam0.0050-2.json
│   ├── GRAPE_AVG_p70_det0.00_err0.00-lam0.0050-3.json
│   ├── GRAPE_AVG_p70_det0.00_err0.00-lam0.0050-4.json
│   ├── GRAPE_AVG_p70_det0.00_err0.00-lam0.0050-5.json
│   ├── GRAPE_AVG_p70_det0.00_err0.00-lam0.010-1.json
│   ├── GRAPE_AVG_p70_det0.00_err0.00-lam0.010-2.json
│   ├── GRAPE_AVG_p70_det0.00_err0.00-lam0.010-3.json
│   ├── GRAPE_AVG_p70_det0.00_err0.00-lam0.010-4.json
│   ├── GRAPE_AVG_p70_det0.00_err0.00-lam0.010-5.json
│   ├── GRAPE_AVG_p70_det0.00_err0.00-lam0.0250-1.json
│   ├── GRAPE_AVG_p70_det0.00_err0.00-lam0.0250-2.json
│   ├── GRAPE_AVG_p70_det0.00_err0.00-lam0.0250-3.json
│   ├── GRAPE_AVG_p70_det0.00_err0.00-lam0.0250-4.json
│   ├── GRAPE_AVG_p70_det0.00_err0.00-lam0.0250-5.json
│   ├── GRAPE_AVG_p70_det0.00_err0.00-lam0.0400-1.json
│   ├── GRAPE_AVG_p70_det0.00_err0.00-lam0.0400-2.json
│   ├── GRAPE_AVG_p70_det0.00_err0.00-lam0.0400-3.json
│   ├── GRAPE_AVG_p70_det0.00_err0.00-lam0.0400-4.json
│   ├── GRAPE_AVG_p70_det0.00_err0.00-lam0.0400-5.json
│   ├── GRAPE_AVG_p70_det0.00_err0.00-lam0.0500-4.json
│   ├── GRAPE_AVG_p70_det0.00_err0.00-lam0.0500-5.json
│   ├── GRAPE_AVG_p70_det0.00_err0.00-lam0.050-1.json
│   ├── GRAPE_AVG_p70_det0.00_err0.00-lam0.050-2.json
│   ├── GRAPE_AVG_p70_det0.00_err0.00-lam0.050-3.json
│   ├── GRAPE_AVG_p70_det0.00_err0.00-lam0.0600-1.json
│   ├── GRAPE_AVG_p70_det0.00_err0.00-lam0.0600-2.json
│   ├── GRAPE_AVG_p70_det0.00_err0.00-lam0.0600-3.json
│   ├── GRAPE_AVG_p70_det0.00_err0.00-lam0.0600-4.json
│   ├── GRAPE_AVG_p70_det0.00_err0.00-lam0.0600-5.json
│   ├── GRAPE_AVG_p70_det0.00_err0.00-lam0.100-1.json
│   ├── GRAPE_AVG_p70_det0.00_err0.00-lam0.100-2.json
│   ├── GRAPE_AVG_p70_det0.00_err0.00-lam0.100-3.json
│   ├── GRAPE_AVG_p70_det0.00_err0.00-lam0.100-4.json
│   ├── GRAPE_AVG_p70_det0.00_err0.00-lam0.100-5.json
│   ├── GRAPE_AVG_p70_det0.00_err0.00-lam0.5000-1.json
│   ├── GRAPE_AVG_p70_det0.00_err0.00-lam0.5000-2.json
│   ├── GRAPE_AVG_p70_det0.00_err0.00-lam0.5000-3.json
│   ├── GRAPE_AVG_p70_det0.00_err0.00-lam0.5000-4.json
│   ├── GRAPE_AVG_p70_det0.00_err0.00-lam0.5000-5.json
│   ├── GRAPE_AVG_p70_det0.00_err0.00-lam5.0000-1.json
│   ├── GRAPE_AVG_p70_det0.00_err0.00-lam5.0000-2.json
│   ├── GRAPE_AVG_p70_det0.00_err0.00-lam5.0000-3.json
│   ├── GRAPE_AVG_p70_det0.00_err0.00-lam5.0000-4.json
│   ├── GRAPE_AVG_p70_det0.00_err0.00-lam5.0000-5.json
│   ├── GRAPE_AVG_p80_det0.00_err0.00-lam0.010-1.json
│   ├── GRAPE_AVG_p80_det0.00_err0.00-lam0.010-2.json
│   ├── GRAPE_AVG_p80_det0.00_err0.00-lam0.010-3.json
│   ├── GRAPE_AVG_p80_det0.00_err0.00-lam0.010-4.json
│   ├── GRAPE_AVG_p80_det0.00_err0.00-lam0.010-5.json
│   ├── GRAPE_AVG_p80_det0.00_err0.00-lam0.050-1.json
│   ├── GRAPE_AVG_p80_det0.00_err0.00-lam0.050-2.json
│   ├── GRAPE_AVG_p80_det0.00_err0.00-lam0.050-3.json
│   ├── GRAPE_AVG_p80_det0.00_err0.00-lam0.050-4.json
│   ├── GRAPE_AVG_p80_det0.00_err0.00-lam0.050-5.json
│   ├── GRAPE_AVG_p80_det0.00_err0.00-lam0.100-1.json
│   ├── GRAPE_AVG_p80_det0.00_err0.00-lam0.100-2.json
│   ├── GRAPE_AVG_p80_det0.00_err0.00-lam0.100-3.json
│   ├── GRAPE_AVG_p80_det0.00_err0.00-lam0.100-4.json
│   ├── GRAPE_AVG_p80_det0.00_err0.00-lam0.100-5.json
│   ├── GRAPE_p100_det0.00_err0.00-1.json
│   ├── GRAPE_p100_det0.00_err0.00-2.json
│   ├── GRAPE_p100_det0.00_err0.00-3.json
│   ├── GRAPE_p100_det0.00_err0.00-4.json
│   ├── GRAPE_p100_det0.00_err0.00-5.json
│   ├── GRAPE_p120_det0.00_err0.00-1.json
│   ├── GRAPE_p120_det0.00_err0.00-2.json
│   ├── GRAPE_p120_det0.00_err0.00-3.json
│   ├── GRAPE_p120_det0.00_err0.00-4.json
│   ├── GRAPE_p120_det0.00_err0.00-5.json
│   ├── GRAPE_p30_det0.00_err0.00-1.json
│   ├── GRAPE_p30_det0.00_err0.00-2.json
│   ├── GRAPE_p30_det0.00_err0.00-3.json
│   ├── GRAPE_p30_det0.00_err0.00-4.json
│   ├── GRAPE_p30_det0.00_err0.00-5.json
│   ├── GRAPE_p40_det0.00_err0.00-1.json
│   ├── GRAPE_p40_det0.00_err0.00-2.json
│   ├── GRAPE_p40_det0.00_err0.00-3.json
│   ├── GRAPE_p40_det0.00_err0.00-4.json
│   ├── GRAPE_p40_det0.00_err0.00-5.json
│   ├── GRAPE_p50_det0.00_err0.00-1.json
│   ├── GRAPE_p50_det0.00_err0.00-2.json
│   ├── GRAPE_p50_det0.00_err0.00-3.json
│   ├── GRAPE_p50_det0.00_err0.00-4.json
│   ├── GRAPE_p50_det0.00_err0.00-5.json
│   ├── GRAPE_p60_det0.00_err0.00-1.json
│   ├── GRAPE_p60_det0.00_err0.00-2.json
│   ├── GRAPE_p60_det0.00_err0.00-3.json
│   ├── GRAPE_p60_det0.00_err0.00-4.json
│   ├── GRAPE_p60_det0.00_err0.00-5.json
│   ├── GRAPE_p70_det0.00_err0.00-1.json
│   ├── GRAPE_p70_det0.00_err0.00-2.json
│   ├── GRAPE_p70_det0.00_err0.00-3.json
│   ├── GRAPE_p70_det0.00_err0.00-4.json
│   ├── GRAPE_p70_det0.00_err0.00-5.json
│   ├── GRAPE_p80_det0.00_err0.00-1.json
│   ├── GRAPE_p80_det0.00_err0.00-2.json
│   ├── GRAPE_p80_det0.00_err0.00-3.json
│   ├── GRAPE_p80_det0.00_err0.00-4.json
│   ├── GRAPE_p80_det0.00_err0.00-5.json
│   ├── rhoEsti1.json
│   ├── test_avg.json
│   ├── test_crab.json
│   └── test_grape.json
└── dummyyes
    ├── CRAB_p100_det0.00_err0.00-1.json
    ├── CRAB_p100_det0.00_err0.00-2.json
    ├── CRAB_p100_det0.00_err0.00-3.json
    ├── CRAB_p100_det0.00_err0.00-4.json
    ├── CRAB_p100_det0.00_err0.00-5.json
    ├── CRAB_p30_det0.00_err0.00-1.json
    ├── CRAB_p30_det0.00_err0.00-2.json
    ├── CRAB_p30_det0.00_err0.00-3.json
    ├── CRAB_p30_det0.00_err0.00-4.json
    ├── CRAB_p30_det0.00_err0.00-5.json
    ├── CRAB_p40_det0.00_err0.00-1.json
    ├── CRAB_p40_det0.00_err0.00-2.json
    ├── CRAB_p40_det0.00_err0.00-3.json
    ├── CRAB_p40_det0.00_err0.00-4.json
    ├── CRAB_p40_det0.00_err0.00-5.json
    ├── CRAB_p50_det0.00_err0.00-1.json
    ├── CRAB_p50_det0.00_err0.00-2.json
    ├── CRAB_p50_det0.00_err0.00-3.json
    ├── CRAB_p50_det0.00_err0.00-4.json
    ├── CRAB_p50_det0.00_err0.00-5.json
    ├── CRAB_p60_det0.00_err0.00-1.json
    ├── CRAB_p60_det0.00_err0.00-2.json
    ├── CRAB_p60_det0.00_err0.00-3.json
    ├── CRAB_p60_det0.00_err0.00-4.json
    ├── CRAB_p60_det0.00_err0.00-5.json
    ├── CRAB_p70_det0.00_err0.00-1.json
    ├── CRAB_p70_det0.00_err0.00-2.json
    ├── CRAB_p70_det0.00_err0.00-3.json
    ├── CRAB_p70_det0.00_err0.00-4.json
    ├── CRAB_p70_det0.00_err0.00-5.json
    ├── CRAB_p80_det0.00_err0.00-1.json
    ├── CRAB_p80_det0.00_err0.00-2.json
    ├── CRAB_p80_det0.00_err0.00-3.json
    ├── CRAB_p80_det0.00_err0.00-4.json
    ├── CRAB_p80_det0.00_err0.00-5.json
    ├── CRAB_p90_det0.00_err0.00-1.json
    ├── CRAB_p90_det0.00_err0.00-2.json
    ├── CRAB_p90_det0.00_err0.00-3.json
    ├── CRAB_p90_det0.00_err0.00-4.json
    ├── CRAB_p90_det0.00_err0.00-5.json
    ├── GRAPE_AVG_p30_det0.00_err0.00-lam0.0250-1.json
    ├── GRAPE_AVG_p30_det0.00_err0.00-lam0.0250-2.json
    ├── GRAPE_AVG_p30_det0.00_err0.00-lam0.0250-3.json
    ├── GRAPE_AVG_p30_det0.00_err0.00-lam0.0250-4.json
    ├── GRAPE_AVG_p30_det0.00_err0.00-lam0.0250-5.json
    ├── GRAPE_AVG_p30_det0.00_err0.00-lam0.0500-1.json
    ├── GRAPE_AVG_p30_det0.00_err0.00-lam0.0500-2.json
    ├── GRAPE_AVG_p30_det0.00_err0.00-lam0.0500-3.json
    ├── GRAPE_AVG_p30_det0.00_err0.00-lam0.0500-4.json
    ├── GRAPE_AVG_p30_det0.00_err0.00-lam0.0500-5.json
    ├── GRAPE_AVG_p40_det0.00_err0.00-lam0.0005-1.json
    ├── GRAPE_AVG_p40_det0.00_err0.00-lam0.0005-2.json
    ├── GRAPE_AVG_p40_det0.00_err0.00-lam0.0005-3.json
    ├── GRAPE_AVG_p40_det0.00_err0.00-lam0.0005-4.json
    ├── GRAPE_AVG_p40_det0.00_err0.00-lam0.0005-5.json
    ├── GRAPE_AVG_p40_det0.00_err0.00-lam0.0050-1.json
    ├── GRAPE_AVG_p40_det0.00_err0.00-lam0.0050-2.json
    ├── GRAPE_AVG_p40_det0.00_err0.00-lam0.0050-3.json
    ├── GRAPE_AVG_p40_det0.00_err0.00-lam0.0050-4.json
    ├── GRAPE_AVG_p40_det0.00_err0.00-lam0.0050-5.json
    ├── GRAPE_AVG_p40_det0.00_err0.00-lam0.0100-1.json
    ├── GRAPE_AVG_p40_det0.00_err0.00-lam0.0100-2.json
    ├── GRAPE_AVG_p40_det0.00_err0.00-lam0.0100-3.json
    ├── GRAPE_AVG_p40_det0.00_err0.00-lam0.0100-4.json
    ├── GRAPE_AVG_p40_det0.00_err0.00-lam0.0100-5.json
    ├── GRAPE_AVG_p40_det0.00_err0.00-lam0.0250-1.json
    ├── GRAPE_AVG_p40_det0.00_err0.00-lam0.0250-2.json
    ├── GRAPE_AVG_p40_det0.00_err0.00-lam0.0250-3.json
    ├── GRAPE_AVG_p40_det0.00_err0.00-lam0.0250-4.json
    ├── GRAPE_AVG_p40_det0.00_err0.00-lam0.0250-5.json
    ├── GRAPE_AVG_p40_det0.00_err0.00-lam0.0260-1.json
    ├── GRAPE_AVG_p40_det0.00_err0.00-lam0.0260-2.json
    ├── GRAPE_AVG_p40_det0.00_err0.00-lam0.0260-3.json
    ├── GRAPE_AVG_p40_det0.00_err0.00-lam0.0260-4.json
    ├── GRAPE_AVG_p40_det0.00_err0.00-lam0.0260-5.json
    ├── GRAPE_AVG_p40_det0.00_err0.00-lam0.0270-0.json
    ├── GRAPE_AVG_p40_det0.00_err0.00-lam0.0270-1.json
    ├── GRAPE_AVG_p40_det0.00_err0.00-lam0.0270-2.json
    ├── GRAPE_AVG_p40_det0.00_err0.00-lam0.0280-0.json
    ├── GRAPE_AVG_p40_det0.00_err0.00-lam0.0290-0.json
    ├── GRAPE_AVG_p40_det0.00_err0.00-lam0.0290-1.json
    ├── GRAPE_AVG_p40_det0.00_err0.00-lam0.0290-2.json
    ├── GRAPE_AVG_p40_det0.00_err0.00-lam0.0300-0.json
    ├── GRAPE_AVG_p40_det0.00_err0.00-lam0.0300-1.json
    ├── GRAPE_AVG_p40_det0.00_err0.00-lam0.0300-2.json
    ├── GRAPE_AVG_p40_det0.00_err0.00-lam0.0325-1.json
    ├── GRAPE_AVG_p40_det0.00_err0.00-lam0.0325-2.json
    ├── GRAPE_AVG_p40_det0.00_err0.00-lam0.0325-3.json
    ├── GRAPE_AVG_p40_det0.00_err0.00-lam0.0375-1.json
    ├── GRAPE_AVG_p40_det0.00_err0.00-lam0.0375-2.json
    ├── GRAPE_AVG_p40_det0.00_err0.00-lam0.0500-1.json
    ├── GRAPE_AVG_p40_det0.00_err0.00-lam0.0500-2.json
    ├── GRAPE_AVG_p40_det0.00_err0.00-lam0.0500-3.json
    ├── GRAPE_AVG_p40_det0.00_err0.00-lam0.0500-4.json
    ├── GRAPE_AVG_p40_det0.00_err0.00-lam0.0500-5.json
    ├── GRAPE_AVG_p40_det0.00_err0.00-lam0.1000-1.json
    ├── GRAPE_AVG_p40_det0.00_err0.00-lam0.1000-2.json
    ├── GRAPE_AVG_p40_det0.00_err0.00-lam0.1000-3.json
    ├── GRAPE_AVG_p40_det0.00_err0.00-lam0.1000-4.json
    ├── GRAPE_AVG_p40_det0.00_err0.00-lam0.1000-5.json
    ├── GRAPE_AVG_p40_det0.00_err0.00-lam0.5000-1.json
    ├── GRAPE_AVG_p40_det0.00_err0.00-lam0.5000-2.json
    ├── GRAPE_AVG_p40_det0.00_err0.00-lam0.5000-3.json
    ├── GRAPE_AVG_p40_det0.00_err0.00-lam0.5000-4.json
    ├── GRAPE_AVG_p40_det0.00_err0.00-lam0.5000-5.json
    ├── GRAPE_AVG_p40_det0.00_err0.00-lam5.0000-1.json
    ├── GRAPE_AVG_p40_det0.00_err0.00-lam5.0000-2.json
    ├── GRAPE_AVG_p40_det0.00_err0.00-lam5.0000-3.json
    ├── GRAPE_AVG_p40_det0.00_err0.00-lam5.0000-4.json
    ├── GRAPE_AVG_p40_det0.00_err0.00-lam5.0000-5.json
    ├── GRAPE_AVG_p40_det0.01_err0.00-lam0.0260-1.json
    ├── GRAPE_AVG_p40_det0.01_err0.00-lam0.0260-2.json
    ├── GRAPE_AVG_p40_det0.01_err0.00-lam0.0260-3.json
    ├── GRAPE_AVG_p40_det0.01_err0.00-lam0.0260-4.json
    ├── GRAPE_AVG_p40_det0.01_err0.00-lam0.0260-5.json
    ├── GRAPE_AVG_p70_det0.00_err0.00-lam0.0400-1.json
    ├── GRAPE_AVG_p70_det0.00_err0.00-lam0.0400-2.json
    ├── GRAPE_AVG_p70_det0.00_err0.00-lam0.0400-3.json
    ├── GRAPE_AVG_p70_det0.00_err0.00-lam0.0400-4.json
    ├── GRAPE_AVG_p70_det0.00_err0.00-lam0.0600-1.json
    ├── GRAPE_AVG_p70_det0.00_err0.00-lam0.0600-2.json
    ├── GRAPE_AVG_p70_det0.00_err0.00-lam0.0600-3.json
    ├── GRAPE_AVG_p70_det0.00_err0.00-lam0.0600-4.json
    ├── GRAPE_AVG_p70_det0.00_err0.00-lam0.0600-5.json
    ├── GRAPE_p100_det0.00_err0.00-1.json
    ├── GRAPE_p100_det0.00_err0.00-2.json
    ├── GRAPE_p100_det0.00_err0.00-3.json
    ├── GRAPE_p100_det0.00_err0.00-4.json
    ├── GRAPE_p100_det0.00_err0.00-5.json
    ├── GRAPE_p30_det0.00_err0.00-1.json
    ├── GRAPE_p30_det0.00_err0.00-2.json
    ├── GRAPE_p30_det0.00_err0.00-3.json
    ├── GRAPE_p30_det0.00_err0.00-4.json
    ├── GRAPE_p30_det0.00_err0.00-5.json
    ├── GRAPE_p40_det0.00_err0.00-1.json
    ├── GRAPE_p40_det0.00_err0.00-2.json
    ├── GRAPE_p40_det0.00_err0.00-3.json
    ├── GRAPE_p40_det0.00_err0.00-4.json
    ├── GRAPE_p40_det0.00_err0.00-5.json
    ├── GRAPE_p50_det0.00_err0.00-1.json
    ├── GRAPE_p50_det0.00_err0.00-2.json
    ├── GRAPE_p50_det0.00_err0.00-3.json
    ├── GRAPE_p50_det0.00_err0.00-4.json
    ├── GRAPE_p50_det0.00_err0.00-5.json
    ├── GRAPE_p60_det0.00_err0.00-1.json
    ├── GRAPE_p60_det0.00_err0.00-2.json
    ├── GRAPE_p60_det0.00_err0.00-3.json
    ├── GRAPE_p60_det0.00_err0.00-4.json
    ├── GRAPE_p60_det0.00_err0.00-5.json
    ├── GRAPE_p70_det0.00_err0.00-1.json
    ├── GRAPE_p70_det0.00_err0.00-2.json
    ├── GRAPE_p70_det0.00_err0.00-3.json
    ├── GRAPE_p70_det0.00_err0.00-4.json
    ├── GRAPE_p70_det0.00_err0.00-5.json
    ├── GRAPE_p80_det0.00_err0.00-1.json
    ├── GRAPE_p80_det0.00_err0.00-2.json
    ├── GRAPE_p80_det0.00_err0.00-3.json
    ├── GRAPE_p80_det0.00_err0.00-4.json
    ├── GRAPE_p80_det0.00_err0.00-5.json
    ├── GRAPE_p90_det0.00_err0.00-1.json
    ├── GRAPE_p90_det0.00_err0.00-2.json
    ├── GRAPE_p90_det0.00_err0.00-3.json
    ├── GRAPE_p90_det0.00_err0.00-4.json
    └── GRAPE_p90_det0.00_err0.00-5.json

3 directories, 428 files
