Secret Independence =  0.45361042508264005
fidelity error =  0.1024528041244265
Secret Independence =  0.4535640676704439
fidelity error =  0.10244131463415726
Secret Independence =  0.45351766640877667
fidelity error =  0.1024298201052477
Secret Independence =  0.4533318373092097
fidelity error =  0.10238384146493774
Secret Independence =  0.45258494188259757
fidelity error =  0.10219991901137682
Secret Independence =  0.4495404731209133
fidelity error =  0.101464135106232
Secret Independence =  0.44919192519748624
fidelity error =  0.10138126096529942
Secret Independence =  0.44914159617097793
fidelity error =  0.10136932498133286
Secret Independence =  0.4489400431006055
fidelity error =  0.10132158051094592
Secret Independence =  0.4481300462266389
fidelity error =  0.10113059464542025
Secret Independence =  0.44482994858550096
fidelity error =  0.10036655985229362
Secret Independence =  0.44273237555389505
fidelity error =  0.09989199000690425
Secret Independence =  0.4426762311097262
fidelity error =  0.09987941280670842
Secret Independence =  0.44245139776745623
fidelity error =  0.0998291038415356
Secret Independence =  0.4415479838780883
fidelity error =  0.09962786602294622
Secret Independence =  0.44007820508643847
fidelity error =  0.09930351426757628
Secret Independence =  0.44001994635369834
fidelity error =  0.09929075062916416
Secret Independence =  0.43978665121584115
fidelity error =  0.09923969643513486
Secret Independence =  0.43902177330259307
fidelity error =  0.09907294891606203
Secret Independence =  0.43896267851141985
fidelity error =  0.09906012549661095
Secret Independence =  0.4387260372484838
fidelity error =  0.09900883216513842
Secret Independence =  0.437775288089152
fidelity error =  0.09880366510047024
Secret Independence =  0.43390595894354794
fidelity error =  0.0979831431378847
Secret Independence =  0.43137519747365716
fidelity error =  0.09745830138342539
Secret Independence =  0.43130986081441935
fidelity error =  0.09744490738556766
Secret Independence =  0.4310482376163864
fidelity error =  0.09739133276897748
Secret Independence =  0.43041149543908297
fidelity error =  0.09726132759627326
Secret Independence =  0.4303455548061009
fidelity error =  0.0972478926492426
Secret Independence =  0.430081515231054
fidelity error =  0.09719415437247719
Secret Independence =  0.42902093601158786
fidelity error =  0.09697922628603783
Secret Independence =  0.4251719534917206
fidelity error =  0.09621119881212963
Secret Independence =  0.42510184171838566
fidelity error =  0.09619742113035691
Secret Independence =  0.42482110896199227
fidelity error =  0.09614231248938351
Secret Independence =  0.42369362065147315
fidelity error =  0.09592191221939239
Secret Independence =  0.42075950833455694
fidelity error =  0.09535512187461469
Secret Independence =  0.4206860499958148
fidelity error =  0.09534111071888143
Secret Independence =  0.4203919252183167
fidelity error =  0.09528506863619238
Secret Independence =  0.41921077795595607
fidelity error =  0.09506094192840772
Secret Independence =  0.4170068211032404
fidelity error =  0.09464660963693498
Secret Independence =  0.4169306039542243
fidelity error =  0.09463242427826066
Secret Independence =  0.41662543993806034
fidelity error =  0.09457568578993884
Secret Independence =  0.41650928020650374
fidelity error =  0.09455411274444253
Secret Independence =  0.4164328007378024
fidelity error =  0.09453993271507687
Secret Independence =  0.41612658768705546
fidelity error =  0.09448321546103738
Secret Independence =  0.4148970284670095
fidelity error =  0.09425639329446178
Secret Independence =  0.40990450136431755
fidelity error =  0.09334992049209395
Secret Independence =  0.40531465710364045
fidelity error =  0.0925358384507746
Secret Independence =  0.40523007744843154
fidelity error =  0.09252105576054488
Secret Independence =  0.40489145459132275
fidelity error =  0.09246192921956549
Secret Independence =  0.40353211477404427
fidelity error =  0.09222549177376925
Secret Independence =  0.39801843497703554
fidelity error =  0.09128091826295345
Secret Independence =  0.3897008261489082
fidelity error =  0.08989651803469917
Secret Independence =  0.38960583176058705
fidelity error =  0.08988096770159389
Secret Independence =  0.3892255466856547
fidelity error =  0.08981877264072297
Secret Independence =  0.38769951060223096
fidelity error =  0.08957009417822634
Secret Independence =  0.38761502129841874
fidelity error =  0.08955636785583472
Secret Independence =  0.38751898660043155
fidelity error =  0.08954077277174102
Secret Independence =  0.3871345420244248
fidelity error =  0.0894783990585713
Secret Independence =  0.38559189618642725
fidelity error =  0.08922901163215331
Secret Independence =  0.38115195885402314
fidelity error =  0.08851902456257818
Secret Independence =  0.3810522600973456
fidelity error =  0.08850322617882198
Secret Independence =  0.38065316308854746
fidelity error =  0.08844004044429744
Secret Independence =  0.379051970256732
fidelity error =  0.08818742384188408
Secret Independence =  0.3725720601171366
fidelity error =  0.08717907659409166
Secret Independence =  0.3643989199546493
fidelity error =  0.08593706806953076
Secret Independence =  0.36429005879493526
fidelity error =  0.0859207977635321
Secret Independence =  0.3638543261626025
fidelity error =  0.08585572686329461
Secret Independence =  0.36210681994069094
fidelity error =  0.08559561018482413
Secret Independence =  0.35904230348394056
fidelity error =  0.08514267534576492
Secret Independence =  0.3589307622447898
fidelity error =  0.08512626748027301
Secret Independence =  0.35848431599030023
fidelity error =  0.08506064713236497
Secret Independence =  0.3566940640692724
fidelity error =  0.08479834537475554
Secret Independence =  0.3514981129937159
fidelity error =  0.08404442149214988
Secret Independence =  0.35138324765895423
fidelity error =  0.08402787418659569
Secret Independence =  0.3509235165845354
fidelity error =  0.08396169732378193
Secret Independence =  0.34908031239417714
fidelity error =  0.08369718951096321
Secret Independence =  0.34526724657689645
fidelity error =  0.08315405129696173
Secret Independence =  0.34514995246103486
fidelity error =  0.08313737343437613
Secret Independence =  0.3446805174970365
fidelity error =  0.0830706747870916
Secret Independence =  0.3438290245904927
fidelity error =  0.08294989360889958
Secret Independence =  0.343711147355925
fidelity error =  0.08293319367682186
Secret Independence =  0.34323938253184166
fidelity error =  0.08286640692982389
Secret Independence =  0.3413482667434319
fidelity error =  0.08259946961941121
Secret Independence =  0.3337213278431814
fidelity error =  0.08153520169743063
Secret Independence =  0.32954545688772363
fidelity error =  0.08096046426537483
Secret Independence =  0.32942228378171956
fidelity error =  0.08094359269377696
Secret Independence =  0.32892936381876836
fidelity error =  0.08087612174144838
Secret Independence =  0.32840462575013774
fidelity error =  0.08080437698101632
Secret Independence =  0.32828142535266813
fidelity error =  0.08078748298336348
Secret Independence =  0.3277883996055977
fidelity error =  0.08071992192066373
Secret Independence =  0.3258531722738869
fidelity error =  0.08045543125270924
Secret Independence =  0.32572917096788634
fidelity error =  0.08043853325953049
Secret Independence =  0.3252329471450406
fidelity error =  0.08037095645941572
Secret Independence =  0.32324459585401466
fidelity error =  0.08010089416335238
Secret Independence =  0.3152385717903781
fidelity error =  0.07902470054214883
Secret Independence =  0.3097839555371331
fidelity error =  0.0783012572624674
Secret Independence =  0.30965561724838053
fidelity error =  0.07828436470619235
Secret Independence =  0.30914208567782087
fidelity error =  0.07821681283297666
Secret Independence =  0.30708514936938214
fidelity error =  0.0779469011914261
Secret Independence =  0.29881531403063655
fidelity error =  0.07687213029115167
Secret Independence =  0.29510803432637195
fidelity error =  0.07639550235328921
Secret Independence =  0.2949765103728268
fidelity error =  0.07637860254150201
Secret Independence =  0.2944502754263727
fidelity error =  0.0763110241126208
Secret Independence =  0.29234315652395215
fidelity error =  0.0760410457958818
Secret Independence =  0.2918992423556448
fidelity error =  0.07598429293054335
Secret Independence =  0.29176714863895453
fidelity error =  0.0759673821555667
Secret Independence =  0.29123864336911415
fidelity error =  0.07589976032598938
Secret Independence =  0.2891225832681299
fidelity error =  0.07562961565644007
Secret Independence =  0.28780155683151004
fidelity error =  0.07546145213990126
Secret Independence =  0.2876690912229429
fidelity error =  0.07544453977555478
Secret Independence =  0.2871391099190209
fidelity error =  0.0753769116742003
Secret Independence =  0.28644222057193014
fidelity error =  0.07528807393322509
Secret Independence =  0.28630990020894076
fidelity error =  0.07527121677080054
Secret Independence =  0.2857805039880212
fidelity error =  0.07520380973333479
Secret Independence =  0.28366113013032507
fidelity error =  0.07493452970072811
Secret Independence =  0.27703654868254707
fidelity error =  0.07409861729286335
Secret Independence =  0.2769029488788938
fidelity error =  0.07408185135522172
Secret Independence =  0.27636846167106577
fidelity error =  0.0740148105151332
Secret Independence =  0.27566100747216377
fidelity error =  0.07392615759685692
Secret Independence =  0.27552796511014044
fidelity error =  0.07390955092047112
Secret Independence =  0.2751638116927907
fidelity error =  0.07386411370894784
Secret Independence =  0.2750311112797912
fidelity error =  0.07384757239107852
Secret Independence =  0.27450022872461977
fidelity error =  0.07378143082976812
Secret Independence =  0.27237545145544156
fidelity error =  0.0735172462104401
Secret Independence =  0.2638594333909271
fidelity error =  0.07246675837619398
Secret Independence =  0.2567508753468094
fidelity error =  0.07159961805227902
Secret Independence =  0.2566169964810953
fidelity error =  0.07158340080143656
Secret Independence =  0.2560814538125691
fidelity error =  0.0715185579161275
Secret Independence =  0.2552116894290359
fidelity error =  0.07141334769376899
Secret Independence =  0.25507818764078494
fidelity error =  0.07139715152500846
Secret Independence =  0.25494183697327355
fidelity error =  0.07138061272710776
Secret Independence =  0.254808386348204
fidelity error =  0.07136440565838958
Secret Independence =  0.2542745626220315
fidelity error =  0.07129960367378552
Secret Independence =  0.25213897621067727
fidelity error =  0.07104081863202685
Secret Independence =  0.24375807447027428
fidelity error =  0.0700321046904486
Secret Independence =  0.03677853769621516
fidelity error =  0.04667668678019312
Secret Independence =  0.02862707325776339
fidelity error =  0.040562915622050534
Secret Independence =  0.014363772594231078
fidelity error =  0.0398979979157653
Secret Independence =  0.012575105095000512
fidelity error =  0.03800899903588922
Secret Independence =  0.009100510737064964
fidelity error =  0.013084163289525667
Secret Independence =  0.0017130579839405055
fidelity error =  0.022077645049861445
Secret Independence =  0.0009747583450983137
fidelity error =  0.015349859481233274
Secret Independence =  0.00019557268724100873
fidelity error =  0.014945793586848749
Secret Independence =  0.00015512114051699117
fidelity error =  0.013762079326463882
Secret Independence =  0.0002275804287330677
fidelity error =  0.01191179864039416
Secret Independence =  0.0004956454186522334
fidelity error =  0.006554195220567322
Secret Independence =  0.0004429490794154657
fidelity error =  0.0017604989805708523
Secret Independence =  0.00032579020099543705
fidelity error =  0.00041690733954956403
Secret Independence =  1.7545887810001983e-05
fidelity error =  0.0003597064573875857
Secret Independence =  1.0198459783387076e-05
fidelity error =  0.00031986738282648985
Secret Independence =  8.443815465179173e-06
fidelity error =  0.0002771882499670259
Secret Independence =  8.997222265419501e-06
fidelity error =  0.00024084081276366532
Secret Independence =  9.576431342854041e-06
fidelity error =  0.0001497841441190066
Secret Independence =  2.7740371845475965e-05
fidelity error =  2.9193556975044858e-05
Secret Independence =  8.054838787381252e-06
fidelity error =  8.145807277652614e-06
Secret Independence =  7.45985839765615e-06
fidelity error =  5.5400219745059e-06
Secret Independence =  7.4260065428248245e-06
fidelity error =  5.172089545425361e-06
/users/home/gustiani/VeriPulse/.venv/lib/python3.14/site-packages/qutip/core/data/expm.py:146: LinAlgWarning: Matrix is singular. The result might be inaccurate or the array might not have a square root.
  return Dense(scipy.linalg.sqrtm(matrix.as_ndarray()))
/users/home/gustiani/VeriPulse/src/veripulse/sdp.py:114: UserWarning: Solution may be inaccurate. Try another solver, adjusting the solver settings, or solve with verbose=True for more information.
  prob.solve(solver=solver, canon_backend="SCIPY", **solver_opts)
Saved → /users/home/gustiani/VeriPulse/data/GRAPE_AVG_p40_det0.00_err0.00-lam0.010-2.json
