Secret Independence =  0.4828087974413972
fidelity error =  0.1428639243551582
Secret Independence =  0.4827390583627582
fidelity error =  0.14290037744152273
Secret Independence =  0.4826689992700548
fidelity error =  0.1429369017506787
Secret Independence =  0.48238717460240155
fidelity error =  0.14308298336745107
Secret Independence =  0.4812351755906742
fidelity error =  0.1436667219179326
Secret Independence =  0.4811583334640436
fidelity error =  0.14370473679741969
Secret Independence =  0.48084922802957747
fidelity error =  0.14385677934321361
Secret Independence =  0.479585082979625
fidelity error =  0.14446466493103832
Secret Independence =  0.478870403291495
fidelity error =  0.14479905401430965
Secret Independence =  0.47878289130669704
fidelity error =  0.14483925837737727
Secret Independence =  0.4784308740882687
fidelity error =  0.14500005604513813
Secret Independence =  0.4773256717096433
fidelity error =  0.14549565306489032
Secret Independence =  0.47723137486109846
fidelity error =  0.1455370031111191
Secret Independence =  0.4768520743499469
fidelity error =  0.14570238189993084
Secret Independence =  0.4753011644910305
fidelity error =  0.14636353729091578
Secret Independence =  0.47403760040326937
fidelity error =  0.1468855741229842
Secret Independence =  0.47392882291413896
fidelity error =  0.14692931939651488
Secret Independence =  0.47349129519120337
fidelity error =  0.14710427397100248
Secret Independence =  0.4717026371808343
fidelity error =  0.14780364667849144
Secret Independence =  0.4691798839171909
fidelity error =  0.14875057851071305
Secret Independence =  0.46904960742441476
fidelity error =  0.14879763848717892
Secret Independence =  0.46852563951287085
fidelity error =  0.14898584425911487
Secret Independence =  0.4677182367975379
fidelity error =  0.14927259332075093
Secret Independence =  0.46758181581991765
fidelity error =  0.14932039315617582
Secret Independence =  0.4671867886999601
fidelity error =  0.14945820011398578
Secret Independence =  0.46704832801744756
fidelity error =  0.14950612375457112
Secret Independence =  0.46649146696443855
fidelity error =  0.14969778372609346
Secret Independence =  0.4646241477358743
fidelity error =  0.15032836994156618
Secret Independence =  0.46447486122339476
fidelity error =  0.15037760332724442
Secret Independence =  0.46387449035593087
fidelity error =  0.1505744984126933
Secret Independence =  0.4614216732415395
fidelity error =  0.1513614305724148
Secret Independence =  0.45493916903810067
fidelity error =  0.1533225896985942
Secret Independence =  0.45474866906372413
fidelity error =  0.1533767670848125
Secret Independence =  0.45398267263224545
fidelity error =  0.153593425821269
Secret Independence =  0.45085517609553516
fidelity error =  0.15445920091648507
Secret Independence =  0.4472708161352357
fidelity error =  0.1554172196034805
Secret Independence =  0.4470488622665015
fidelity error =  0.1554747360442977
Secret Independence =  0.4461565250265752
fidelity error =  0.15570473730348405
Secret Independence =  0.4425154219267098
fidelity error =  0.1566236515606217
Secret Independence =  0.42684327185091897
fidelity error =  0.1602780993968656
Secret Independence =  0.42216949129174486
fidelity error =  0.1612902450446032
Secret Independence =  0.4218506608821707
fidelity error =  0.16135632646629827
Secret Independence =  0.4205694966710233
fidelity error =  0.16162054618782223
Secret Independence =  0.41813916735541723
fidelity error =  0.16211612274446885
Secret Independence =  0.4178058188593569
fidelity error =  0.16218318069569887
Secret Independence =  0.41646642496374636
fidelity error =  0.1624513005128696
Secret Independence =  0.41387859803815535
fidelity error =  0.16296350925459832
Secret Independence =  0.4135306757242291
fidelity error =  0.16303137148487412
Secret Independence =  0.41315658776773734
fidelity error =  0.16310419111280952
Secret Independence =  0.4128070446509848
fidelity error =  0.1631718801399521
Secret Independence =  0.4114027491008174
fidelity error =  0.16344251903915707
Secret Independence =  0.4068568632980422
fidelity error =  0.1643048321723568
Secret Independence =  0.40648575813356447
fidelity error =  0.16437388416481144
Secret Independence =  0.40499503842856766
fidelity error =  0.16464996539901608
Secret Independence =  0.39893309478947825
fidelity error =  0.16575213584297555
Secret Independence =  0.38993994208675936
fidelity error =  0.16733172898480395
Secret Independence =  0.3895142652971788
fidelity error =  0.1674042237721075
Secret Independence =  0.38780499008761105
fidelity error =  0.16769404576098101
Secret Independence =  0.38540216052697696
fidelity error =  0.1680980860045172
Secret Independence =  0.3849634720234548
fidelity error =  0.16817099444331796
Secret Independence =  0.383202138691665
fidelity error =  0.16846246146909466
Secret Independence =  0.37605397923792405
fidelity error =  0.1696254973749566
Secret Independence =  0.3737092049323613
fidelity error =  0.17000040601389138
Secret Independence =  0.37323773578397945
fidelity error =  0.17007471044211464
Secret Independence =  0.37134532015941957
fidelity error =  0.17037173895769975
Secret Independence =  0.36367387931031425
fidelity error =  0.17155664225690143
Secret Independence =  0.35133731562577064
fidelity error =  0.17340296223216953
Secret Independence =  0.3508092107105435
fidelity error =  0.1734798475092944
Secret Independence =  0.3486906209113424
fidelity error =  0.17378714970959072
Secret Independence =  0.348515160467773
fidelity error =  0.17381251951804477
Secret Independence =  0.3479813898748049
fidelity error =  0.17388968522473164
Secret Independence =  0.3458402260678163
fidelity error =  0.1741981051596796
Secret Independence =  0.3443361277603809
fidelity error =  0.17441370211134496
Secret Independence =  0.34379495953273875
fidelity error =  0.1744910278964656
Secret Independence =  0.3416244036016862
fidelity error =  0.1748000666068868
Secret Independence =  0.33962658795308637
fidelity error =  0.17508297313225896
Secret Independence =  0.33907655511141255
fidelity error =  0.17516021153843586
Secret Independence =  0.33687070843477496
fidelity error =  0.17546889040507188
Secret Independence =  0.33069119764376953
fidelity error =  0.17632472215851916
Secret Independence =  0.3301252643168886
fidelity error =  0.176402307666587
Secret Independence =  0.32785621400173504
fidelity error =  0.1767123407252077
Secret Independence =  0.32782322109054834
fidelity error =  0.176716836591966
Secret Independence =  0.3272535960286532
fidelity error =  0.17679449047573498
Secret Independence =  0.32694784103333135
fidelity error =  0.17683613013743343
Secret Independence =  0.32637956428839215
fidelity error =  0.17691353560989162
Secret Independence =  0.3245789857226622
fidelity error =  0.17715812453789265
Secret Independence =  0.3240078015488714
fidelity error =  0.17723519146604078
Secret Independence =  0.3217181778619188
fidelity error =  0.1775431193087612
Secret Independence =  0.3216568340462644
fidelity error =  0.17755134754381574
Secret Independence =  0.3210818999515105
fidelity error =  0.177628136912881
Secret Independence =  0.32050722954117805
fidelity error =  0.17770452384122062
Secret Independence =  0.32041667630558085
fidelity error =  0.17771655156405794
Secret Independence =  0.31984200089270753
fidelity error =  0.17779260928080343
Secret Independence =  0.31753866901146865
fidelity error =  0.17809648937419892
Secret Independence =  0.30825559098571226
fidelity error =  0.17930615324699878
Secret Independence =  0.29532624779037875
fidelity error =  0.18095360212007705
Secret Independence =  0.2947192941604104
fidelity error =  0.18102968774459272
Secret Independence =  0.29228819931329003
fidelity error =  0.18133361231931322
Secret Independence =  0.28251622788266756
fidelity error =  0.18254235439737565
Secret Independence =  0.27246312654199945
fidelity error =  0.18376561205319614
Secret Independence =  0.27183754464572296
fidelity error =  0.18384100397296999
Secret Independence =  0.2715570463889238
fidelity error =  0.18387478533199483
Secret Independence =  0.2709324229290765
fidelity error =  0.18395011713983392
Secret Independence =  0.26843210199865186
fidelity error =  0.18425097098550358
Secret Independence =  0.25840680056343396
fidelity error =  0.1854465254146142
Secret Independence =  0.2579680021856811
fidelity error =  0.18549847456658275
Secret Independence =  0.2573387622739441
fidelity error =  0.18557255421022767
Secret Independence =  0.2548208517165842
fidelity error =  0.1858683698398867
Secret Independence =  0.24961309496728779
fidelity error =  0.18647715049602231
Secret Independence =  0.24898282224680762
fidelity error =  0.18655035946492018
Secret Independence =  0.2484532611942315
fidelity error =  0.1866118264204829
Secret Independence =  0.2478246801717489
fidelity error =  0.18668483692133683
Secret Independence =  0.2453100510781985
fidelity error =  0.18697635458888823
Secret Independence =  0.23809578326309
fidelity error =  0.18780786620077694
Secret Independence =  0.23746869631473433
fidelity error =  0.18787958388573
Secret Independence =  0.23604591210827514
fidelity error =  0.18804211740877444
Secret Independence =  0.1687455645607413
fidelity error =  0.19865492477666646
Secret Independence =  0.019485202832986295
fidelity error =  0.21165433497479327
Secret Independence =  0.010413854290538035
fidelity error =  0.2152331103772494
Secret Independence =  0.004424993313725358
fidelity error =  0.21714506263880134
Secret Independence =  8.686281325112185e-05
fidelity error =  0.2198095231132461
Secret Independence =  1.122164971783728e-05
fidelity error =  0.2197387451634052
Secret Independence =  4.218628835599816e-06
fidelity error =  0.21940980718705042
Secret Independence =  7.657187591488758e-06
fidelity error =  0.21893721282115897
Secret Independence =  4.409468661646376e-05
fidelity error =  0.21615754056561992
Secret Independence =  0.000215151113903808
fidelity error =  0.20735873352793124
Secret Independence =  0.0003741117474507399
fidelity error =  0.19634375842414853
Secret Independence =  0.008995608922698453
fidelity error =  0.12485920059611234
Secret Independence =  0.0006410443367119266
fidelity error =  0.1809752445649662
Secret Independence =  0.0020698215743407784
fidelity error =  0.1453392960853064
Secret Independence =  0.0010021519733891743
fidelity error =  0.162744168559107
Secret Independence =  0.000961716830678126
fidelity error =  0.14038125223353876
Secret Independence =  0.0004855088870683267
fidelity error =  0.11696216123772213
Secret Independence =  0.0005122760077727247
fidelity error =  0.11554753908250834
Secret Independence =  0.00019702973273174088
fidelity error =  0.11624845075111997
Secret Independence =  0.00013617277114816886
fidelity error =  0.105885740289677
Secret Independence =  0.0005761908377611535
fidelity error =  0.0786654276236828
Secret Independence =  0.0001643363874823927
fidelity error =  0.07735597869369755
Secret Independence =  0.00011084819631101925
fidelity error =  0.06397795721134278
Secret Independence =  4.9329766878001214e-05
fidelity error =  0.050208252735336634
Secret Independence =  0.0010000804609706314
fidelity error =  0.027435055321625698
Secret Independence =  0.00019329521928488163
fidelity error =  0.03756451355727445
Secret Independence =  0.00029978192369731226
fidelity error =  0.024370323200802534
Secret Independence =  0.00011001986920744561
fidelity error =  0.019090444530259883
Secret Independence =  3.8276117946496974e-05
fidelity error =  0.015917534977928766
Secret Independence =  0.00020395582268018794
fidelity error =  0.00858089377361031
Secret Independence =  4.406584766553595e-05
fidelity error =  0.009307741062130392
Secret Independence =  8.159180543261598e-06
fidelity error =  0.008675031076102315
Secret Independence =  9.770823633376326e-06
fidelity error =  0.00673386392101562
Secret Independence =  3.2690672759948445e-05
fidelity error =  0.00388691718442259
Secret Independence =  9.056465872526179e-06
fidelity error =  0.003381149504823316
Secret Independence =  2.439078557952511e-05
fidelity error =  0.0020231470899633864
Secret Independence =  5.837778650425087e-06
fidelity error =  0.00182600399872675
Secret Independence =  1.9679178734830152e-06
fidelity error =  0.0016354550657493258
Secret Independence =  1.36393044063721e-06
fidelity error =  0.0014633234551782687
Secret Independence =  1.4614860345890465e-06
fidelity error =  0.0013587316547552341
Secret Independence =  4.539252244662842e-06
fidelity error =  0.0009721830965257199
Secret Independence =  2.31927542510698e-06
fidelity error =  0.0009311487969599503
Secret Independence =  1.4538659974522889e-06
fidelity error =  0.0008402495975547127
Secret Independence =  2.0643312133755307e-06
fidelity error =  0.0007741627815188242
Secret Independence =  2.9619992063126175e-06
fidelity error =  0.0005586453970611612
Secret Independence =  3.881038391605743e-06
fidelity error =  0.0004123382531398285
Secret Independence =  1.618863757154835e-06
fidelity error =  0.00039660931787473925
Secret Independence =  1.2713631172882184e-06
fidelity error =  0.00035599765588839973
Secret Independence =  1.8678988432707103e-06
fidelity error =  0.0002675762559740976
Secret Independence =  2.037570165913676e-06
fidelity error =  0.00013526357005485957
Secret Independence =  1.420814612382405e-05
fidelity error =  6.658314408523328e-05
Secret Independence =  2.1341006439966795e-06
fidelity error =  8.965269035741659e-05
Secret Independence =  1.3517377302045622e-06
fidelity error =  5.382688599874577e-05
Secret Independence =  1.222440318230921e-06
fidelity error =  2.9339788771234344e-05
Secret Independence =  1.14986058463164e-06
fidelity error =  8.833529056953908e-06
Secret Independence =  6.05180212477995e-06
fidelity error =  1.32757665284347e-05
Secret Independence =  1.081001499387115e-06
fidelity error =  8.841017223263657e-06
Secret Independence =  1.0588827862128487e-06
fidelity error =  8.470326183156242e-06
/users/home/gustiani/VeriPulse/.venv/lib/python3.14/site-packages/qutip/core/data/expm.py:146: LinAlgWarning: Matrix is singular. The result might be inaccurate or the array might not have a square root.
  return Dense(scipy.linalg.sqrtm(matrix.as_ndarray()))
/users/home/gustiani/VeriPulse/src/veripulse/sdp.py:114: UserWarning: Solution may be inaccurate. Try another solver, adjusting the solver settings, or solve with verbose=True for more information.
  prob.solve(solver=solver, canon_backend="SCIPY", **solver_opts)
Saved → /users/home/gustiani/VeriPulse/data/GRAPE_AVG_p40_det0.00_err0.00-lam0.050-2.json
