Secret Independence =  0.4453903579937535
fidelity error =  0.12454807909183781
Secret Independence =  0.44495572727220184
fidelity error =  0.12452736492787246
Secret Independence =  0.44451763117369825
fidelity error =  0.12450654121299104
Secret Independence =  0.44274790250856877
fidelity error =  0.12442356100799122
Secret Independence =  0.43539526159020314
fidelity error =  0.12409669852996479
Secret Independence =  0.43207866361629
fidelity error =  0.12395771078266235
Secret Independence =  0.4315415484247457
fidelity error =  0.12393361239865452
Secret Independence =  0.42937275661283936
fidelity error =  0.1238376324285115
Secret Independence =  0.42393413402728386
fidelity error =  0.12360573337775761
Secret Independence =  0.423338555694593
fidelity error =  0.1235803741214514
Secret Independence =  0.4211076528528198
fidelity error =  0.12348658307105877
Secret Independence =  0.42049381858554413
fidelity error =  0.12346120754227662
Secret Independence =  0.41801651420428737
fidelity error =  0.12336015825500425
Secret Independence =  0.4176877409733324
fidelity error =  0.12334690785398293
Secret Independence =  0.41704962433966175
fidelity error =  0.12332098854206545
Secret Independence =  0.41610926683265226
fidelity error =  0.1232830456450137
Secret Independence =  0.41546184533265373
fidelity error =  0.12325728933996767
Secret Independence =  0.41423314395813204
fidelity error =  0.12320878433755621
Secret Independence =  0.413574267114736
fidelity error =  0.12318322335400225
Secret Independence =  0.4129113387349792
fidelity error =  0.12315773898776439
Secret Independence =  0.41023677271514214
fidelity error =  0.12305633035725977
Secret Independence =  0.4026820292682467
fidelity error =  0.12278131682485252
Secret Independence =  0.40194585555494516
fidelity error =  0.12275466568004785
Secret Independence =  0.3989770519332314
fidelity error =  0.12264868899802778
Secret Independence =  0.39512282050913783
fidelity error =  0.12251455393876329
Secret Independence =  0.39434129257704464
fidelity error =  0.12248726768380454
Secret Independence =  0.3911906849008526
fidelity error =  0.12237887885065024
Secret Independence =  0.38330163797888817
fidelity error =  0.12211818832280354
Secret Independence =  0.38244866391197574
fidelity error =  0.12208982043760318
Secret Independence =  0.381594475544322
fidelity error =  0.12206188661386094
Secret Independence =  0.3806651143223859
fidelity error =  0.12203168186789004
Secret Independence =  0.3798009669404212
fidelity error =  0.12200367538409453
Secret Independence =  0.3795603096106666
fidelity error =  0.12199590533192789
Secret Independence =  0.37868997507447916
fidelity error =  0.12196785228552393
Secret Independence =  0.37518387039151513
fidelity error =  0.12185650064362445
Secret Independence =  0.3697688079603071
fidelity error =  0.12168953911978306
Secret Independence =  0.3688485316726897
fidelity error =  0.12166137457345791
Secret Independence =  0.3676484801705361
fidelity error =  0.12162491324937452
Secret Independence =  0.3667218303323443
fidelity error =  0.12159684337328211
Secret Independence =  0.36372613825341865
fidelity error =  0.12150724663861197
Secret Independence =  0.3627813358902482
fidelity error =  0.12147981481477738
Secret Independence =  0.3589782870726797
fidelity error =  0.12137110955322009
Secret Independence =  0.3509064026148865
fidelity error =  0.12114908404108973
Secret Independence =  0.3499049844449623
fidelity error =  0.12112184963591849
Secret Independence =  0.34674321309870826
fidelity error =  0.12103694220910144
Secret Independence =  0.345724184593027
fidelity error =  0.12100934270238925
Secret Independence =  0.3416257868714049
fidelity error =  0.12090001418672007
Secret Independence =  0.33958108661150577
fidelity error =  0.1208464495969223
Secret Independence =  0.33853639282131004
fidelity error =  0.1208193676645694
Secret Independence =  0.33559239863724877
fidelity error =  0.12074399115642455
Secret Independence =  0.3345327372412553
fidelity error =  0.12071651286657102
Secret Independence =  0.33159343981185474
fidelity error =  0.12064121402493613
Secret Independence =  0.33052442903293733
fidelity error =  0.12061387825929776
Secret Independence =  0.32806669040479824
fidelity error =  0.12055166288783595
Secret Independence =  0.3269903613970214
fidelity error =  0.12052483629500349
Secret Independence =  0.32266577860078105
fidelity error =  0.1204187952441656
Secret Independence =  0.30773991199612594
fidelity error =  0.12007317091420489
Secret Independence =  0.3065984580405939
fidelity error =  0.120047299981757
Secret Independence =  0.3020166659045608
fidelity error =  0.11994521715766211
Secret Independence =  0.2834660753505378
fidelity error =  0.1195592628584424
Secret Independence =  0.2817990149476552
fidelity error =  0.11952661824929853
Secret Independence =  0.2805968857791021
fidelity error =  0.11950324728539308
Secret Independence =  0.2757777335038948
fidelity error =  0.11941129920148173
Secret Independence =  0.2630728849988061
fidelity error =  0.11918182354551231
Secret Independence =  0.26184460218862593
fidelity error =  0.11916044232910666
Secret Independence =  0.2569253085213501
fidelity error =  0.11907648670777
Secret Independence =  0.25138225340791853
fidelity error =  0.1189850429744628
Secret Independence =  0.250148263018388
fidelity error =  0.11896560860760912
Secret Independence =  0.24520917089079625
fidelity error =  0.1188894450265646
Secret Independence =  0.23707233043110307
fidelity error =  0.11876952727883296
Secret Independence =  0.2358429416011618
fidelity error =  0.11875164116714984
Secret Independence =  0.2309261254246237
fidelity error =  0.11868157003606242
Secret Independence =  0.22570541556522106
fidelity error =  0.11860969491683661
Secret Independence =  0.24944867454103695
fidelity error =  0.12371005357112726
Secret Independence =  0.01263715665929704
fidelity error =  0.12120895050514807
Secret Independence =  0.004041565544339681
fidelity error =  0.12289276846427469
Secret Independence =  0.0003755701328279082
fidelity error =  0.12398847532807783
Secret Independence =  1.1467412169270379e-05
fidelity error =  0.12352982034679653
Secret Independence =  7.630662556729946e-06
fidelity error =  0.12322628049997472
Secret Independence =  8.595423489506803e-06
fidelity error =  0.12269689900235063
Secret Independence =  2.7256536321257294e-05
fidelity error =  0.1194549715947557
Secret Independence =  8.279776852624228e-05
fidelity error =  0.11198374484293688
Secret Independence =  0.0002244630154611707
fidelity error =  0.09523973424870166
Secret Independence =  0.00024204016755180057
fidelity error =  0.0829216628555969
Secret Independence =  0.020679455760508822
fidelity error =  0.040096731921136844
Secret Independence =  0.0004944739554620359
fidelity error =  0.06458438386448323
Secret Independence =  0.014094888580393683
fidelity error =  0.026324823867206432
Secret Independence =  0.000562970932580454
fidelity error =  0.060828273248384156
Secret Independence =  0.013129224401599342
fidelity error =  0.02385496338220738
Secret Independence =  0.0005855021674398798
fidelity error =  0.0596494727266917
Secret Independence =  0.008664813529420022
fidelity error =  0.011532840298367472
Secret Independence =  0.0006904989973816267
fidelity error =  0.0536198460507938
Secret Independence =  0.008291964554226875
fidelity error =  0.010334330921513053
Secret Independence =  0.0007235000622088831
fidelity error =  0.05187153925319277
Secret Independence =  0.007365460208108284
fidelity error =  0.007783917128330375
Secret Independence =  0.000767239665014357
fidelity error =  0.04952564502920041
Secret Independence =  0.0009886534250908917
fidelity error =  0.01224217647603073
Secret Independence =  0.00021811714908191395
fidelity error =  0.018320941770187095
Secret Independence =  6.472952563490412e-05
fidelity error =  0.01298769617920287
Secret Independence =  3.307208215844186e-05
fidelity error =  0.0065000325409877106
Secret Independence =  1.5817002691436105e-05
fidelity error =  0.002093120853054067
Secret Independence =  1.960475810428853e-05
fidelity error =  2.372832672961943e-05
Secret Independence =  1.5875347249067906e-05
fidelity error =  8.075362279938206e-06
Secret Independence =  1.022380106428382e-05
fidelity error =  1.0558524533020293e-05
Secret Independence =  1.0086841371461161e-05
fidelity error =  6.149435441038771e-06
Secret Independence =  1.0042579174094361e-05
fidelity error =  5.873217797446862e-06
Secret Independence =  1.0017067899483801e-05
fidelity error =  6.261188122414236e-06
/users/home/gustiani/VeriPulse/.venv/lib/python3.14/site-packages/qutip/core/data/expm.py:146: LinAlgWarning: Matrix is singular. The result might be inaccurate or the array might not have a square root.
  return Dense(scipy.linalg.sqrtm(matrix.as_ndarray()))
Saved → /users/home/gustiani/VeriPulse/data/GRAPE_AVG_p40_det0.00_err0.00-lam0.100-4.json
