Secret Independence =  0.4593454927855359
fidelity error =  0.1397574303643195
Secret Independence =  0.4591860021948072
fidelity error =  0.13978592451213695
Secret Independence =  0.459025856010743
fidelity error =  0.139814465179175
Secret Independence =  0.45838200269768403
fidelity error =  0.13992856186130545
Secret Independence =  0.4574389154147908
fidelity error =  0.14009385339708957
Secret Independence =  0.45727184461973286
fidelity error =  0.14012297946514835
Secret Independence =  0.45660017102906914
fidelity error =  0.14023941648065472
Secret Independence =  0.45385949771529643
fidelity error =  0.14070406892809434
Secret Independence =  0.4487278681283555
fidelity error =  0.14153323984502036
Secret Independence =  0.44852591475495224
fidelity error =  0.14156447238095998
Secret Independence =  0.44771410984533433
fidelity error =  0.14168932183142843
Secret Independence =  0.44747446775976396
fidelity error =  0.14172596604235715
Secret Independence =  0.4472679166710428
fidelity error =  0.14175752001234615
Secret Independence =  0.4464376511238448
fidelity error =  0.1418836564488707
Secret Independence =  0.4430520306261997
fidelity error =  0.1423869039856321
Secret Independence =  0.4408353667968225
fidelity error =  0.1427073135030596
Secret Independence =  0.44060291901879556
fidelity error =  0.14274031282863325
Secret Independence =  0.44023543742825005
fidelity error =  0.14279233498098834
Secret Independence =  0.44000098865281173
fidelity error =  0.14282552581690922
Secret Independence =  0.43905870807909847
fidelity error =  0.14295819617564243
Secret Independence =  0.4386476538886811
fidelity error =  0.1430157112594035
Secret Independence =  0.43840830665012354
fidelity error =  0.14304904539392266
Secret Independence =  0.43744639557770115
fidelity error =  0.1431822810896302
Secret Independence =  0.4369223584800774
fidelity error =  0.14325438108310123
Secret Independence =  0.43667652274278534
fidelity error =  0.1432880279816916
Secret Independence =  0.4356885644727291
fidelity error =  0.14342251186839267
Secret Independence =  0.43516708414809685
fidelity error =  0.14349302936165972
Secret Independence =  0.43491551974748227
fidelity error =  0.1435270288508792
Secret Independence =  0.43390459166537915
fidelity error =  0.14366292184145973
Secret Independence =  0.43211042223689766
fidelity error =  0.1439012686162922
Secret Independence =  0.4318488944405778
fidelity error =  0.14393567880325653
Secret Independence =  0.4307980190171337
fidelity error =  0.14407320516091454
Secret Independence =  0.42651899737496035
fidelity error =  0.14462144219733541
Secret Independence =  0.42640429689191284
fidelity error =  0.14463588850041523
Secret Independence =  0.42612218942298263
fidelity error =  0.1446713489060222
Secret Independence =  0.42498873775360685
fidelity error =  0.1448130663611499
Secret Independence =  0.4211246534339106
fidelity error =  0.14528743550516432
Secret Independence =  0.420825269135935
fidelity error =  0.14532357229934784
Secret Independence =  0.4196225546125068
fidelity error =  0.14546798254092985
Secret Independence =  0.41944113290429225
fidelity error =  0.1454896611626827
Secret Independence =  0.41913749000051
fidelity error =  0.1455258766568216
Secret Independence =  0.41791774324909486
fidelity error =  0.14567059447221553
Secret Independence =  0.41737216585735193
fidelity error =  0.14573493548872746
Secret Independence =  0.41706163462748214
fidelity error =  0.14577153331942688
Secret Independence =  0.4158142678416728
fidelity error =  0.14591777833262742
Secret Independence =  0.4107419617099185
fidelity error =  0.1465003680467382
Secret Independence =  0.40887581734484335
fidelity error =  0.1467100535053984
Secret Independence =  0.40853865922468885
fidelity error =  0.14674757439964722
Secret Independence =  0.40718459642715477
fidelity error =  0.14689749236847233
Secret Independence =  0.4016826962241191
fidelity error =  0.14749445870093353
Secret Independence =  0.39884019315632196
fidelity error =  0.14779560210639803
Secret Independence =  0.3984724550184637
fidelity error =  0.14783392998021697
Secret Independence =  0.39699590675976404
fidelity error =  0.14798706345341267
Secret Independence =  0.39649860436733125
fidelity error =  0.14803836773672047
Secret Independence =  0.3961242766992419
fidelity error =  0.14807692380000376
Secret Independence =  0.39509544908241834
fidelity error =  0.1481825034854215
Secret Independence =  0.394717263699353
fidelity error =  0.14822133151924996
Secret Independence =  0.3931988844260621
fidelity error =  0.14837646193429488
Secret Independence =  0.38858607186412386
fidelity error =  0.1488405058317322
Secret Independence =  0.3881902785916272
fidelity error =  0.1488799776123519
Secret Independence =  0.38660144986288103
fidelity error =  0.14903767578330357
Secret Independence =  0.38015739642874724
fidelity error =  0.1496653733227875
Secret Independence =  0.3729329724024925
fidelity error =  0.15034782953892978
Secret Independence =  0.3724959774589595
fidelity error =  0.15038848702685204
Secret Independence =  0.3707423667667373
fidelity error =  0.15055090153811967
Secret Independence =  0.36364000977562194
fidelity error =  0.1511970273262776
Secret Independence =  0.34259501569597695
fidelity error =  0.15301293546917166
Secret Independence =  0.34209079460603153
fidelity error =  0.15305474085191195
Secret Independence =  0.34006883774821994
fidelity error =  0.15322168624690585
Secret Independence =  0.3319028692394955
fidelity error =  0.15388494139443515
Secret Independence =  0.32467697659749445
fidelity error =  0.15445791404254863
Secret Independence =  0.3241394878553552
fidelity error =  0.1545000443267539
Secret Independence =  0.32198502793773187
fidelity error =  0.15466825542867435
Secret Independence =  0.3178926453468786
fidelity error =  0.1549849027591872
Secret Independence =  0.3173458643517916
fidelity error =  0.1550266375996598
Secret Independence =  0.3167983562793865
fidelity error =  0.1550682713374523
Secret Independence =  0.31567338806239675
fidelity error =  0.15515361231777622
Secret Independence =  0.3151235016249284
fidelity error =  0.15519536962735467
Secret Independence =  0.31291984114499943
fidelity error =  0.1553620649049338
Secret Independence =  0.3121406720569558
fidelity error =  0.15542075962538204
Secret Independence =  0.3115861250826044
fidelity error =  0.15546260665933137
Secret Independence =  0.3093639691165535
fidelity error =  0.15562965785010804
Secret Independence =  0.3004156161959421
fidelity error =  0.1562923444912438
Secret Independence =  0.2833515236636183
fidelity error =  0.15751453453620015
Secret Independence =  0.28276412904850556
fidelity error =  0.15755589448969123
Secret Independence =  0.28041200340893946
fidelity error =  0.15772094429352285
Secret Independence =  0.27096708394774854
fidelity error =  0.15837476169047668
Secret Independence =  0.2703275610444673
fidelity error =  0.15841852817165075
Secret Independence =  0.2697304948652734
fidelity error =  0.15845928038797835
Secret Independence =  0.26734042473078484
fidelity error =  0.1586218754510217
Secret Independence =  0.2638359822775866
fidelity error =  0.15885874663193553
Secret Independence =  0.26323742251238835
fidelity error =  0.15889870123888694
Secret Independence =  0.26084176100338957
fidelity error =  0.15905808667123872
Secret Independence =  0.25509991782479013
fidelity error =  0.15943671296721917
Secret Independence =  0.2544983102147377
fidelity error =  0.15947632077856866
Secret Independence =  0.25209097727496627
fidelity error =  0.15963430753223506
Secret Independence =  0.24245184314914586
fidelity error =  0.16025899649629283
Secret Independence =  0.23221203924578776
fidelity error =  0.16090927052068224
Secret Independence =  0.23160929379922168
fidelity error =  0.16094734922890092
Secret Independence =  0.2291988380976308
fidelity error =  0.1610991779613769
Secret Independence =  0.21957016764464865
fidelity error =  0.1616985686959404
Secret Independence =  0.21204177171869645
fidelity error =  0.16215952245140564
Secret Independence =  0.46583040801746023
fidelity error =  0.11809035615481463
Secret Independence =  0.024793343691644106
fidelity error =  0.16975505558179488
Secret Independence =  0.016241103472992124
fidelity error =  0.16732865374333206
Secret Independence =  0.0006113553855056475
fidelity error =  0.16883534432823943
Secret Independence =  0.00015314150011503977
fidelity error =  0.16825842143562808
Secret Independence =  1.0487816139085827e-05
fidelity error =  0.1671302908288926
Secret Independence =  1.2245320741248086e-05
fidelity error =  0.16634692073372642
Secret Independence =  7.397503762642934e-05
fidelity error =  0.16028932946616514
Secret Independence =  0.0003206121891889
fidelity error =  0.14214576367987375
Secret Independence =  0.0007854822415372368
fidelity error =  0.10355849685256892
Secret Independence =  0.0007977547886586087
fidelity error =  0.07723201953865576
Secret Independence =  0.0009348894622397228
fidelity error =  0.049543840352196306
Secret Independence =  0.0003249783302664662
fidelity error =  0.04944564471928245
Secret Independence =  0.00013524999155308128
fidelity error =  0.04468817797371705
Secret Independence =  0.00012070832815200081
fidelity error =  0.032737280208764825
Secret Independence =  5.6884880657675886e-05
fidelity error =  0.02205848835640788
Secret Independence =  5.727422443161684e-05
fidelity error =  0.013838190818547105
Secret Independence =  3.231610113141476e-05
fidelity error =  0.01055508941133664
Secret Independence =  6.06669806094297e-05
fidelity error =  0.002803324614102166
Secret Independence =  0.00015231863645281287
fidelity error =  0.0009651764182783547
Secret Independence =  3.740326571777399e-05
fidelity error =  0.0017157003579496813
Secret Independence =  1.3097463277856629e-05
fidelity error =  0.000935199484511152
Secret Independence =  2.935171850323024e-05
fidelity error =  0.0008042027315949343
Secret Independence =  8.188812308859281e-06
fidelity error =  0.0008684748850074212
Secret Independence =  8.070469382042392e-06
fidelity error =  0.0007769385461178016
Secret Independence =  8.087776312375226e-06
fidelity error =  0.0007324337087310819
Secret Independence =  7.552779157330605e-06
fidelity error =  0.0007188194897247322
Secret Independence =  7.591864487823915e-06
fidelity error =  0.0007029129116319754
Secret Independence =  8.18467724141853e-06
fidelity error =  0.0006474722640988857
Secret Independence =  9.878099099712583e-06
fidelity error =  0.0005194331259001089
Secret Independence =  1.0937917565313542e-05
fidelity error =  0.00037503998462041414
Secret Independence =  9.504409834048279e-06
fidelity error =  0.00027515014430809623
Secret Independence =  8.6105622624361e-06
fidelity error =  5.227594025177924e-05
Secret Independence =  8.34770657646452e-06
fidelity error =  2.223120140244258e-05
Secret Independence =  7.897709951284602e-06
fidelity error =  1.2109850228883853e-05
Secret Independence =  7.84132400790929e-06
fidelity error =  7.957631002472985e-06
Secret Independence =  7.84500575082713e-06
fidelity error =  6.812367789746287e-06
/users/home/gustiani/VeriPulse/.venv/lib/python3.14/site-packages/qutip/core/data/expm.py:146: LinAlgWarning: Matrix is singular. The result might be inaccurate or the array might not have a square root.
  return Dense(scipy.linalg.sqrtm(matrix.as_ndarray()))
Saved → /users/home/gustiani/VeriPulse/data/GRAPE_AVG_p40_det0.00_err0.00-lam0.050-5.json
