Secret Independence =  0.474193745787695
fidelity error =  0.11178619189037059
Secret Independence =  0.47417693890859125
fidelity error =  0.11178164082327921
Secret Independence =  0.4741601205938598
fidelity error =  0.11177708890441881
Secret Independence =  0.47409278899910157
fidelity error =  0.1117588829113339
Secret Independence =  0.47405993273322267
fidelity error =  0.11175000892973064
Secret Independence =  0.4740430606322242
fidelity error =  0.11174547421635
Secret Independence =  0.4739755138419091
fidelity error =  0.11172733702041318
Secret Independence =  0.4737043936423926
fidelity error =  0.11165481484421955
Secret Independence =  0.47351909034006223
fidelity error =  0.11160550019287223
Secret Independence =  0.47350190194676595
fidelity error =  0.11160094971400751
Secret Independence =  0.4734330893218442
fidelity error =  0.11158274948101253
Secret Independence =  0.47315689516966813
fidelity error =  0.11150997555603519
Secret Independence =  0.472037095894956
fidelity error =  0.1112193175738848
Secret Independence =  0.4712907372972992
fidelity error =  0.1110293337283007
Secret Independence =  0.471272088793026
fidelity error =  0.11102470964629955
Secret Independence =  0.47119743209867476
fidelity error =  0.11100621512914173
Secret Independence =  0.4708978038461829
fidelity error =  0.11093226613146748
Secret Independence =  0.4696833549780359
fidelity error =  0.11063694151032917
Secret Independence =  0.4682777460486377
fidelity error =  0.11030347314399874
Secret Independence =  0.4682572004919346
fidelity error =  0.11029872741906331
Secret Independence =  0.4681749513036591
fidelity error =  0.11027974645621094
Secret Independence =  0.46784488478403935
fidelity error =  0.11020385370672353
Secret Independence =  0.4665451321303392
fidelity error =  0.10990919795144839
Secret Independence =  0.46652348575073593
fidelity error =  0.1099043989315255
Secret Independence =  0.46643683072059394
fidelity error =  0.10988520485504166
Secret Independence =  0.466089100185358
fidelity error =  0.1098084607203818
Secret Independence =  0.4653262310559419
fidelity error =  0.10964162466196825
Secret Independence =  0.4653038749011521
fidelity error =  0.10963677793802477
Secret Independence =  0.4652143793646488
fidelity error =  0.10961739303897974
Secret Independence =  0.46485526440597724
fidelity error =  0.10953988551664744
Secret Independence =  0.4634007997988157
fidelity error =  0.1092303766871931
Secret Independence =  0.4614004818326545
fidelity error =  0.10881559788296581
Secret Independence =  0.46137575297029554
fidelity error =  0.10881065820507793
Secret Independence =  0.46127676190245775
fidelity error =  0.10879090171048422
Secret Independence =  0.4608795899802697
fidelity error =  0.10871191134703437
Secret Independence =  0.4592717245201643
fidelity error =  0.1083965289259956
Secret Independence =  0.45717502939321086
fidelity error =  0.10799526871713475
Secret Independence =  0.4571478240175545
fidelity error =  0.10799024755907281
Secret Independence =  0.45703892247514905
fidelity error =  0.10797016526946757
Secret Independence =  0.45677956345196685
fidelity error =  0.10792244717911624
Secret Independence =  0.45675223406161636
fidelity error =  0.10791741062412973
Secret Independence =  0.45664283699997144
fidelity error =  0.10789726687034415
Secret Independence =  0.45620397946088115
fidelity error =  0.10781673147674431
Secret Independence =  0.454428415383667
fidelity error =  0.10749523428199281
Secret Independence =  0.447015510084119
fidelity error =  0.1062202244094893
Secret Independence =  0.44473940978859683
fidelity error =  0.10584791626548026
Secret Independence =  0.44470566379606574
fidelity error =  0.10584266161297859
Secret Independence =  0.4445705925761785
fidelity error =  0.10582164578808768
Secret Independence =  0.44402891570889474
fidelity error =  0.10573762727368072
Secret Independence =  0.44325139031638144
fidelity error =  0.10561774780813309
Secret Independence =  0.44321702207283376
fidelity error =  0.10561247366922129
Secret Independence =  0.4430794620293693
fidelity error =  0.10559137993169485
Secret Independence =  0.4430703224705009
fidelity error =  0.10558997936877093
Secret Independence =  0.4430359446281298
fidelity error =  0.10558469053301428
Secret Independence =  0.44289834641238324
fidelity error =  0.10556353793405818
Secret Independence =  0.44234656812846884
fidelity error =  0.10547897167560272
Secret Independence =  0.441401385278975
fidelity error =  0.10533505356484724
Secret Independence =  0.44136618368188535
fidelity error =  0.10532975133712004
Secret Independence =  0.4412252898505775
fidelity error =  0.10530854520791047
Secret Independence =  0.44066031974846104
fidelity error =  0.10522376543906754
Secret Independence =  0.4383784006324444
fidelity error =  0.10488537775723328
Secret Independence =  0.4289163442879861
fidelity error =  0.10354451987950117
Secret Independence =  0.42156357151089
fidelity error =  0.10256221967788355
Secret Independence =  0.42151982681879285
fidelity error =  0.10255678569548521
Secret Independence =  0.4213447619387396
fidelity error =  0.10253505304643885
Secret Independence =  0.4206431312253236
fidelity error =  0.10244817528214877
Secret Independence =  0.4195896707820904
fidelity error =  0.10231839482989853
Secret Independence =  0.41954522503335884
fidelity error =  0.10231293445310115
Secret Independence =  0.4193673568130801
fidelity error =  0.10229109620905774
Secret Independence =  0.418654527118945
fidelity error =  0.10220379579700921
Secret Independence =  0.4157819366694677
fidelity error =  0.10185545784948682
Secret Independence =  0.4140246073783485
fidelity error =  0.10164500732302664
Secret Independence =  0.4139782200150668
fidelity error =  0.10163959792724928
Secret Independence =  0.41379258849063943
fidelity error =  0.10161796382155122
Secret Independence =  0.4130487566601142
fidelity error =  0.10153148341217284
Secret Independence =  0.4114603594860674
fidelity error =  0.10134790940856062
Secret Independence =  0.41141314533418893
fidelity error =  0.10134248629403603
Secret Independence =  0.411224208371271
fidelity error =  0.10132079728925947
Secret Independence =  0.41046718250771685
fidelity error =  0.10123409691166818
Secret Independence =  0.4074191247773308
fidelity error =  0.100888210558469
Secret Independence =  0.39493990686596797
fidelity error =  0.09952090982876184
Secret Independence =  0.37572444733749255
fidelity error =  0.09754410835451857
Secret Independence =  0.3756691738975468
fidelity error =  0.09753896176987155
Secret Independence =  0.3754480397370643
fidelity error =  0.09751837999567092
Secret Independence =  0.3745628674724727
fidelity error =  0.09743612645421476
Secret Independence =  0.3710127012896002
fidelity error =  0.09710832283542604
Secret Independence =  0.3654504390231622
fidelity error =  0.09660118371712545
Secret Independence =  0.36539428823940845
fidelity error =  0.09659621195094374
Secret Independence =  0.36516966020311137
fidelity error =  0.09657633011161088
Secret Independence =  0.36427076078137255
fidelity error =  0.09649688690731473
Secret Independence =  0.3612305788487202
fidelity error =  0.09622958267083881
Secret Independence =  0.36117419266457806
fidelity error =  0.09622465989921061
Secret Independence =  0.360948629191128
fidelity error =  0.09620497406776465
Secret Independence =  0.36004608675961514
fidelity error =  0.09612631537985208
Secret Independence =  0.35654296762941606
fidelity error =  0.09582264606951324
Secret Independence =  0.35648639336360544
fidelity error =  0.09581781250494331
Secret Independence =  0.35626008432037104
fidelity error =  0.09579848357673897
Secret Independence =  0.3553546678132059
fidelity error =  0.09572125370841503
Secret Independence =  0.35173084411683775
fidelity error =  0.09541374383837585
Secret Independence =  0.3445710134211603
fidelity error =  0.0948133656053811
Secret Independence =  0.34451460863440175
fidelity error =  0.09480881768644839
Secret Independence =  0.3442889950432307
fidelity error =  0.09479063161593299
Secret Independence =  0.3433866408336468
fidelity error =  0.09471797758374169
Secret Independence =  0.33977954817845724
fidelity error =  0.09442884174306704
Secret Independence =  0.3390692265669982
fidelity error =  0.09437214381470663
Secret Independence =  0.3802959804853923
fidelity error =  0.1152444194046506
Secret Independence =  0.20888244851730134
fidelity error =  0.0869134757254792
Secret Independence =  0.17201584971678846
fidelity error =  0.0906708292098033
Secret Independence =  0.16839435286981824
fidelity error =  0.09090406013478236
Secret Independence =  0.4152422134987237
fidelity error =  0.11334987210056478
Secret Independence =  0.13866983752001194
fidelity error =  0.09223400592852814
Secret Independence =  0.12396061900877267
fidelity error =  0.08724001539266803
Secret Independence =  0.09962849968136436
fidelity error =  0.0840559795086126
Secret Independence =  0.07540023799938578
fidelity error =  0.0785512370958014
Secret Independence =  0.04367211541443975
fidelity error =  0.07125256003583036
Secret Independence =  0.01065354187204351
fidelity error =  0.05739683058681297
Secret Independence =  0.0012922432003899195
fidelity error =  0.05261628903821407
Secret Independence =  0.00016090039267687136
fidelity error =  0.04928664355655845
Secret Independence =  0.002974643002973689
fidelity error =  0.047938164880592465
Secret Independence =  0.0001252637480859927
fidelity error =  0.049046305464604055
Secret Independence =  9.457749785575918e-05
fidelity error =  0.04685529286211418
Secret Independence =  0.0007912290056753212
fidelity error =  0.0356248698115107
Secret Independence =  0.0012902542856955866
fidelity error =  0.027323883791491744
Secret Independence =  0.001297372591780412
fidelity error =  0.014608747146843033
Secret Independence =  0.001337763721152144
fidelity error =  0.0030295320550990466
Secret Independence =  7.204231744927139e-05
fidelity error =  0.0021361540576298184
Secret Independence =  1.919420513194301e-05
fidelity error =  0.0016669287794412193
Secret Independence =  2.7387516358741024e-05
fidelity error =  0.0010269035571392506
Secret Independence =  3.0591216956139976e-05
fidelity error =  0.0004478982421134665
Secret Independence =  0.0001185737268963389
fidelity error =  0.0003197031620879572
Secret Independence =  2.111001236734326e-05
fidelity error =  0.0003371699672121811
Secret Independence =  7.754178511875741e-06
fidelity error =  0.000276133358099726
Secret Independence =  7.3755108410999675e-06
fidelity error =  0.00025045978857488375
Secret Independence =  9.14580436373588e-06
fidelity error =  0.00019223044178862374
Secret Independence =  1.2187667746048929e-05
fidelity error =  8.337345134383934e-05
Secret Independence =  1.2327989872590184e-05
fidelity error =  2.180702407118117e-05
Secret Independence =  7.793077500028667e-06
fidelity error =  8.441042724286836e-06
Secret Independence =  6.828837280044718e-06
fidelity error =  5.906888882717848e-06
Secret Independence =  6.777384144184964e-06
fidelity error =  5.756016224596662e-06
/users/home/gustiani/VeriPulse/.venv/lib/python3.14/site-packages/qutip/core/data/expm.py:146: LinAlgWarning: Matrix is singular. The result might be inaccurate or the array might not have a square root.
  return Dense(scipy.linalg.sqrtm(matrix.as_ndarray()))
/users/home/gustiani/VeriPulse/src/veripulse/sdp.py:114: UserWarning: Solution may be inaccurate. Try another solver, adjusting the solver settings, or solve with verbose=True for more information.
  prob.solve(solver=solver, canon_backend="SCIPY", **solver_opts)
Saved → /users/home/gustiani/VeriPulse/data/GRAPE_AVG_p40_det0.00_err0.00-lam0.010-3.json
