Secret Independence =  0.4728242833547656
fidelity error =  0.13531227719806097
Secret Independence =  0.4727230484414201
fidelity error =  0.13533063622167915
Secret Independence =  0.4726213630599387
fidelity error =  0.135349023668896
Secret Independence =  0.47246366464709477
fidelity error =  0.13537745788365557
Secret Independence =  0.4723610379094648
fidelity error =  0.13539586083193894
Secret Independence =  0.4719482646983052
fidelity error =  0.13546946222188463
Secret Independence =  0.47026099282844847
fidelity error =  0.1357636931458012
Secret Independence =  0.4644790744480869
fidelity error =  0.13670257519071932
Secret Independence =  0.4643417040424097
fidelity error =  0.13672295645305482
Secret Independence =  0.46378923694872365
fidelity error =  0.13680446645437155
Secret Independence =  0.4635344724236944
fidelity error =  0.13684181055914585
Secret Independence =  0.463393215008116
fidelity error =  0.13686237067831725
Secret Independence =  0.46282512285299227
fidelity error =  0.13694459766175499
Secret Independence =  0.46050392917146704
fidelity error =  0.13727327693614608
Secret Independence =  0.4529413739996693
fidelity error =  0.13827389845235155
Secret Independence =  0.45275523611133894
fidelity error =  0.13829645589592202
Secret Independence =  0.45200676873270507
fidelity error =  0.1383866658106193
Secret Independence =  0.449867411842353
fidelity error =  0.1386403014154345
Secret Independence =  0.44966866213298673
fidelity error =  0.138663300665652
Secret Independence =  0.44946914397413984
fidelity error =  0.1386863270708831
Secret Independence =  0.4486669183954445
fidelity error =  0.1387784146349833
Secret Independence =  0.4453919613898685
fidelity error =  0.13914645522801006
Secret Independence =  0.44439958488576475
fidelity error =  0.13925560607497117
Secret Independence =  0.44417877309912845
fidelity error =  0.13927928680584584
Secret Independence =  0.4432910151921875
fidelity error =  0.13937398672459034
Secret Independence =  0.4430351675148905
fidelity error =  0.13940113015808608
Secret Independence =  0.4428087930742579
fidelity error =  0.13942495383094816
Secret Independence =  0.44192803155891364
fidelity error =  0.1395171664772325
Secret Independence =  0.4416973065627133
fidelity error =  0.1395411318048324
Secret Independence =  0.44076973423590304
fidelity error =  0.1396369693775481
Secret Independence =  0.4369852305904505
fidelity error =  0.140019914530195
Secret Independence =  0.4345588624527616
fidelity error =  0.14025903351664568
Secret Independence =  0.43429870945253474
fidelity error =  0.14028387199154216
Secret Independence =  0.43417370175394937
fidelity error =  0.1402957889631989
Secret Independence =  0.4339126781975548
fidelity error =  0.14032069523917629
Secret Independence =  0.43365088247088734
fidelity error =  0.14034565598311236
Secret Independence =  0.43308468913833165
fidelity error =  0.1403994660758935
Secret Independence =  0.4328197228407431
fidelity error =  0.14042444058907633
Secret Independence =  0.4317546731168095
fidelity error =  0.14052431889790098
Secret Independence =  0.42741226200674587
fidelity error =  0.14092348479996952
Secret Independence =  0.425152229347843
fidelity error =  0.14112640790846884
Secret Independence =  0.4248566518584311
fidelity error =  0.14115218201148905
Secret Independence =  0.42366873832278995
fidelity error =  0.14125525572868
Secret Independence =  0.4188283769966422
fidelity error =  0.14166715052664502
Secret Independence =  0.4164087744020327
fidelity error =  0.14186844961921116
Secret Independence =  0.41608159460629973
fidelity error =  0.14189509532691705
Secret Independence =  0.41476693001591736
fidelity error =  0.1420016597138631
Secret Independence =  0.4094143404813528
fidelity error =  0.14242757874650666
Secret Independence =  0.4014870650244199
fidelity error =  0.14303688453602087
Secret Independence =  0.40110814981234116
fidelity error =  0.14306464898976962
Secret Independence =  0.40053023881217653
fidelity error =  0.14310689935274065
Secret Independence =  0.4001486085593322
fidelity error =  0.14313456114793616
Secret Independence =  0.3986157043608248
fidelity error =  0.1432451758914508
Secret Independence =  0.39644244150923813
fidelity error =  0.14340066966881082
Secret Independence =  0.39604804266819416
fidelity error =  0.1434287349011264
Secret Independence =  0.3944640087243262
fidelity error =  0.14354096735985566
Secret Independence =  0.38802667803876023
fidelity error =  0.14398938407571432
Secret Independence =  0.3792567880391418
fidelity error =  0.14458199901451868
Secret Independence =  0.3788105658774632
fidelity error =  0.1446108393068574
Secret Independence =  0.37701914563587247
fidelity error =  0.14472615495573304
Secret Independence =  0.36975137312268047
fidelity error =  0.14518661917226722
Secret Independence =  0.3674175817333619
fidelity error =  0.1453320922494883
Secret Independence =  0.3669383625664038
fidelity error =  0.14536133459008005
Secret Independence =  0.36501504021784337
fidelity error =  0.14547824716553082
Secret Independence =  0.3619049939739377
fidelity error =  0.14566580565154885
Secret Independence =  0.36141277256835225
fidelity error =  0.14569537235299712
Secret Independence =  0.35943755983953546
fidelity error =  0.14581358966308555
Secret Independence =  0.35179891130036545
fidelity error =  0.14626454209193399
Secret Independence =  0.3512817296577877
fidelity error =  0.14629436719175354
Secret Independence =  0.3496811129513309
fidelity error =  0.14638641351004444
Secret Independence =  0.3491619298020605
fidelity error =  0.1464160191042979
Secret Independence =  0.34707922393082236
fidelity error =  0.1465343702406951
Secret Independence =  0.3386562259797776
fidelity error =  0.14700654594544418
Secret Independence =  0.3376948186701367
fidelity error =  0.14705980722080605
Secret Independence =  0.3371494628857392
fidelity error =  0.14708982767386086
Secret Independence =  0.3349624468838024
fidelity error =  0.14720982710144162
Secret Independence =  0.32612870158193086
fidelity error =  0.14768840928430477
Secret Independence =  0.31432972548870775
fidelity error =  0.14831343434204697
Secret Independence =  0.31374196703441637
fidelity error =  0.14834390666919225
Secret Independence =  0.3121249016609045
fidelity error =  0.14842756610637264
Secret Independence =  0.3115342400337001
fidelity error =  0.14845810391261755
Secret Independence =  0.3091671519675529
fidelity error =  0.1485801486211195
Secret Independence =  0.3021679073137257
fidelity error =  0.1489379691285044
Secret Independence =  0.30156997996889384
fidelity error =  0.14896786239279564
Secret Independence =  0.3009715879789171
fidelity error =  0.1489977229437455
Secret Independence =  0.2985742857313366
fidelity error =  0.14911701893752338
Secret Independence =  0.29068169643607544
fidelity error =  0.14950612741603347
Secret Independence =  0.29007369518631315
fidelity error =  0.14953597264365073
Secret Independence =  0.28763864729913835
fidelity error =  0.1496552017788743
Secret Independence =  0.27785464143345484
fidelity error =  0.1501295747632067
Secret Independence =  0.27727223160348835
fidelity error =  0.15015758408874547
Secret Independence =  0.276652581157474
fidelity error =  0.15018732816088431
Secret Independence =  0.27601792697699423
fidelity error =  0.15021776402989853
Secret Independence =  0.2753985253615215
fidelity error =  0.15024715416612638
Secret Independence =  0.2729188309595053
fidelity error =  0.15036453904029523
Secret Independence =  0.27270535372318794
fidelity error =  0.15037462434855678
Secret Independence =  0.2720840179643752
fidelity error =  0.15040394212552138
Secret Independence =  0.2695968036857944
fidelity error =  0.15052103339682818
Secret Independence =  0.2657188402215236
fidelity error =  0.15070275710415898
Secret Independence =  0.26509635917210034
fidelity error =  0.15073142296311326
Secret Independence =  0.2626050590592829
fidelity error =  0.15084589008884894
Secret Independence =  0.2570985643521846
fidelity error =  0.1510974532470329
Secret Independence =  0.2564753717819915
fidelity error =  0.15112565072796702
Secret Independence =  0.2539818193445047
fidelity error =  0.1512382261498519
Secret Independence =  0.25043086587965535
fidelity error =  0.15139786059313154
Secret Independence =  0.24980851732629666
fidelity error =  0.15142606115517998
Secret Independence =  0.247318805910021
fidelity error =  0.15153865461859015
Secret Independence =  0.23736006597174766
fidelity error =  0.15198556914996142
Secret Independence =  0.22910609806395144
fidelity error =  0.15235200392255807
Secret Independence =  0.3417694822781504
fidelity error =  0.1412588722283073
Secret Independence =  0.021182891540567385
fidelity error =  0.15976614364083597
Secret Independence =  0.009814177946741987
fidelity error =  0.16128894752077072
Secret Independence =  0.003536177158984641
fidelity error =  0.16183668997136783
Secret Independence =  3.2156355248313054e-05
fidelity error =  0.16177711870498376
Secret Independence =  9.384401435388198e-06
fidelity error =  0.16111221333752196
Secret Independence =  1.326690298655833e-05
fidelity error =  0.15991219204591306
Secret Independence =  6.352032909181875e-05
fidelity error =  0.15570658033503348
Secret Independence =  0.0002945481958112924
fidelity error =  0.141922944927782
Secret Independence =  0.0010307855189461792
fidelity error =  0.11157239601687555
Secret Independence =  0.0008594920575421968
fidelity error =  0.0972656643047072
Secret Independence =  0.00013948471801055406
fidelity error =  0.06905402783463506
Secret Independence =  0.00013079153226812574
fidelity error =  0.057594461852610336
Secret Independence =  0.0002891731081412774
fidelity error =  0.040172298695190845
Secret Independence =  0.0003001359403300058
fidelity error =  0.028608840539019628
Secret Independence =  0.0004546684205994255
fidelity error =  0.008051644674557202
Secret Independence =  0.00011588148182925682
fidelity error =  0.006405386171028919
Secret Independence =  1.9805785393377163e-05
fidelity error =  0.006388135878577513
Secret Independence =  2.2263871362381948e-05
fidelity error =  0.004998862782769524
Secret Independence =  2.6090642464015564e-05
fidelity error =  0.003047550376426824
Secret Independence =  2.5383192954571426e-05
fidelity error =  0.0017825486977272867
Secret Independence =  1.305801795904742e-05
fidelity error =  0.000985132345321435
Secret Independence =  1.061400687162763e-05
fidelity error =  0.0009072945040574331
Secret Independence =  6.8630458960864836e-06
fidelity error =  0.0008634353031101623
Secret Independence =  6.394613959663046e-06
fidelity error =  0.0008345155510753074
Secret Independence =  6.360053426210272e-06
fidelity error =  0.0008052058656444188
Secret Independence =  8.051520642525094e-06
fidelity error =  0.0007269720362670774
Secret Independence =  6.8308575657185976e-06
fidelity error =  0.0006910054463808138
Secret Independence =  6.835764454348954e-06
fidelity error =  0.0005815516762595606
Secret Independence =  7.317027391607897e-06
fidelity error =  0.00046261784024488216
Secret Independence =  9.93248885385713e-06
fidelity error =  0.000135444197585687
Secret Independence =  1.8848424896009025e-05
fidelity error =  9.144308226259304e-06
Secret Independence =  9.837569532372375e-06
fidelity error =  5.503742721344027e-05
Secret Independence =  7.118192009557432e-06
fidelity error =  1.66825827014072e-05
Secret Independence =  6.356000991746793e-06
fidelity error =  7.926870867501927e-06
Secret Independence =  6.292604614611922e-06
fidelity error =  7.050152714039599e-06
Secret Independence =  6.295175927916745e-06
fidelity error =  6.157099693330836e-06
/users/home/gustiani/VeriPulse/.venv/lib/python3.14/site-packages/qutip/core/data/expm.py:146: LinAlgWarning: Matrix is singular. The result might be inaccurate or the array might not have a square root.
  return Dense(scipy.linalg.sqrtm(matrix.as_ndarray()))
/users/home/gustiani/VeriPulse/src/veripulse/sdp.py:114: UserWarning: Solution may be inaccurate. Try another solver, adjusting the solver settings, or solve with verbose=True for more information.
  prob.solve(solver=solver, canon_backend="SCIPY", **solver_opts)
Saved → /users/home/gustiani/VeriPulse/data/GRAPE_AVG_p40_det0.00_err0.00-lam0.050-3.json
