Secret Independence =  0.4689751479473463
fidelity error =  0.1181797753014722
Secret Independence =  0.4689416943942006
fidelity error =  0.11817563724144786
Secret Independence =  0.4689082043558854
fidelity error =  0.11817149719559306
Secret Independence =  0.46886123096116744
fidelity error =  0.11816569415874438
Secret Independence =  0.46882774610548783
fidelity error =  0.11816155669659856
Secret Independence =  0.46869362302152506
fidelity error =  0.1181450069254666
Secret Independence =  0.4681541952867356
fidelity error =  0.1180788092056645
Secret Independence =  0.4676043384053686
fidelity error =  0.11801191858668263
Secret Independence =  0.46756956992438403
fidelity error =  0.11800771770290144
Secret Independence =  0.4674303067887492
fidelity error =  0.11799091435264
Secret Independence =  0.4672122417229161
fidelity error =  0.11796467645471663
Secret Independence =  0.4671770869757031
fidelity error =  0.11796047949403599
Secret Independence =  0.4670362771950842
fidelity error =  0.11794369189753312
Secret Independence =  0.4664699888923526
fidelity error =  0.11787654558357845
Secret Independence =  0.46620423082318385
fidelity error =  0.11784523376130665
Secret Independence =  0.46616807773602476
fidelity error =  0.11784097257042754
Secret Independence =  0.4660232704922139
fidelity error =  0.11782392797316113
Secret Independence =  0.4654409268606218
fidelity error =  0.11775575238323852
Secret Independence =  0.46321655394011163
fidelity error =  0.11750054777032955
Secret Independence =  0.46317735291347695
fidelity error =  0.11749613686367918
Secret Independence =  0.46302034118926827
fidelity error =  0.11747849369460889
Secret Independence =  0.4623889767340652
fidelity error =  0.11740792849451825
Secret Independence =  0.46207751337463776
fidelity error =  0.11737333825503111
Secret Independence =  0.46203725633573933
fidelity error =  0.1173689119774903
Secret Independence =  0.46187601664777955
fidelity error =  0.11735120747100446
Secret Independence =  0.46171223549366586
fidelity error =  0.11733326280184694
Secret Independence =  0.4616717381860233
fidelity error =  0.1173288610143243
Secret Independence =  0.46150953707418263
fidelity error =  0.1173112545785015
Secret Independence =  0.4608573470710646
fidelity error =  0.1172408404209918
Secret Independence =  0.4581947126984711
fidelity error =  0.11695937924599761
Secret Independence =  0.4580741838274648
fidelity error =  0.11694685674247378
Secret Independence =  0.4580300929637442
fidelity error =  0.11694233097188304
Secret Independence =  0.4578535032999183
fidelity error =  0.11692422886539443
Secret Independence =  0.45714353065838764
fidelity error =  0.11685183622846357
Secret Independence =  0.45552509389775525
fidelity error =  0.11668905379453412
Secret Independence =  0.45547855675432436
fidelity error =  0.11668442059979645
Secret Independence =  0.45529217291050617
fidelity error =  0.11666588894787533
Secret Independence =  0.45454287916036085
fidelity error =  0.11659178056085609
Secret Independence =  0.45205370796475525
fidelity error =  0.11634992251736727
Secret Independence =  0.45200387174281914
fidelity error =  0.11634519567137734
Secret Independence =  0.45180427963101755
fidelity error =  0.1163262897009923
Secret Independence =  0.4510019623882322
fidelity error =  0.11625068864097787
Secret Independence =  0.4477299524692506
fidelity error =  0.11594866262338731
Secret Independence =  0.43678336706150933
fidelity error =  0.11500172439042192
Secret Independence =  0.43671926958034446
fidelity error =  0.11499650419598259
Secret Independence =  0.43646258578433383
fidelity error =  0.11497562577866363
Secret Independence =  0.4354311599063725
fidelity error =  0.11489215016561423
Secret Independence =  0.43123113324866585
fidelity error =  0.11455887512020412
Secret Independence =  0.43002057710475683
fidelity error =  0.11446469954270372
Secret Independence =  0.4299504410527946
fidelity error =  0.11445927311996897
Secret Independence =  0.4296695865948016
fidelity error =  0.11443757020647669
Secret Independence =  0.4285412182672771
fidelity error =  0.11435080332077616
Secret Independence =  0.4239494108624151
fidelity error =  0.11400447313049208
Secret Independence =  0.4191177490994685
fidelity error =  0.1136509464323982
Secret Independence =  0.41903849654982267
fidelity error =  0.11364526202865911
Secret Independence =  0.4187211570403596
fidelity error =  0.1136225280398056
Secret Independence =  0.4174465472797687
fidelity error =  0.1135316504925176
Secret Independence =  0.41226519608946566
fidelity error =  0.11316909981502396
Secret Independence =  0.41147878601219545
fidelity error =  0.11311499530176163
Secret Independence =  0.41139370602295444
fidelity error =  0.11310913842513426
Secret Independence =  0.41105304983400226
fidelity error =  0.11308571499987839
Secret Independence =  0.40971335382237356
fidelity error =  0.11299401618717093
Secret Independence =  0.40962708028731265
fidelity error =  0.11298814326839557
Secret Independence =  0.409281649358619
fidelity error =  0.11296465591041135
Secret Independence =  0.4078945574214111
fidelity error =  0.1128707759831068
Secret Independence =  0.40226161584167497
fidelity error =  0.11249639590496502
Secret Independence =  0.40105310963764956
fidelity error =  0.11241744746557147
Secret Independence =  0.40096034841583844
fidelity error =  0.11241141178099734
Secret Independence =  0.40058896064073213
fidelity error =  0.11238727401123158
Secret Independence =  0.3990979469696055
fidelity error =  0.11229080290618562
Secret Independence =  0.39559503690074904
fidelity error =  0.11206682499786029
Secret Independence =  0.3954985453860966
fidelity error =  0.1120607172041436
Secret Independence =  0.3951122357162352
fidelity error =  0.11203629149036004
Secret Independence =  0.39356152477927997
fidelity error =  0.11193867651207408
Secret Independence =  0.38786276124175484
fidelity error =  0.11158570018798977
Secret Independence =  0.38776114616876245
fidelity error =  0.11157948727379524
Secret Independence =  0.3876594630779757
fidelity error =  0.11157327274490181
Secret Independence =  0.3872523880562483
fidelity error =  0.11154842073753513
Secret Independence =  0.3869950071473756
fidelity error =  0.11153272984294338
Secret Independence =  0.38689282716650975
fidelity error =  0.11152649363265829
Secret Independence =  0.38648376477717644
fidelity error =  0.1115015549343504
Secret Independence =  0.3853436035423284
fidelity error =  0.1114322711305856
Secret Independence =  0.38524037258160987
fidelity error =  0.11142605017823434
Secret Independence =  0.3848271069598549
fidelity error =  0.11140117259055307
Secret Independence =  0.3831686052067098
fidelity error =  0.11130176233244307
Secret Independence =  0.37874554986290665
fidelity error =  0.11103989781808636
Secret Independence =  0.3786384995178954
fidelity error =  0.11103363598077631
Secret Independence =  0.37820996243939964
fidelity error =  0.11100859587116149
Secret Independence =  0.3764904743390138
fidelity error =  0.11090855182956362
Secret Independence =  0.3695291100477833
fidelity error =  0.11051027399081882
Secret Independence =  0.36514427363416335
fidelity error =  0.11026467974425808
Secret Independence =  0.36502948663446605
fidelity error =  0.11025823334210548
Secret Independence =  0.3645700164332478
fidelity error =  0.11023245545905389
Secret Independence =  0.36272701646735345
fidelity error =  0.11012946816988872
Secret Independence =  0.3591826741732496
fidelity error =  0.10993322051107712
Secret Independence =  0.3590646851950021
fidelity error =  0.10992675270424122
Secret Independence =  0.35859241488539817
fidelity error =  0.10990088954006279
Secret Independence =  0.35669834146789725
fidelity error =  0.1097975665482414
Secret Independence =  0.34904463224755666
fidelity error =  0.10938639104615298
Secret Independence =  0.3487284823847451
fidelity error =  0.10936961778321141
Secret Independence =  0.348605548637744
fidelity error =  0.10936307285513644
Secret Independence =  0.3481135171610716
fidelity error =  0.10933690193030848
Secret Independence =  0.34636794216372746
fidelity error =  0.10924437024673717
Secret Independence =  0.34624422604288196
fidelity error =  0.1092378150004527
Secret Independence =  0.3457490705957901
fidelity error =  0.10921160296754692
Secret Independence =  0.34376383516474
fidelity error =  0.10910689876390892
Secret Independence =  0.3357517652705859
fidelity error =  0.10869042905158345
Secret Independence =  0.327910306272971
fidelity error =  0.10829176323023865
Secret Independence =  0.3277787991147616
fidelity error =  0.10828509569516939
Secret Independence =  0.3272525187913
fidelity error =  0.10825843562515108
Secret Independence =  0.3251434178696868
fidelity error =  0.10815195723370448
Secret Independence =  0.3166463907891569
fidelity error =  0.10772868275082571
Secret Independence =  0.3158123613930829
fidelity error =  0.10768761176269467
Secret Independence =  0.31567720930899257
fidelity error =  0.10768098113881838
Secret Independence =  0.3151363831912001
fidelity error =  0.10765447019503513
Secret Independence =  0.31296964428197815
fidelity error =  0.10754861202269969
Secret Independence =  0.3042509559497652
fidelity error =  0.1071281984944592
Secret Independence =  0.2922562367574936
fidelity error =  0.10656346260473236
Secret Independence =  0.292115265921775
fidelity error =  0.1065569095470622
Secret Independence =  0.2915512343833603
fidelity error =  0.10653071027681071
Secret Independence =  0.2892927917005972
fidelity error =  0.10642612138213872
Secret Independence =  0.28022546201901605
fidelity error =  0.10601114911222129
Secret Independence =  0.2724565535249429
fidelity error =  0.10566159823315639
Secret Independence =  0.2723130450571727
fidelity error =  0.10565518144090408
Secret Independence =  0.27173892926779813
fidelity error =  0.10562952887362523
Secret Independence =  0.26944121199765825
fidelity error =  0.10552715304491188
Secret Independence =  0.2677931956109349
fidelity error =  0.1054540081864754
Secret Independence =  0.26764958787340987
fidelity error =  0.10544761883375678
Secret Independence =  0.26707509061069823
fidelity error =  0.10542207621497737
Secret Independence =  0.26477609708417427
fidelity error =  0.10532014322183134
Secret Independence =  0.2555676757279308
fidelity error =  0.10491626254297143
Secret Independence =  0.2524098514954731
fidelity error =  0.10477933054998292
Secret Independence =  0.25226548963927375
fidelity error =  0.10477303561542109
Secret Independence =  0.2516880282129833
fidelity error =  0.1047478713220274
Secret Independence =  0.24937801574022667
fidelity error =  0.10464746207883902
Secret Independence =  0.2401389657425945
fidelity error =  0.10424984383791884
Secret Independence =  0.22760522277446815
fidelity error =  0.10372008488160386
Secret Independence =  0.4041011654775717
fidelity error =  0.1501973521132708
Secret Independence =  0.019532118786529662
fidelity error =  0.09313121434697191
Secret Independence =  0.012426263978046269
fidelity error =  0.08761137348618991
Secret Independence =  0.000216163272811099
fidelity error =  0.08726479295889239
Secret Independence =  7.61108777042282e-05
fidelity error =  0.0851487090821424
Secret Independence =  0.000722566729396626
fidelity error =  0.06857730772401274
Secret Independence =  0.0018952626919292422
fidelity error =  0.046287811128087296
Secret Independence =  0.016979867651756683
fidelity error =  0.00297439683394518
Secret Independence =  0.0031502893169339415
fidelity error =  0.018364983506897022
Secret Independence =  0.008184446909998188
fidelity error =  0.0018981200428868192
Secret Independence =  0.002992116851133258
fidelity error =  0.006605338350585576
Secret Independence =  0.000589065368106079
fidelity error =  0.0030883250854447557
Secret Independence =  0.0002926448776318639
fidelity error =  0.0016748861073852695
Secret Independence =  4.6785113057031896e-05
fidelity error =  0.0020945399428603417
Secret Independence =  3.293059091378058e-05
fidelity error =  0.0014789886077067236
Secret Independence =  3.966019599651158e-05
fidelity error =  0.0008793155966158454
Secret Independence =  6.118446384084609e-05
fidelity error =  0.0005953845811289135
Secret Independence =  1.779746691494042e-05
fidelity error =  0.0005390274026596478
Secret Independence =  1.4036613028628774e-05
fidelity error =  0.0005003208949159636
Secret Independence =  1.767387138595138e-05
fidelity error =  0.0003591734969075372
Secret Independence =  2.337734757791237e-05
fidelity error =  0.00017553505602267325
Secret Independence =  2.9482623091118672e-05
fidelity error =  1.996385329417644e-05
Secret Independence =  1.5376533889646234e-05
fidelity error =  1.1428221570197563e-05
Secret Independence =  1.2299881695566453e-05
fidelity error =  7.629693638101322e-06
Secret Independence =  1.2013051372949961e-05
fidelity error =  5.548691324888716e-06
Secret Independence =  1.197990109785265e-05
fidelity error =  5.388429081242354e-06
/users/home/gustiani/VeriPulse/.venv/lib/python3.14/site-packages/qutip/core/data/expm.py:146: LinAlgWarning: Matrix is singular. The result might be inaccurate or the array might not have a square root.
  return Dense(scipy.linalg.sqrtm(matrix.as_ndarray()))
Saved → /users/home/gustiani/VeriPulse/data/GRAPE_AVG_p40_det0.00_err0.00-lam0.010-4.json
