Secret Independence =  0.4603591414692681
fidelity error =  0.13001665814105812
Secret Independence =  0.4602083386116157
fidelity error =  0.13003438033893208
Secret Independence =  0.4600569189687308
fidelity error =  0.1300521511960014
Secret Independence =  0.45944816756770723
fidelity error =  0.13012317328411943
Secret Independence =  0.456964312358764
fidelity error =  0.13040627065893287
Secret Independence =  0.4553689228654772
fidelity error =  0.1305827911066982
Secret Independence =  0.45519805995067936
fidelity error =  0.1306019075428058
Secret Independence =  0.45502621734221227
fidelity error =  0.1306210879518918
Secret Independence =  0.45485413042499406
fidelity error =  0.1306401620727394
Secret Independence =  0.4541623576049856
fidelity error =  0.1307163860080171
Secret Independence =  0.45380658147250363
fidelity error =  0.1307553099890872
Secret Independence =  0.4536302741527463
fidelity error =  0.13077470943419825
Secret Independence =  0.45292156055450594
fidelity error =  0.13085223397706616
Secret Independence =  0.4526406631788863
fidelity error =  0.1308827611977106
Secret Independence =  0.4524602624117302
fidelity error =  0.13090248005468796
Secret Independence =  0.4517351206401323
fidelity error =  0.13098127554899974
Secret Independence =  0.450957460260637
fidelity error =  0.1310649636074418
Secret Independence =  0.4507709111235483
fidelity error =  0.13108494408679305
Secret Independence =  0.4500210774832795
fidelity error =  0.13116478122875197
Secret Independence =  0.4479262598907944
fidelity error =  0.131383933152125
Secret Independence =  0.4477284287424748
fidelity error =  0.13140477836282038
Secret Independence =  0.4469332976495829
fidelity error =  0.13148806958422082
Secret Independence =  0.44369237936398664
fidelity error =  0.13181978515102064
Secret Independence =  0.44254399078259893
fidelity error =  0.13193448475902164
Secret Independence =  0.4423262568906149
fidelity error =  0.1319566454621372
Secret Independence =  0.4414512185083363
fidelity error =  0.13204518843648763
Secret Independence =  0.43788602810615995
fidelity error =  0.13239774462998616
Secret Independence =  0.435970578554428
fidelity error =  0.1325820342770867
Secret Independence =  0.4357287996483435
fidelity error =  0.13260549036137675
Secret Independence =  0.4347572327439593
fidelity error =  0.13269919788020462
Secret Independence =  0.4308004801510091
fidelity error =  0.13307213698395048
Secret Independence =  0.4243880818340472
fidelity error =  0.13364947103046287
Secret Independence =  0.4241055095211066
fidelity error =  0.13367526799214266
Secret Independence =  0.4229702511873029
fidelity error =  0.13377831037915197
Secret Independence =  0.4194043167835993
fidelity error =  0.13409595097341187
Secret Independence =  0.419104724092231
fidelity error =  0.13412243538705704
Secret Independence =  0.4179012061477734
fidelity error =  0.13422821421139153
Secret Independence =  0.41505621334333564
fidelity error =  0.13447446709102565
Secret Independence =  0.41474250288097625
fidelity error =  0.13450145543745418
Secret Independence =  0.4144278450958936
fidelity error =  0.13452838866964764
Secret Independence =  0.41316391267326813
fidelity error =  0.13463594873358364
Secret Independence =  0.41125068830808176
fidelity error =  0.13479689551079455
Secret Independence =  0.41092514561736404
fidelity error =  0.13482436734995834
Secret Independence =  0.40961758435213025
fidelity error =  0.13493407626578366
Secret Independence =  0.4043023915803209
fidelity error =  0.13537001955601005
Secret Independence =  0.38176987486008734
fidelity error =  0.1370651537592097
Secret Independence =  0.3780943515240018
fidelity error =  0.13732160815003996
Secret Independence =  0.37766974037409956
fidelity error =  0.1373533028056183
Secret Independence =  0.375965365396557
fidelity error =  0.13747980814490895
Secret Independence =  0.3740803010370803
fidelity error =  0.13761841246632955
Secret Independence =  0.3736466978902499
fidelity error =  0.1376504543424002
Secret Independence =  0.3719064421110919
fidelity error =  0.13777834274870254
Secret Independence =  0.3709241526252247
fidelity error =  0.13785003344516422
Secret Independence =  0.37048231378201973
fidelity error =  0.13788219508205676
Secret Independence =  0.36870912157689906
fidelity error =  0.1380105538420982
Secret Independence =  0.3632321223192706
fidelity error =  0.13840003527286832
Secret Independence =  0.36277188058811527
fidelity error =  0.13843283482296942
Secret Independence =  0.3609251742060995
fidelity error =  0.13856371997419126
Secret Independence =  0.3534491688700422
fidelity error =  0.13908218172839093
Secret Independence =  0.3375890959169484
fidelity error =  0.14012654548153464
Secret Independence =  0.33707194211605773
fidelity error =  0.14016088381876443
Secret Independence =  0.3349980386855559
fidelity error =  0.14029785004766196
Secret Independence =  0.33047508364766365
fidelity error =  0.14059254551218137
Secret Independence =  0.32994444294839437
fidelity error =  0.1406269061686738
Secret Independence =  0.3278167823387676
fidelity error =  0.14076393859583455
Secret Independence =  0.31922818056186136
fidelity error =  0.14130541569489302
Secret Independence =  0.31416178198095607
fidelity error =  0.14161642506134098
Secret Independence =  0.31360577840678994
fidelity error =  0.14165108756934447
Secret Independence =  0.3130493804814284
fidelity error =  0.1416855489025512
Secret Independence =  0.3108194151713077
fidelity error =  0.1418229480682521
Secret Independence =  0.30630421514825423
fidelity error =  0.14209770082361173
Secret Independence =  0.30573747169884913
fidelity error =  0.14213201110647128
Secret Independence =  0.30346642108679733
fidelity error =  0.14226878497830922
Secret Independence =  0.29963685840418325
fidelity error =  0.14249687218027418
Secret Independence =  0.29906151379097
fidelity error =  0.14253093876078204
Secret Independence =  0.29826083917594703
fidelity error =  0.1425782290180727
Secret Independence =  0.29768749369479597
fidelity error =  0.14261231430968435
Secret Independence =  0.2973860180127893
fidelity error =  0.14263020921293385
Secret Independence =  0.29681183062843464
fidelity error =  0.1426641354601008
Secret Independence =  0.2945115066299637
fidelity error =  0.14279936061896198
Secret Independence =  0.2914888870608236
fidelity error =  0.1429753866086994
Secret Independence =  0.29090942373058265
fidelity error =  0.14300905371092304
Secret Independence =  0.28858830412414893
fidelity error =  0.14314321561045332
Secret Independence =  0.2849135592013266
fidelity error =  0.1433533703919866
Secret Independence =  0.2843284498818134
fidelity error =  0.1433871850266783
Secret Independence =  0.2819850926174881
fidelity error =  0.14352192726504615
Secret Independence =  0.2725694153672163
fidelity error =  0.14405253866007195
Secret Independence =  0.2723623535724828
fidelity error =  0.14406401773462982
Secret Independence =  0.27176692441031824
fidelity error =  0.14409777520475847
Secret Independence =  0.2693829649648515
fidelity error =  0.14423226346730234
Secret Independence =  0.2598159141894636
fidelity error =  0.14476145113281014
Secret Independence =  0.25324112115635705
fidelity error =  0.14511566124570988
Secret Independence =  0.25263475897477256
fidelity error =  0.14514874827277252
Secret Independence =  0.25020820100507635
fidelity error =  0.1452805128789898
Secret Independence =  0.2456642753341212
fidelity error =  0.14552451317943677
Secret Independence =  0.24505794630906658
fidelity error =  0.1455573315108521
Secret Independence =  0.24445284468825315
fidelity error =  0.14559030554208927
Secret Independence =  0.24432506940757026
fidelity error =  0.1455972604336388
Secret Independence =  0.24372008630662947
fidelity error =  0.14562998461159077
Secret Independence =  0.24129958527552414
fidelity error =  0.14576028995064302
Secret Independence =  0.2394644277846094
fidelity error =  0.1458584250154651
Secret Independence =  0.2388600628224509
fidelity error =  0.14589097516332244
Secret Independence =  0.23644234062310615
fidelity error =  0.1460205836672658
Secret Independence =  0.2325489723779441
fidelity error =  0.14622727867825958
Secret Independence =  0.23194496770776707
fidelity error =  0.1462591755761981
Secret Independence =  0.23126239867217618
fidelity error =  0.146295149651961
Secret Independence =  0.02716746014556208
fidelity error =  0.15129235515563216
Secret Independence =  0.026625789285953518
fidelity error =  0.1512535729687374
Secret Independence =  0.010711925058881855
fidelity error =  0.15197809278160376
Secret Independence =  0.007813979886564572
fidelity error =  0.15058232824127116
Secret Independence =  0.0010269152797993855
fidelity error =  0.1428168397515155
Secret Independence =  0.00014361093704244566
fidelity error =  0.1397775241446304
Secret Independence =  1.7311623415804037e-05
fidelity error =  0.138262562382523
Secret Independence =  1.5516863355886974e-05
fidelity error =  0.13766083296065457
Secret Independence =  5.049113258479394e-05
fidelity error =  0.13407095547719922
Secret Independence =  0.00019436536609995984
fidelity error =  0.12438311934367692
Secret Independence =  0.0005912166294353568
fidelity error =  0.10108237759526029
Secret Independence =  0.000761678288946705
fidelity error =  0.07703788438120662
Secret Independence =  0.0023858860995420875
fidelity error =  0.03427622560371206
Secret Independence =  0.0006761462612309654
fidelity error =  0.059906102386580846
Secret Independence =  0.0003277602275746297
fidelity error =  0.038659897921896266
Secret Independence =  8.29294812127034e-05
fidelity error =  0.03551706436396527
Secret Independence =  0.00033722367921885075
fidelity error =  0.021044999566349414
Secret Independence =  5.888009008210282e-05
fidelity error =  0.018956526564709385
Secret Independence =  2.643790436282756e-05
fidelity error =  0.015106437056474395
Secret Independence =  0.00013681648131963107
fidelity error =  0.005657910446697933
Secret Independence =  6.632551568205855e-05
fidelity error =  0.004095609518690951
Secret Independence =  1.7259900533127498e-05
fidelity error =  0.0036061163308116115
Secret Independence =  1.1202119100330486e-05
fidelity error =  0.002945608405693191
Secret Independence =  2.107457819402133e-05
fidelity error =  0.0016444091165366127
Secret Independence =  2.2119586373390384e-05
fidelity error =  0.0009238221596611859
Secret Independence =  1.4057837850088416e-05
fidelity error =  0.0005356900975924466
Secret Independence =  7.224467043664318e-06
fidelity error =  0.0005198973225688313
Secret Independence =  6.641432557055703e-06
fidelity error =  0.0005037631525870896
Secret Independence =  6.672760540974618e-06
fidelity error =  0.0004890683400841476
Secret Independence =  6.709738546302529e-06
fidelity error =  0.000453184869051711
Secret Independence =  1.1211959552487524e-05
fidelity error =  0.00040074409248103593
Secret Independence =  6.9627389105847375e-06
fidelity error =  0.00043364076107735137
Secret Independence =  6.7046636869815775e-06
fidelity error =  0.00041558285739679067
Secret Independence =  6.693587368610827e-06
fidelity error =  0.0003686546847300852
Secret Independence =  7.1561433813169205e-06
fidelity error =  0.00027979059813895685
Secret Independence =  7.276061197565383e-06
fidelity error =  0.0001422598249591575
Secret Independence =  9.971429501912697e-06
fidelity error =  1.7535651995370552e-05
Secret Independence =  7.419070124796878e-06
fidelity error =  1.0440264497274604e-05
Secret Independence =  6.8943605845965795e-06
fidelity error =  7.397508837132107e-06
Secret Independence =  6.882997536604285e-06
fidelity error =  6.992242193869467e-06
/users/home/gustiani/VeriPulse/.venv/lib/python3.14/site-packages/qutip/core/data/expm.py:146: LinAlgWarning: Matrix is singular. The result might be inaccurate or the array might not have a square root.
  return Dense(scipy.linalg.sqrtm(matrix.as_ndarray()))
Saved → /users/home/gustiani/VeriPulse/data/GRAPE_AVG_p40_det0.00_err0.00-lam0.050-4.json
