Secret Independence =  0.48559124065266224
fidelity error =  0.1304541724439494
Secret Independence =  0.48558331387514475
fidelity error =  0.13045481381061622
Secret Independence =  0.4855753806114209
fidelity error =  0.13045545514012066
Secret Independence =  0.4855436150835756
fidelity error =  0.13045802042816781
Secret Independence =  0.4854160335630389
fidelity error =  0.13046828109960823
Secret Independence =  0.4848974071662788
fidelity error =  0.13050931601573976
Secret Independence =  0.48286801166324766
fidelity error =  0.1306607162914587
Secret Independence =  0.48285787596392016
fidelity error =  0.130661351047391
Secret Independence =  0.4828172913822444
fidelity error =  0.13066389009889035
Secret Independence =  0.4826542847550169
fidelity error =  0.13067404674790487
Secret Independence =  0.48199158158576105
fidelity error =  0.13071468034855901
Secret Independence =  0.47917102448917437
fidelity error =  0.13087732145018527
Secret Independence =  0.4741650650557843
fidelity error =  0.13113481051712528
Secret Independence =  0.4741478507270591
fidelity error =  0.13113540379957295
Secret Independence =  0.4740789224565164
fidelity error =  0.13113777717245095
Secret Independence =  0.4738020747908632
fidelity error =  0.13114727455219846
Secret Independence =  0.47267657658761786
fidelity error =  0.13118532620813617
Secret Independence =  0.47166746173481533
fidelity error =  0.13121872367921117
Secret Independence =  0.4716482326917052
fidelity error =  0.13121929654818382
Secret Independence =  0.4715712376164357
fidelity error =  0.13122158830012887
Secret Independence =  0.47126199574756794
fidelity error =  0.13123075972396786
Secret Independence =  0.4708608023318135
fidelity error =  0.13124258056781665
Secret Independence =  0.4708409742877214
fidelity error =  0.13124314655810435
Secret Independence =  0.470761581283792
fidelity error =  0.13124541081734084
Secret Independence =  0.4704427169716384
fidelity error =  0.1312544726236663
Secret Independence =  0.47013783060498016
fidelity error =  0.13126308988628355
Secret Independence =  0.4701174556928678
fidelity error =  0.1312636458108531
Secret Independence =  0.4700358733200928
fidelity error =  0.13126586978450666
Secret Independence =  0.4697082212341641
fidelity error =  0.13127477008566774
Secret Independence =  0.4683765157857098
fidelity error =  0.13131044182870133
Secret Independence =  0.4634926457333667
fidelity error =  0.13143519962644098
Secret Independence =  0.46346700522271533
fidelity error =  0.13143571202896764
Secret Independence =  0.4633643406837759
fidelity error =  0.13143776219434208
Secret Independence =  0.46295204417490315
fidelity error =  0.13144597174081632
Secret Independence =  0.4612767473406283
fidelity error =  0.131478952127594
Secret Independence =  0.461199865698031
fidelity error =  0.13148045163393088
Secret Independence =  0.4611724786543961
fidelity error =  0.13148093846588568
Secret Independence =  0.4610628221141151
fidelity error =  0.13148288633693406
Secret Independence =  0.46062246391791956
fidelity error =  0.13149068651394835
Secret Independence =  0.45937060989427136
fidelity error =  0.1315126735833255
Secret Independence =  0.4593417912349945
fidelity error =  0.1315131339742525
Secret Independence =  0.4592264031339409
fidelity error =  0.13151497612990642
Secret Independence =  0.45876303732305146
fidelity error =  0.13152235422538078
Secret Independence =  0.45807146612430455
fidelity error =  0.13153330917244974
Secret Independence =  0.4580416861785053
fidelity error =  0.13153377093457616
Secret Independence =  0.4579224496793565
fidelity error =  0.1315356186987423
Secret Independence =  0.4574436383804327
fidelity error =  0.13154302120655303
Secret Independence =  0.45711552477023737
fidelity error =  0.13154807800122215
Secret Independence =  0.4570850714448436
fidelity error =  0.1315485259233477
Secret Independence =  0.45696313944473166
fidelity error =  0.13155031829311561
Secret Independence =  0.4564735145076497
fidelity error =  0.1315574986739701
Secret Independence =  0.4544848087886869
fidelity error =  0.13158639472016836
Secret Independence =  0.45430422441515206
fidelity error =  0.13158899814798058
Secret Independence =  0.45427166894504756
fidelity error =  0.13158938708721768
Secret Independence =  0.45414132139701024
fidelity error =  0.13159094356822892
Secret Independence =  0.45361792309169763
fidelity error =  0.13159718108017524
Secret Independence =  0.4514923663424911
fidelity error =  0.13162231671602576
Secret Independence =  0.4503375593398254
fidelity error =  0.1316358488157365
Secret Independence =  0.4503021310127355
fidelity error =  0.13163622679037343
Secret Independence =  0.45016028354613546
fidelity error =  0.13163773960515507
Secret Independence =  0.44996132520315024
fidelity error =  0.1316398601317212
Secret Independence =  0.4499257686100737
fidelity error =  0.1316402570687124
Secret Independence =  0.44978340846743925
fidelity error =  0.1316418458074316
Secret Independence =  0.44921183063356956
fidelity error =  0.13164821661553633
Secret Independence =  0.4468915212252181
fidelity error =  0.13167395356606926
Secret Independence =  0.4417184393612925
fidelity error =  0.13173069681673683
Secret Independence =  0.441676943564345
fidelity error =  0.13173103303997358
Secret Independence =  0.4415108099448285
fidelity error =  0.1317323790821214
Secret Independence =  0.4408438727606344
fidelity error =  0.13173778163994437
Secret Independence =  0.43813795248910214
fidelity error =  0.13175968621973416
Secret Independence =  0.4292562394282995
fidelity error =  0.13183151419305855
Secret Independence =  0.42920622023960237
fidelity error =  0.13183178430194478
Secret Independence =  0.42900597341909874
fidelity error =  0.13183286629849703
Secret Independence =  0.4282022712820298
fidelity error =  0.1318372192610172
Secret Independence =  0.42494442555161094
fidelity error =  0.13185503073066124
Secret Independence =  0.4224815836007476
fidelity error =  0.13186866925102
Secret Independence =  0.4224272522095417
fidelity error =  0.13186894099499
Secret Independence =  0.4222097490070902
fidelity error =  0.13187002986976337
Secret Independence =  0.42133690132494706
fidelity error =  0.13187441574481557
Secret Independence =  0.42005883092730434
fidelity error =  0.13188088405638623
Secret Independence =  0.42000303564639097
fidelity error =  0.13188117195894522
Secret Independence =  0.41977967468398314
fidelity error =  0.13188232568630126
Secret Independence =  0.4188833611130652
fidelity error =  0.13188697445823402
Secret Independence =  0.41857651054873424
fidelity error =  0.13188857291299189
Secret Independence =  0.4185200209809013
fidelity error =  0.1318888555707154
Secret Independence =  0.41829388352363395
fidelity error =  0.13188998838006927
Secret Independence =  0.4173864746276721
fidelity error =  0.13189455446180764
Secret Independence =  0.4142412518200212
fidelity error =  0.13191063092664754
Secret Independence =  0.4141823091897966
fidelity error =  0.13191090153794371
Secret Independence =  0.41394635765358456
fidelity error =  0.13191198630976592
Secret Independence =  0.41299966390575005
fidelity error =  0.13191636261212822
Secret Independence =  0.41059115565326587
fidelity error =  0.13192766673301543
Secret Independence =  0.41053005700438017
fidelity error =  0.1319278937829904
Secret Independence =  0.4102854790722704
fidelity error =  0.13192880445805744
Secret Independence =  0.4093042432815835
fidelity error =  0.13193248674871527
Secret Independence =  0.4053331169454759
fidelity error =  0.13194784854367098
Secret Independence =  0.38874948223256256
fidelity error =  0.13201935855289007
Secret Independence =  0.3874970689081989
fidelity error =  0.13202520792267203
Secret Independence =  0.38742325986724635
fidelity error =  0.1320253882159015
Secret Independence =  0.38712783402214923
fidelity error =  0.1320261126343133
Secret Independence =  0.38594310947244603
fidelity error =  0.13202906220490768
Secret Independence =  0.3811567579757714
fidelity error =  0.13204168881598416
Secret Independence =  0.3752366493455792
fidelity error =  0.13205882368857172
Secret Independence =  0.37515719952639104
fidelity error =  0.1320590451867635
Secret Independence =  0.3748392154965944
fidelity error =  0.13205993488304288
Secret Independence =  0.37356433922114696
fidelity error =  0.1320635528715895
Secret Independence =  0.3684188157624476
fidelity error =  0.1320789686528528
Secret Independence =  0.3585112027120554
fidelity error =  0.13211216429240938
Secret Independence =  0.3584247549182957
fidelity error =  0.1321123868874918
Secret Independence =  0.35807879065154513
fidelity error =  0.13211328120572774
Secret Independence =  0.3566921829290248
fidelity error =  0.13211692141231357
Secret Independence =  0.3527497118187377
fidelity error =  0.13212775282023426
Secret Independence =  0.35266107091630633
fidelity error =  0.13212795593746274
Secret Independence =  0.35230633973116066
fidelity error =  0.13212877254215605
Secret Independence =  0.3508847536031612
fidelity error =  0.1321321050599762
Secret Independence =  0.34515710277150885
fidelity error =  0.13214648795639716
Secret Independence =  0.33148457064673864
fidelity error =  0.13218675168531174
Secret Independence =  0.33138924863339647
fidelity error =  0.13218694320020566
Secret Independence =  0.3310078205934972
fidelity error =  0.1321877132948932
Secret Independence =  0.32947989153107254
fidelity error =  0.1321908581405155
Secret Independence =  0.32333417638627304
fidelity error =  0.1322044628668016
Secret Independence =  0.31802564534871103
fidelity error =  0.13221741840762286
Secret Independence =  0.3179268570667476
fidelity error =  0.13221762542718327
Secret Independence =  0.31753158402685827
fidelity error =  0.13221845753893577
Secret Independence =  0.3159485978306519
fidelity error =  0.13222185041642837
Secret Independence =  0.31251647677895017
fidelity error =  0.13222953597872483
Secret Independence =  0.31241675424016796
fidelity error =  0.13222970620469146
Secret Independence =  0.31201775392331854
fidelity error =  0.13223039089010358
Secret Independence =  0.31042001498691696
fidelity error =  0.13223319003765027
Secret Independence =  0.3099644018134494
fidelity error =  0.13223400502188748
Secret Independence =  0.3098642387412751
fidelity error =  0.13223421087020246
Secret Independence =  0.30946348054964645
fidelity error =  0.13223503818010263
Secret Independence =  0.30785877846168286
fidelity error =  0.13223840997902442
Secret Independence =  0.30376799359529316
fidelity error =  0.13224742977462392
Secret Independence =  0.30366675766337564
fidelity error =  0.13224762654315608
Secret Independence =  0.30326171882508435
fidelity error =  0.13224841741405705
Secret Independence =  0.30164006732388937
fidelity error =  0.1322516415346127
Secret Independence =  0.2959336404863385
fidelity error =  0.1322637135815089
Secret Independence =  0.2958312470930782
fidelity error =  0.1322639227858865
Secret Independence =  0.29542159224997155
fidelity error =  0.13226476342189272
Secret Independence =  0.29414227706198237
fidelity error =  0.13226742618816506
Secret Independence =  0.29404008631069645
fidelity error =  0.13226756935522188
Secret Independence =  0.2936312464411793
fidelity error =  0.1322681453844905
Secret Independence =  0.29199468304498666
fidelity error =  0.13227050316752914
Secret Independence =  0.2870744057656464
fidelity error =  0.1322780879971631
Secret Independence =  0.2869714608307793
fidelity error =  0.13227816725179234
Secret Independence =  0.2865596183080723
fidelity error =  0.13227848767396488
Secret Independence =  0.28518579620699036
fidelity error =  0.13227959525679764
Secret Independence =  0.285082735195908
fidelity error =  0.1322797079091137
Secret Independence =  0.28467043173772627
fidelity error =  0.13228016200726433
Secret Independence =  0.28302029365828774
fidelity error =  0.1322820340962294
Secret Independence =  0.2764066461684987
fidelity error =  0.1322904055193566
Secret Independence =  0.27328227914528147
fidelity error =  0.13229483689299543
Secret Independence =  0.27317826820651725
fidelity error =  0.13229490186529647
Secret Independence =  0.27276218761955856
fidelity error =  0.13229516516124967
Secret Independence =  0.27109730283217404
fidelity error =  0.13229627272160654
Secret Independence =  0.2666744473344894
fidelity error =  0.13229963143270385
Secret Independence =  0.2665702530708688
fidelity error =  0.1322996760328503
Secret Independence =  0.2661534519533014
fidelity error =  0.13229985754600165
Secret Independence =  0.2644858894299542
fidelity error =  0.13230063326735636
Secret Independence =  0.257811639206639
fidelity error =  0.13230452237868334
Secret Independence =  0.2541916751935189
fidelity error =  0.13230714931948573
Secret Independence =  0.2540874591762104
fidelity error =  0.13230725940918164
Secret Independence =  0.25367059522505575
fidelity error =  0.13230770290038693
Secret Independence =  0.25200316821131613
fidelity error =  0.13230952682675012
Secret Independence =  0.24889456202326427
fidelity error =  0.13231313951513285
Secret Independence =  0.04005166839407112
fidelity error =  0.13410712167510555
Secret Independence =  0.02949103463266726
fidelity error =  0.13509554098655077
Secret Independence =  0.009617350402748744
fidelity error =  0.1375211053114147
Secret Independence =  0.0017541205820869531
fidelity error =  0.13645174897901158
Secret Independence =  0.00027907059956841247
fidelity error =  0.13285761676644522
Secret Independence =  0.00022876880312610863
fidelity error =  0.12665106390226952
Secret Independence =  0.0008343332156821282
fidelity error =  0.11501971002581024
Secret Independence =  0.005163184716213845
fidelity error =  0.06768549670821382
Secret Independence =  0.005830084865505807
fidelity error =  0.03615807213514195
Secret Independence =  0.005292154540960356
fidelity error =  0.003569513093786692
Secret Independence =  0.0025495290263593223
fidelity error =  0.0056232565924933114
Secret Independence =  0.00011634058320383272
fidelity error =  0.0038547318289267963
Secret Independence =  6.273476729165372e-05
fidelity error =  0.0029827625092092975
Secret Independence =  6.40881756577158e-05
fidelity error =  0.0015632822682194007
Secret Independence =  4.2270363224280555e-05
fidelity error =  0.00020973491066569413
Secret Independence =  0.00031486811935019324
fidelity error =  6.247171025053833e-05
Secret Independence =  2.91667570255242e-05
fidelity error =  9.757578392689795e-05
Secret Independence =  6.687345569106893e-06
fidelity error =  1.115642408810516e-05
Secret Independence =  6.318463618412197e-06
fidelity error =  6.600614149492671e-06
Secret Independence =  6.2380468839168845e-06
fidelity error =  6.519389494483663e-06
/users/home/gustiani/VeriPulse/.venv/lib/python3.14/site-packages/qutip/core/data/expm.py:146: LinAlgWarning: Matrix is singular. The result might be inaccurate or the array might not have a square root.
  return Dense(scipy.linalg.sqrtm(matrix.as_ndarray()))
Saved → /users/home/gustiani/VeriPulse/data/GRAPE_AVG_p40_det0.00_err0.00-lam0.010-5.json
