Secret Independence =  0.48121568583412166
fidelity error =  0.14048434533362603
Secret Independence =  0.4810851457909676
fidelity error =  0.14053066237142064
Secret Independence =  0.4809534450317677
fidelity error =  0.1405771493428174
Secret Independence =  0.4804208320856952
fidelity error =  0.14076320624631417
Secret Independence =  0.47819777505172567
fidelity error =  0.14150910968631075
Secret Independence =  0.4748617252989751
fidelity error =  0.14255058161388268
Secret Independence =  0.4746751098139239
fidelity error =  0.1426044676431944
Secret Independence =  0.4739204339106718
fidelity error =  0.14282014117901914
Secret Independence =  0.4736619434321894
fidelity error =  0.1428932098843993
Secret Independence =  0.4734649700151104
fidelity error =  0.14294836317669746
Secret Independence =  0.47266843139122516
fidelity error =  0.1431691093901188
Secret Independence =  0.46934482877214184
fidelity error =  0.144054100410624
Secret Independence =  0.46818355418083657
fidelity error =  0.14435100545605398
Secret Independence =  0.4679390761333072
fidelity error =  0.14441116613493807
Secret Independence =  0.46695054673993086
fidelity error =  0.14465194530398012
Secret Independence =  0.46282795658311576
fidelity error =  0.1456170781820309
Secret Independence =  0.4598501845552194
fidelity error =  0.14627988057266744
Secret Independence =  0.45953393842590445
fidelity error =  0.14634698407420837
Secret Independence =  0.45825549466289606
fidelity error =  0.14661553521385529
Secret Independence =  0.457820354860683
fidelity error =  0.14670597464377452
Secret Independence =  0.45748840377054417
fidelity error =  0.1467741316153497
Secret Independence =  0.4565457986861335
fidelity error =  0.14696618707062514
Secret Independence =  0.45620317892151935
fidelity error =  0.1470352331824118
Secret Independence =  0.45481832016993495
fidelity error =  0.14731153114146175
Secret Independence =  0.4524137537461592
fidelity error =  0.14778120851831372
Secret Independence =  0.4520374526919001
fidelity error =  0.1478530912301605
Secret Independence =  0.45051669466824196
fidelity error =  0.1481407404787582
Secret Independence =  0.44418826266597816
fidelity error =  0.14929292093442703
Secret Independence =  0.43899997517886535
fidelity error =  0.1501904359635272
Secret Independence =  0.4385155773020677
fidelity error =  0.15027051055614704
Secret Independence =  0.4365589163932048
fidelity error =  0.15059089097140405
Secret Independence =  0.4317038117857446
fidelity error =  0.15136590303812825
Secret Independence =  0.4311634032082255
fidelity error =  0.15144973302614337
Secret Independence =  0.4289811327815404
fidelity error =  0.15178510648222904
Secret Independence =  0.4260531975688935
fidelity error =  0.15222749017659806
Secret Independence =  0.4254701390053981
fidelity error =  0.15231417690415794
Secret Independence =  0.4231161713313828
fidelity error =  0.1526609532637337
Secret Independence =  0.41336113049288176
fidelity error =  0.15404793606884395
Secret Independence =  0.3988644237197989
fidelity error =  0.15598318375050882
Secret Independence =  0.39809173685503674
fidelity error =  0.15607979638135566
Secret Independence =  0.39497581135655974
fidelity error =  0.15646608903386067
Secret Independence =  0.39375021718618797
fidelity error =  0.1566166172233458
Secret Independence =  0.39294582955331553
fidelity error =  0.15671487074986845
Secret Independence =  0.3925945691676348
fidelity error =  0.15675767299768545
Secret Independence =  0.39178393949518114
fidelity error =  0.15685648219285697
Secret Independence =  0.3909327743064678
fidelity error =  0.15695988037510816
Secret Independence =  0.3901116964469361
fidelity error =  0.15705916398306302
Secret Independence =  0.38680181017528986
fidelity error =  0.15745611418358502
Secret Independence =  0.3852323588037119
fidelity error =  0.15764255155946805
Secret Independence =  0.38437599985253557
fidelity error =  0.15774338494371606
Secret Independence =  0.3809247422858192
fidelity error =  0.15814648920983201
Secret Independence =  0.37801207631933564
fidelity error =  0.1584827435480032
Secret Independence =  0.3771164322021915
fidelity error =  0.15858502568917915
Secret Independence =  0.3762160537540733
fidelity error =  0.15868727186068995
Secret Independence =  0.3725888585753423
fidelity error =  0.1590959764090169
Secret Independence =  0.36015631594553676
fidelity error =  0.16046066203292597
Secret Independence =  0.35916781843804746
fidelity error =  0.1605652739809737
Secret Independence =  0.355188730095953
fidelity error =  0.1609832553975366
Secret Independence =  0.3457171138818319
fidelity error =  0.1619591323186713
Secret Independence =  0.3446596366642324
fidelity error =  0.16206527536903284
Secret Independence =  0.34040571054396473
fidelity error =  0.16248924838296963
Secret Independence =  0.3403420110831128
fidelity error =  0.1624955611188556
Secret Independence =  0.33926230629044174
fidelity error =  0.16260152240637868
Secret Independence =  0.3349200737599204
fidelity error =  0.16302471184269174
Secret Independence =  0.3302039893374779
fidelity error =  0.16347915698856785
Secret Independence =  0.3290828791238184
fidelity error =  0.16358547229301218
Secret Independence =  0.3245763053309806
fidelity error =  0.1640099867543028
Secret Independence =  0.3224212525183551
fidelity error =  0.1642114194060165
Secret Independence =  0.32127512971940153
fidelity error =  0.1643181475248579
Secret Independence =  0.3182702285792919
fidelity error =  0.16459665168143503
Secret Independence =  0.3171139947713521
fidelity error =  0.16470241063450025
Secret Independence =  0.312469229295657
fidelity error =  0.16512451239014883
Secret Independence =  0.3107496944134554
fidelity error =  0.16527968704342116
Secret Independence =  0.3095744976300352
fidelity error =  0.16538467706025126
Secret Independence =  0.3083958672925544
fidelity error =  0.1654896009526796
Secret Independence =  0.30366310426853704
fidelity error =  0.16590826646305012
Secret Independence =  0.3018857132306809
fidelity error =  0.16606442262984586
Secret Independence =  0.30068536199834395
fidelity error =  0.16616950072457418
Secret Independence =  0.2973610306917342
fidelity error =  0.16645917606782162
Secret Independence =  0.29615035393386724
fidelity error =  0.16656449771620918
Secret Independence =  0.2912918611517853
fidelity error =  0.16698466896245834
Secret Independence =  0.28698340144501583
fidelity error =  0.16735403135241833
Secret Independence =  0.28574944216272025
fidelity error =  0.16745832295208943
Secret Independence =  0.2808001166665589
fidelity error =  0.16787428061824636
Secret Independence =  0.2633709047116282
fidelity error =  0.16931090346768196
Secret Independence =  0.2620969489739797
fidelity error =  0.16941298817688144
Secret Independence =  0.2601199572477124
fidelity error =  0.1695709992792123
Secret Independence =  0.25884500845196645
fidelity error =  0.16967320706431607
Secret Independence =  0.25373834554072017
fidelity error =  0.17008060421775617
Secret Independence =  0.2519857090770963
fidelity error =  0.17021970745419507
Secret Independence =  0.25071096221151257
fidelity error =  0.17032089824508745
Secret Independence =  0.24679645953643842
fidelity error =  0.17063046177808536
Secret Independence =  0.24551960060521474
fidelity error =  0.17073136615937645
Secret Independence =  0.24468890287264303
fidelity error =  0.17079691496357124
Secret Independence =  0.24341496657820996
fidelity error =  0.1708971111508712
Secret Independence =  0.24074311124943276
fidelity error =  0.17110667205475533
Secret Independence =  0.23946881531552683
fidelity error =  0.17120593779553184
Secret Independence =  0.23437026277378106
fidelity error =  0.17160138339263495
Secret Independence =  0.22806971920709862
fidelity error =  0.1720863537214839
Secret Independence =  0.22680383464371157
fidelity error =  0.17218352085554067
Secret Independence =  0.2242268019661864
fidelity error =  0.17238084371099982
Secret Independence =  0.2893621439969893
fidelity error =  0.1595246564084848
Secret Independence =  0.00891882748375805
fidelity error =  0.18730202709001548
Secret Independence =  0.0026757888418982327
fidelity error =  0.18871104386027598
Secret Independence =  0.0005757134017440754
fidelity error =  0.1888777374812255
Secret Independence =  4.527771338851874e-05
fidelity error =  0.18870597999823732
Secret Independence =  6.221608926969228e-06
fidelity error =  0.1886154573450922
Secret Independence =  1.9005611664229032e-06
fidelity error =  0.18839530146874062
Secret Independence =  2.9001603627736848e-06
fidelity error =  0.18798262048538034
Secret Independence =  1.5970100334021396e-05
fidelity error =  0.18576726132056542
Secret Independence =  5.660494438144722e-05
fidelity error =  0.18038906460816523
Secret Independence =  0.000192330502951438
fidelity error =  0.16641983847302486
Secret Independence =  0.00025590815965405024
fidelity error =  0.15413091085805675
Secret Independence =  0.0012538203994051007
fidelity error =  0.10642727712953523
Secret Independence =  0.00037367695344769024
fidelity error =  0.12922513344448427
Secret Independence =  0.0005432639522014941
fidelity error =  0.09226741327081533
Secret Independence =  0.000845826545359922
fidelity error =  0.08274446060687649
Secret Independence =  9.243594425428718e-05
fidelity error =  0.08782316292898247
Secret Independence =  5.677478866130886e-05
fidelity error =  0.0763931369917297
Secret Independence =  7.439766487525227e-05
fidelity error =  0.06597285477080252
Secret Independence =  8.617978722054396e-05
fidelity error =  0.05919032512012361
Secret Independence =  0.00018664332261417215
fidelity error =  0.041588373052096894
Secret Independence =  9.978761409217525e-05
fidelity error =  0.03653714522776438
Secret Independence =  4.321716021068416e-05
fidelity error =  0.031045976676996594
Secret Independence =  2.443977242110889e-05
fidelity error =  0.02889886606824548
Secret Independence =  2.3580121002223806e-05
fidelity error =  0.026700348243324668
Secret Independence =  4.038860219997498e-05
fidelity error =  0.021577780980636143
Secret Independence =  0.00011009483667243775
fidelity error =  0.013552702427375446
Secret Independence =  4.363747504220565e-05
fidelity error =  0.01248342184074724
Secret Independence =  1.7226690462663926e-05
fidelity error =  0.010732552301059657
Secret Independence =  1.3520199938475965e-05
fidelity error =  0.009400054735457169
Secret Independence =  2.1795120887812883e-05
fidelity error =  0.006872981580484768
Secret Independence =  4.4034717380370635e-05
fidelity error =  0.003855033335855052
Secret Independence =  2.3818886253451304e-05
fidelity error =  0.0029496567690369215
Secret Independence =  1.0251602102209688e-05
fidelity error =  0.0026383117521902857
Secret Independence =  9.756823085752144e-06
fidelity error =  0.0022403609485689975
Secret Independence =  1.0612453433989255e-05
fidelity error =  0.0017919770386344905
Secret Independence =  1.1072013011871427e-05
fidelity error =  0.0012521044431910685
Secret Independence =  1.596300538809503e-05
fidelity error =  0.0003580939108252257
Secret Independence =  1.0171371295246015e-05
fidelity error =  0.00023054228030504697
Secret Independence =  8.221717565088679e-06
fidelity error =  0.00017255379739563472
Secret Independence =  8.102462610461634e-06
fidelity error =  0.0001293056871226147
Secret Independence =  7.98260492946268e-06
fidelity error =  0.00010758132767420535
Secret Independence =  7.938329578069511e-06
fidelity error =  8.109681229019874e-05
Secret Independence =  7.928032227181965e-06
fidelity error =  3.264873030065946e-05
Secret Independence =  7.888783907612633e-06
fidelity error =  1.8390891809989746e-05
Secret Independence =  7.701599819641028e-06
fidelity error =  1.7619699108547354e-05
Secret Independence =  7.688520438773262e-06
fidelity error =  1.712941713586295e-05
Secret Independence =  7.682678798992432e-06
fidelity error =  1.6872216020851025e-05
/users/home/gustiani/VeriPulse/.venv/lib/python3.14/site-packages/qutip/core/data/expm.py:146: LinAlgWarning: Matrix is singular. The result might be inaccurate or the array might not have a square root.
  return Dense(scipy.linalg.sqrtm(matrix.as_ndarray()))
Saved → /users/home/gustiani/VeriPulse/data/GRAPE_AVG_p40_det0.00_err0.00-lam0.100-3.json
